ERW caiso_prices run 20260925T065920Z
gridstatus 0.36.0, pandas 2.3.3, python 3.14.7
window: 30 operating days, 2026-08-25 00:00:00-07:00 to 2026-09-24 00:00:00-07:00 (exclusive), UTC [2026-08-25T07:00:00Z, 2026-09-24T07:00:00Z)
raw files: warehouse\raw\caiso\20260925T065920Z
DAM: CAISO OASIS PRC_LMP via CAISO.get_lmp(DAY_AHEAD_HOURLY)
  DAM 2026-08-25: 72 rows from 2 file(s)
    20260925T065920.870647Z_00001_SingleZip_resultformat_6_queryname_PRC_LMP_version_12_market_run_id_DA https://oasis.caiso.com/oasisapi/SingleZip?resultformat=6&queryname=PRC_LMP&version=12&market_run_id=DAM&node=TH_NP15_GEN-APND,TH_SP15_GEN-APND,TH_ZP26_GEN-APND&startdatetime=20260825T07:00-0000&enddatetime=20260826T07:00-0000 last-modified=
    20260925T065920.870647Z_00001_SingleZip_resultformat_6_queryname_PRC_LMP_version_12_market_run_id_DA https://oasis.caiso.com/oasisapi/SingleZip?resultformat=6&queryname=PRC_LMP&version=12&market_run_id=DAM&node=TH_NP15_GEN-APND,TH_SP15_GEN-APND,TH_ZP26_GEN-APND&startdatetime=20260825T07:00-0000&enddatetime=20260826T07:00-0000 last-modified=
  DAM 2026-08-26: 72 rows from 2 file(s)
    20260925T065926.361919Z_00003_SingleZip_resultformat_6_queryname_PRC_LMP_version_12_market_run_id_DA https://oasis.caiso.com/oasisapi/SingleZip?resultformat=6&queryname=PRC_LMP&version=12&market_run_id=DAM&node=TH_NP15_GEN-APND,TH_SP15_GEN-APND,TH_ZP26_GEN-APND&startdatetime=20260826T07:00-0000&enddatetime=20260827T07:00-0000 last-modified=
    20260925T065926.361919Z_00003_SingleZip_resultformat_6_queryname_PRC_LMP_version_12_market_run_id_DA https://oasis.caiso.com/oasisapi/SingleZip?resultformat=6&queryname=PRC_LMP&version=12&market_run_id=DAM&node=TH_NP15_GEN-APND,TH_SP15_GEN-APND,TH_ZP26_GEN-APND&startdatetime=20260826T07:00-0000&enddatetime=20260827T07:00-0000 last-modified=
  DAM 2026-08-27: 72 rows from 2 file(s)
    20260925T065931.807041Z_00005_SingleZip_resultformat_6_queryname_PRC_LMP_version_12_market_run_id_DA https://oasis.caiso.com/oasisapi/SingleZip?resultformat=6&queryname=PRC_LMP&version=12&market_run_id=DAM&node=TH_NP15_GEN-APND,TH_SP15_GEN-APND,TH_ZP26_GEN-APND&startdatetime=20260827T07:00-0000&enddatetime=20260828T07:00-0000 last-modified=
    20260925T065931.807041Z_00005_SingleZip_resultformat_6_queryname_PRC_LMP_version_12_market_run_id_DA https://oasis.caiso.com/oasisapi/SingleZip?resultformat=6&queryname=PRC_LMP&version=12&market_run_id=DAM&node=TH_NP15_GEN-APND,TH_SP15_GEN-APND,TH_ZP26_GEN-APND&startdatetime=20260827T07:00-0000&enddatetime=20260828T07:00-0000 last-modified=
  DAM 2026-08-28: 72 rows from 2 file(s)
    20260925T065937.343614Z_00007_SingleZip_resultformat_6_queryname_PRC_LMP_version_12_market_run_id_DA https://oasis.caiso.com/oasisapi/SingleZip?resultformat=6&queryname=PRC_LMP&version=12&market_run_id=DAM&node=TH_NP15_GEN-APND,TH_SP15_GEN-APND,TH_ZP26_GEN-APND&startdatetime=20260828T07:00-0000&enddatetime=20260829T07:00-0000 last-modified=
    20260925T065937.343614Z_00007_SingleZip_resultformat_6_queryname_PRC_LMP_version_12_market_run_id_DA https://oasis.caiso.com/oasisapi/SingleZip?resultformat=6&queryname=PRC_LMP&version=12&market_run_id=DAM&node=TH_NP15_GEN-APND,TH_SP15_GEN-APND,TH_ZP26_GEN-APND&startdatetime=20260828T07:00-0000&enddatetime=20260829T07:00-0000 last-modified=
  DAM 2026-08-29: 72 rows from 2 file(s)
    20260925T065942.838120Z_00009_SingleZip_resultformat_6_queryname_PRC_LMP_version_12_market_run_id_DA https://oasis.caiso.com/oasisapi/SingleZip?resultformat=6&queryname=PRC_LMP&version=12&market_run_id=DAM&node=TH_NP15_GEN-APND,TH_SP15_GEN-APND,TH_ZP26_GEN-APND&startdatetime=20260829T07:00-0000&enddatetime=20260830T07:00-0000 last-modified=
    20260925T065942.838120Z_00009_SingleZip_resultformat_6_queryname_PRC_LMP_version_12_market_run_id_DA https://oasis.caiso.com/oasisapi/SingleZip?resultformat=6&queryname=PRC_LMP&version=12&market_run_id=DAM&node=TH_NP15_GEN-APND,TH_SP15_GEN-APND,TH_ZP26_GEN-APND&startdatetime=20260829T07:00-0000&enddatetime=20260830T07:00-0000 last-modified=
  DAM 2026-08-30: 72 rows from 2 file(s)
    20260925T065948.235226Z_00011_SingleZip_resultformat_6_queryname_PRC_LMP_version_12_market_run_id_DA https://oasis.caiso.com/oasisapi/SingleZip?resultformat=6&queryname=PRC_LMP&version=12&market_run_id=DAM&node=TH_NP15_GEN-APND,TH_SP15_GEN-APND,TH_ZP26_GEN-APND&startdatetime=20260830T07:00-0000&enddatetime=20260831T07:00-0000 last-modified=
    20260925T065948.235226Z_00011_SingleZip_resultformat_6_queryname_PRC_LMP_version_12_market_run_id_DA https://oasis.caiso.com/oasisapi/SingleZip?resultformat=6&queryname=PRC_LMP&version=12&market_run_id=DAM&node=TH_NP15_GEN-APND,TH_SP15_GEN-APND,TH_ZP26_GEN-APND&startdatetime=20260830T07:00-0000&enddatetime=20260831T07:00-0000 last-modified=
  DAM 2026-08-31: 72 rows from 2 file(s)
    20260925T065953.660182Z_00013_SingleZip_resultformat_6_queryname_PRC_LMP_version_12_market_run_id_DA https://oasis.caiso.com/oasisapi/SingleZip?resultformat=6&queryname=PRC_LMP&version=12&market_run_id=DAM&node=TH_NP15_GEN-APND,TH_SP15_GEN-APND,TH_ZP26_GEN-APND&startdatetime=20260831T07:00-0000&enddatetime=20260901T07:00-0000 last-modified=
    20260925T065953.660182Z_00013_SingleZip_resultformat_6_queryname_PRC_LMP_version_12_market_run_id_DA https://oasis.caiso.com/oasisapi/SingleZip?resultformat=6&queryname=PRC_LMP&version=12&market_run_id=DAM&node=TH_NP15_GEN-APND,TH_SP15_GEN-APND,TH_ZP26_GEN-APND&startdatetime=20260831T07:00-0000&enddatetime=20260901T07:00-0000 last-modified=
  DAM 2026-09-01: 72 rows from 2 file(s)
    20260925T065959.057840Z_00015_SingleZip_resultformat_6_queryname_PRC_LMP_version_12_market_run_id_DA https://oasis.caiso.com/oasisapi/SingleZip?resultformat=6&queryname=PRC_LMP&version=12&market_run_id=DAM&node=TH_NP15_GEN-APND,TH_SP15_GEN-APND,TH_ZP26_GEN-APND&startdatetime=20260901T07:00-0000&enddatetime=20260902T07:00-0000 last-modified=
    20260925T065959.057840Z_00015_SingleZip_resultformat_6_queryname_PRC_LMP_version_12_market_run_id_DA https://oasis.caiso.com/oasisapi/SingleZip?resultformat=6&queryname=PRC_LMP&version=12&market_run_id=DAM&node=TH_NP15_GEN-APND,TH_SP15_GEN-APND,TH_ZP26_GEN-APND&startdatetime=20260901T07:00-0000&enddatetime=20260902T07:00-0000 last-modified=
  DAM 2026-09-02: 72 rows from 2 file(s)
    20260925T070004.530156Z_00017_SingleZip_resultformat_6_queryname_PRC_LMP_version_12_market_run_id_DA https://oasis.caiso.com/oasisapi/SingleZip?resultformat=6&queryname=PRC_LMP&version=12&market_run_id=DAM&node=TH_NP15_GEN-APND,TH_SP15_GEN-APND,TH_ZP26_GEN-APND&startdatetime=20260902T07:00-0000&enddatetime=20260903T07:00-0000 last-modified=
    20260925T070004.530156Z_00017_SingleZip_resultformat_6_queryname_PRC_LMP_version_12_market_run_id_DA https://oasis.caiso.com/oasisapi/SingleZip?resultformat=6&queryname=PRC_LMP&version=12&market_run_id=DAM&node=TH_NP15_GEN-APND,TH_SP15_GEN-APND,TH_ZP26_GEN-APND&startdatetime=20260902T07:00-0000&enddatetime=20260903T07:00-0000 last-modified=
  DAM 2026-09-03: 72 rows from 2 file(s)
    20260925T070009.913470Z_00019_SingleZip_resultformat_6_queryname_PRC_LMP_version_12_market_run_id_DA https://oasis.caiso.com/oasisapi/SingleZip?resultformat=6&queryname=PRC_LMP&version=12&market_run_id=DAM&node=TH_NP15_GEN-APND,TH_SP15_GEN-APND,TH_ZP26_GEN-APND&startdatetime=20260903T07:00-0000&enddatetime=20260904T07:00-0000 last-modified=
    20260925T070009.913470Z_00019_SingleZip_resultformat_6_queryname_PRC_LMP_version_12_market_run_id_DA https://oasis.caiso.com/oasisapi/SingleZip?resultformat=6&queryname=PRC_LMP&version=12&market_run_id=DAM&node=TH_NP15_GEN-APND,TH_SP15_GEN-APND,TH_ZP26_GEN-APND&startdatetime=20260903T07:00-0000&enddatetime=20260904T07:00-0000 last-modified=
  DAM 2026-09-04: 72 rows from 2 file(s)
    20260925T070015.641856Z_00021_SingleZip_resultformat_6_queryname_PRC_LMP_version_12_market_run_id_DA https://oasis.caiso.com/oasisapi/SingleZip?resultformat=6&queryname=PRC_LMP&version=12&market_run_id=DAM&node=TH_NP15_GEN-APND,TH_SP15_GEN-APND,TH_ZP26_GEN-APND&startdatetime=20260904T07:00-0000&enddatetime=20260905T07:00-0000 last-modified=
    20260925T070015.641856Z_00021_SingleZip_resultformat_6_queryname_PRC_LMP_version_12_market_run_id_DA https://oasis.caiso.com/oasisapi/SingleZip?resultformat=6&queryname=PRC_LMP&version=12&market_run_id=DAM&node=TH_NP15_GEN-APND,TH_SP15_GEN-APND,TH_ZP26_GEN-APND&startdatetime=20260904T07:00-0000&enddatetime=20260905T07:00-0000 last-modified=
  DAM 2026-09-05: 72 rows from 2 file(s)
    20260925T070021.122475Z_00023_SingleZip_resultformat_6_queryname_PRC_LMP_version_12_market_run_id_DA https://oasis.caiso.com/oasisapi/SingleZip?resultformat=6&queryname=PRC_LMP&version=12&market_run_id=DAM&node=TH_NP15_GEN-APND,TH_SP15_GEN-APND,TH_ZP26_GEN-APND&startdatetime=20260905T07:00-0000&enddatetime=20260906T07:00-0000 last-modified=
    20260925T070021.122475Z_00023_SingleZip_resultformat_6_queryname_PRC_LMP_version_12_market_run_id_DA https://oasis.caiso.com/oasisapi/SingleZip?resultformat=6&queryname=PRC_LMP&version=12&market_run_id=DAM&node=TH_NP15_GEN-APND,TH_SP15_GEN-APND,TH_ZP26_GEN-APND&startdatetime=20260905T07:00-0000&enddatetime=20260906T07:00-0000 last-modified=
  DAM 2026-09-06: 72 rows from 2 file(s)
    20260925T070026.558964Z_00025_SingleZip_resultformat_6_queryname_PRC_LMP_version_12_market_run_id_DA https://oasis.caiso.com/oasisapi/SingleZip?resultformat=6&queryname=PRC_LMP&version=12&market_run_id=DAM&node=TH_NP15_GEN-APND,TH_SP15_GEN-APND,TH_ZP26_GEN-APND&startdatetime=20260906T07:00-0000&enddatetime=20260907T07:00-0000 last-modified=
    20260925T070026.558964Z_00025_SingleZip_resultformat_6_queryname_PRC_LMP_version_12_market_run_id_DA https://oasis.caiso.com/oasisapi/SingleZip?resultformat=6&queryname=PRC_LMP&version=12&market_run_id=DAM&node=TH_NP15_GEN-APND,TH_SP15_GEN-APND,TH_ZP26_GEN-APND&startdatetime=20260906T07:00-0000&enddatetime=20260907T07:00-0000 last-modified=
  DAM 2026-09-07: 72 rows from 2 file(s)
    20260925T070031.997855Z_00027_SingleZip_resultformat_6_queryname_PRC_LMP_version_12_market_run_id_DA https://oasis.caiso.com/oasisapi/SingleZip?resultformat=6&queryname=PRC_LMP&version=12&market_run_id=DAM&node=TH_NP15_GEN-APND,TH_SP15_GEN-APND,TH_ZP26_GEN-APND&startdatetime=20260907T07:00-0000&enddatetime=20260908T07:00-0000 last-modified=
    20260925T070031.997855Z_00027_SingleZip_resultformat_6_queryname_PRC_LMP_version_12_market_run_id_DA https://oasis.caiso.com/oasisapi/SingleZip?resultformat=6&queryname=PRC_LMP&version=12&market_run_id=DAM&node=TH_NP15_GEN-APND,TH_SP15_GEN-APND,TH_ZP26_GEN-APND&startdatetime=20260907T07:00-0000&enddatetime=20260908T07:00-0000 last-modified=
  DAM 2026-09-08: 72 rows from 2 file(s)
    20260925T070037.383954Z_00029_SingleZip_resultformat_6_queryname_PRC_LMP_version_12_market_run_id_DA https://oasis.caiso.com/oasisapi/SingleZip?resultformat=6&queryname=PRC_LMP&version=12&market_run_id=DAM&node=TH_NP15_GEN-APND,TH_SP15_GEN-APND,TH_ZP26_GEN-APND&startdatetime=20260908T07:00-0000&enddatetime=20260909T07:00-0000 last-modified=
    20260925T070037.383954Z_00029_SingleZip_resultformat_6_queryname_PRC_LMP_version_12_market_run_id_DA https://oasis.caiso.com/oasisapi/SingleZip?resultformat=6&queryname=PRC_LMP&version=12&market_run_id=DAM&node=TH_NP15_GEN-APND,TH_SP15_GEN-APND,TH_ZP26_GEN-APND&startdatetime=20260908T07:00-0000&enddatetime=20260909T07:00-0000 last-modified=
  DAM 2026-09-09: 72 rows from 2 file(s)
    20260925T070042.792069Z_00031_SingleZip_resultformat_6_queryname_PRC_LMP_version_12_market_run_id_DA https://oasis.caiso.com/oasisapi/SingleZip?resultformat=6&queryname=PRC_LMP&version=12&market_run_id=DAM&node=TH_NP15_GEN-APND,TH_SP15_GEN-APND,TH_ZP26_GEN-APND&startdatetime=20260909T07:00-0000&enddatetime=20260910T07:00-0000 last-modified=
    20260925T070042.792069Z_00031_SingleZip_resultformat_6_queryname_PRC_LMP_version_12_market_run_id_DA https://oasis.caiso.com/oasisapi/SingleZip?resultformat=6&queryname=PRC_LMP&version=12&market_run_id=DAM&node=TH_NP15_GEN-APND,TH_SP15_GEN-APND,TH_ZP26_GEN-APND&startdatetime=20260909T07:00-0000&enddatetime=20260910T07:00-0000 last-modified=
  DAM 2026-09-10: 72 rows from 2 file(s)
    20260925T070048.241016Z_00033_SingleZip_resultformat_6_queryname_PRC_LMP_version_12_market_run_id_DA https://oasis.caiso.com/oasisapi/SingleZip?resultformat=6&queryname=PRC_LMP&version=12&market_run_id=DAM&node=TH_NP15_GEN-APND,TH_SP15_GEN-APND,TH_ZP26_GEN-APND&startdatetime=20260910T07:00-0000&enddatetime=20260911T07:00-0000 last-modified=
    20260925T070048.241016Z_00033_SingleZip_resultformat_6_queryname_PRC_LMP_version_12_market_run_id_DA https://oasis.caiso.com/oasisapi/SingleZip?resultformat=6&queryname=PRC_LMP&version=12&market_run_id=DAM&node=TH_NP15_GEN-APND,TH_SP15_GEN-APND,TH_ZP26_GEN-APND&startdatetime=20260910T07:00-0000&enddatetime=20260911T07:00-0000 last-modified=
  DAM 2026-09-11: 72 rows from 2 file(s)
    20260925T070053.652250Z_00035_SingleZip_resultformat_6_queryname_PRC_LMP_version_12_market_run_id_DA https://oasis.caiso.com/oasisapi/SingleZip?resultformat=6&queryname=PRC_LMP&version=12&market_run_id=DAM&node=TH_NP15_GEN-APND,TH_SP15_GEN-APND,TH_ZP26_GEN-APND&startdatetime=20260911T07:00-0000&enddatetime=20260912T07:00-0000 last-modified=
    20260925T070053.652250Z_00035_SingleZip_resultformat_6_queryname_PRC_LMP_version_12_market_run_id_DA https://oasis.caiso.com/oasisapi/SingleZip?resultformat=6&queryname=PRC_LMP&version=12&market_run_id=DAM&node=TH_NP15_GEN-APND,TH_SP15_GEN-APND,TH_ZP26_GEN-APND&startdatetime=20260911T07:00-0000&enddatetime=20260912T07:00-0000 last-modified=
  DAM 2026-09-12: 72 rows from 2 file(s)
    20260925T070059.045788Z_00037_SingleZip_resultformat_6_queryname_PRC_LMP_version_12_market_run_id_DA https://oasis.caiso.com/oasisapi/SingleZip?resultformat=6&queryname=PRC_LMP&version=12&market_run_id=DAM&node=TH_NP15_GEN-APND,TH_SP15_GEN-APND,TH_ZP26_GEN-APND&startdatetime=20260912T07:00-0000&enddatetime=20260913T07:00-0000 last-modified=
    20260925T070059.045788Z_00037_SingleZip_resultformat_6_queryname_PRC_LMP_version_12_market_run_id_DA https://oasis.caiso.com/oasisapi/SingleZip?resultformat=6&queryname=PRC_LMP&version=12&market_run_id=DAM&node=TH_NP15_GEN-APND,TH_SP15_GEN-APND,TH_ZP26_GEN-APND&startdatetime=20260912T07:00-0000&enddatetime=20260913T07:00-0000 last-modified=
  DAM 2026-09-13: 72 rows from 2 file(s)
    20260925T070104.525950Z_00039_SingleZip_resultformat_6_queryname_PRC_LMP_version_12_market_run_id_DA https://oasis.caiso.com/oasisapi/SingleZip?resultformat=6&queryname=PRC_LMP&version=12&market_run_id=DAM&node=TH_NP15_GEN-APND,TH_SP15_GEN-APND,TH_ZP26_GEN-APND&startdatetime=20260913T07:00-0000&enddatetime=20260914T07:00-0000 last-modified=
    20260925T070104.525950Z_00039_SingleZip_resultformat_6_queryname_PRC_LMP_version_12_market_run_id_DA https://oasis.caiso.com/oasisapi/SingleZip?resultformat=6&queryname=PRC_LMP&version=12&market_run_id=DAM&node=TH_NP15_GEN-APND,TH_SP15_GEN-APND,TH_ZP26_GEN-APND&startdatetime=20260913T07:00-0000&enddatetime=20260914T07:00-0000 last-modified=
  DAM 2026-09-14: 72 rows from 2 file(s)
    20260925T070109.901354Z_00041_SingleZip_resultformat_6_queryname_PRC_LMP_version_12_market_run_id_DA https://oasis.caiso.com/oasisapi/SingleZip?resultformat=6&queryname=PRC_LMP&version=12&market_run_id=DAM&node=TH_NP15_GEN-APND,TH_SP15_GEN-APND,TH_ZP26_GEN-APND&startdatetime=20260914T07:00-0000&enddatetime=20260915T07:00-0000 last-modified=
    20260925T070109.901354Z_00041_SingleZip_resultformat_6_queryname_PRC_LMP_version_12_market_run_id_DA https://oasis.caiso.com/oasisapi/SingleZip?resultformat=6&queryname=PRC_LMP&version=12&market_run_id=DAM&node=TH_NP15_GEN-APND,TH_SP15_GEN-APND,TH_ZP26_GEN-APND&startdatetime=20260914T07:00-0000&enddatetime=20260915T07:00-0000 last-modified=
  DAM 2026-09-15: 72 rows from 2 file(s)
    20260925T070115.317542Z_00043_SingleZip_resultformat_6_queryname_PRC_LMP_version_12_market_run_id_DA https://oasis.caiso.com/oasisapi/SingleZip?resultformat=6&queryname=PRC_LMP&version=12&market_run_id=DAM&node=TH_NP15_GEN-APND,TH_SP15_GEN-APND,TH_ZP26_GEN-APND&startdatetime=20260915T07:00-0000&enddatetime=20260916T07:00-0000 last-modified=
    20260925T070115.317542Z_00043_SingleZip_resultformat_6_queryname_PRC_LMP_version_12_market_run_id_DA https://oasis.caiso.com/oasisapi/SingleZip?resultformat=6&queryname=PRC_LMP&version=12&market_run_id=DAM&node=TH_NP15_GEN-APND,TH_SP15_GEN-APND,TH_ZP26_GEN-APND&startdatetime=20260915T07:00-0000&enddatetime=20260916T07:00-0000 last-modified=
  DAM 2026-09-16: 72 rows from 2 file(s)
    20260925T070120.987097Z_00045_SingleZip_resultformat_6_queryname_PRC_LMP_version_12_market_run_id_DA https://oasis.caiso.com/oasisapi/SingleZip?resultformat=6&queryname=PRC_LMP&version=12&market_run_id=DAM&node=TH_NP15_GEN-APND,TH_SP15_GEN-APND,TH_ZP26_GEN-APND&startdatetime=20260916T07:00-0000&enddatetime=20260917T07:00-0000 last-modified=
    20260925T070120.987097Z_00045_SingleZip_resultformat_6_queryname_PRC_LMP_version_12_market_run_id_DA https://oasis.caiso.com/oasisapi/SingleZip?resultformat=6&queryname=PRC_LMP&version=12&market_run_id=DAM&node=TH_NP15_GEN-APND,TH_SP15_GEN-APND,TH_ZP26_GEN-APND&startdatetime=20260916T07:00-0000&enddatetime=20260917T07:00-0000 last-modified=
  DAM 2026-09-17: 72 rows from 2 file(s)
    20260925T070126.375213Z_00047_SingleZip_resultformat_6_queryname_PRC_LMP_version_12_market_run_id_DA https://oasis.caiso.com/oasisapi/SingleZip?resultformat=6&queryname=PRC_LMP&version=12&market_run_id=DAM&node=TH_NP15_GEN-APND,TH_SP15_GEN-APND,TH_ZP26_GEN-APND&startdatetime=20260917T07:00-0000&enddatetime=20260918T07:00-0000 last-modified=
    20260925T070126.375213Z_00047_SingleZip_resultformat_6_queryname_PRC_LMP_version_12_market_run_id_DA https://oasis.caiso.com/oasisapi/SingleZip?resultformat=6&queryname=PRC_LMP&version=12&market_run_id=DAM&node=TH_NP15_GEN-APND,TH_SP15_GEN-APND,TH_ZP26_GEN-APND&startdatetime=20260917T07:00-0000&enddatetime=20260918T07:00-0000 last-modified=
  DAM 2026-09-18: 72 rows from 2 file(s)
    20260925T070131.747183Z_00049_SingleZip_resultformat_6_queryname_PRC_LMP_version_12_market_run_id_DA https://oasis.caiso.com/oasisapi/SingleZip?resultformat=6&queryname=PRC_LMP&version=12&market_run_id=DAM&node=TH_NP15_GEN-APND,TH_SP15_GEN-APND,TH_ZP26_GEN-APND&startdatetime=20260918T07:00-0000&enddatetime=20260919T07:00-0000 last-modified=
    20260925T070131.747183Z_00049_SingleZip_resultformat_6_queryname_PRC_LMP_version_12_market_run_id_DA https://oasis.caiso.com/oasisapi/SingleZip?resultformat=6&queryname=PRC_LMP&version=12&market_run_id=DAM&node=TH_NP15_GEN-APND,TH_SP15_GEN-APND,TH_ZP26_GEN-APND&startdatetime=20260918T07:00-0000&enddatetime=20260919T07:00-0000 last-modified=
  DAM 2026-09-19: 72 rows from 2 file(s)
    20260925T070137.160669Z_00051_SingleZip_resultformat_6_queryname_PRC_LMP_version_12_market_run_id_DA https://oasis.caiso.com/oasisapi/SingleZip?resultformat=6&queryname=PRC_LMP&version=12&market_run_id=DAM&node=TH_NP15_GEN-APND,TH_SP15_GEN-APND,TH_ZP26_GEN-APND&startdatetime=20260919T07:00-0000&enddatetime=20260920T07:00-0000 last-modified=
    20260925T070137.160669Z_00051_SingleZip_resultformat_6_queryname_PRC_LMP_version_12_market_run_id_DA https://oasis.caiso.com/oasisapi/SingleZip?resultformat=6&queryname=PRC_LMP&version=12&market_run_id=DAM&node=TH_NP15_GEN-APND,TH_SP15_GEN-APND,TH_ZP26_GEN-APND&startdatetime=20260919T07:00-0000&enddatetime=20260920T07:00-0000 last-modified=
  DAM 2026-09-20: 72 rows from 2 file(s)
    20260925T070142.555838Z_00053_SingleZip_resultformat_6_queryname_PRC_LMP_version_12_market_run_id_DA https://oasis.caiso.com/oasisapi/SingleZip?resultformat=6&queryname=PRC_LMP&version=12&market_run_id=DAM&node=TH_NP15_GEN-APND,TH_SP15_GEN-APND,TH_ZP26_GEN-APND&startdatetime=20260920T07:00-0000&enddatetime=20260921T07:00-0000 last-modified=
    20260925T070142.555838Z_00053_SingleZip_resultformat_6_queryname_PRC_LMP_version_12_market_run_id_DA https://oasis.caiso.com/oasisapi/SingleZip?resultformat=6&queryname=PRC_LMP&version=12&market_run_id=DAM&node=TH_NP15_GEN-APND,TH_SP15_GEN-APND,TH_ZP26_GEN-APND&startdatetime=20260920T07:00-0000&enddatetime=20260921T07:00-0000 last-modified=
  DAM 2026-09-21: 72 rows from 2 file(s)
    20260925T070147.991272Z_00055_SingleZip_resultformat_6_queryname_PRC_LMP_version_12_market_run_id_DA https://oasis.caiso.com/oasisapi/SingleZip?resultformat=6&queryname=PRC_LMP&version=12&market_run_id=DAM&node=TH_NP15_GEN-APND,TH_SP15_GEN-APND,TH_ZP26_GEN-APND&startdatetime=20260921T07:00-0000&enddatetime=20260922T07:00-0000 last-modified=
    20260925T070147.991272Z_00055_SingleZip_resultformat_6_queryname_PRC_LMP_version_12_market_run_id_DA https://oasis.caiso.com/oasisapi/SingleZip?resultformat=6&queryname=PRC_LMP&version=12&market_run_id=DAM&node=TH_NP15_GEN-APND,TH_SP15_GEN-APND,TH_ZP26_GEN-APND&startdatetime=20260921T07:00-0000&enddatetime=20260922T07:00-0000 last-modified=
  DAM 2026-09-22: 72 rows from 2 file(s)
    20260925T070153.441297Z_00057_SingleZip_resultformat_6_queryname_PRC_LMP_version_12_market_run_id_DA https://oasis.caiso.com/oasisapi/SingleZip?resultformat=6&queryname=PRC_LMP&version=12&market_run_id=DAM&node=TH_NP15_GEN-APND,TH_SP15_GEN-APND,TH_ZP26_GEN-APND&startdatetime=20260922T07:00-0000&enddatetime=20260923T07:00-0000 last-modified=
    20260925T070153.441297Z_00057_SingleZip_resultformat_6_queryname_PRC_LMP_version_12_market_run_id_DA https://oasis.caiso.com/oasisapi/SingleZip?resultformat=6&queryname=PRC_LMP&version=12&market_run_id=DAM&node=TH_NP15_GEN-APND,TH_SP15_GEN-APND,TH_ZP26_GEN-APND&startdatetime=20260922T07:00-0000&enddatetime=20260923T07:00-0000 last-modified=
  DAM 2026-09-23: 72 rows from 2 file(s)
    20260925T070158.852277Z_00059_SingleZip_resultformat_6_queryname_PRC_LMP_version_12_market_run_id_DA https://oasis.caiso.com/oasisapi/SingleZip?resultformat=6&queryname=PRC_LMP&version=12&market_run_id=DAM&node=TH_NP15_GEN-APND,TH_SP15_GEN-APND,TH_ZP26_GEN-APND&startdatetime=20260923T07:00-0000&enddatetime=20260924T07:00-0000 last-modified=
    20260925T070158.852277Z_00059_SingleZip_resultformat_6_queryname_PRC_LMP_version_12_market_run_id_DA https://oasis.caiso.com/oasisapi/SingleZip?resultformat=6&queryname=PRC_LMP&version=12&market_run_id=DAM&node=TH_NP15_GEN-APND,TH_SP15_GEN-APND,TH_ZP26_GEN-APND&startdatetime=20260923T07:00-0000&enddatetime=20260924T07:00-0000 last-modified=
  DAM forward 2026-09-24: 72 rows from 2 file(s)
    20260925T070204.754290Z_00061_SingleZip_resultformat_6_queryname_PRC_LMP_version_12_market_run_id_DA https://oasis.caiso.com/oasisapi/SingleZip?resultformat=6&queryname=PRC_LMP&version=12&market_run_id=DAM&node=TH_NP15_GEN-APND,TH_SP15_GEN-APND,TH_ZP26_GEN-APND&startdatetime=20260924T07:00-0000&enddatetime=20260925T07:00-0000 last-modified=
    20260925T070204.754290Z_00061_SingleZip_resultformat_6_queryname_PRC_LMP_version_12_market_run_id_DA https://oasis.caiso.com/oasisapi/SingleZip?resultformat=6&queryname=PRC_LMP&version=12&market_run_id=DAM&node=TH_NP15_GEN-APND,TH_SP15_GEN-APND,TH_ZP26_GEN-APND&startdatetime=20260924T07:00-0000&enddatetime=20260925T07:00-0000 last-modified=
  DAM forward 2026-09-25: 72 rows from 2 file(s)
    20260925T070210.492575Z_00063_SingleZip_resultformat_6_queryname_PRC_LMP_version_12_market_run_id_DA https://oasis.caiso.com/oasisapi/SingleZip?resultformat=6&queryname=PRC_LMP&version=12&market_run_id=DAM&node=TH_NP15_GEN-APND,TH_SP15_GEN-APND,TH_ZP26_GEN-APND&startdatetime=20260925T07:00-0000&enddatetime=20260926T07:00-0000 last-modified=
    20260925T070210.492575Z_00063_SingleZip_resultformat_6_queryname_PRC_LMP_version_12_market_run_id_DA https://oasis.caiso.com/oasisapi/SingleZip?resultformat=6&queryname=PRC_LMP&version=12&market_run_id=DAM&node=TH_NP15_GEN-APND,TH_SP15_GEN-APND,TH_ZP26_GEN-APND&startdatetime=20260925T07:00-0000&enddatetime=20260926T07:00-0000 last-modified=
  DAM forward 2026-09-26: not available (ValueError: No objects to concatenate), skipped
  forward DAM day 2026-09-24: complete, included (72 rows)
  forward DAM day 2026-09-25: complete, included (72 rows)
  interval length: all 2160 rows are 60 minutes
  complete: 3 nodes x 720 intervals
  distinct source_url values: 1
  caiso_dam_hub_prices.csv: rows=2304 range=2026-08-25T07:00:00Z..2026-09-26T06:00:00Z nodes=TH_NP15_GEN-APND,TH_SP15_GEN-APND,TH_ZP26_GEN-APND min=-0.62 max=201.00 USD/MWh
RTM: CAISO OASIS PRC_INTVL_LMP via CAISO.get_lmp(REAL_TIME_5_MIN), aggregated to 15-minute means
  RTM 2026-08-25: 864 rows from 2 file(s)
    20260925T070222.053971Z_00067_SingleZip_resultformat_6_queryname_PRC_INTVL_LMP_version_3_market_run_ https://oasis.caiso.com/oasisapi/SingleZip?resultformat=6&queryname=PRC_INTVL_LMP&version=3&market_run_id=RTM&node=TH_NP15_GEN-APND,TH_SP15_GEN-APND,TH_ZP26_GEN-APND&startdatetime=20260825T07:00-0000&enddatetime=20260826T07:00-0000 last-modified=
    20260925T070222.053971Z_00067_SingleZip_resultformat_6_queryname_PRC_INTVL_LMP_version_3_market_run_ https://oasis.caiso.com/oasisapi/SingleZip?resultformat=6&queryname=PRC_INTVL_LMP&version=3&market_run_id=RTM&node=TH_NP15_GEN-APND,TH_SP15_GEN-APND,TH_ZP26_GEN-APND&startdatetime=20260825T07:00-0000&enddatetime=20260826T07:00-0000 last-modified=
  RTM 2026-08-26: 864 rows from 2 file(s)
    20260925T070228.280087Z_00069_SingleZip_resultformat_6_queryname_PRC_INTVL_LMP_version_3_market_run_ https://oasis.caiso.com/oasisapi/SingleZip?resultformat=6&queryname=PRC_INTVL_LMP&version=3&market_run_id=RTM&node=TH_NP15_GEN-APND,TH_SP15_GEN-APND,TH_ZP26_GEN-APND&startdatetime=20260826T07:00-0000&enddatetime=20260827T07:00-0000 last-modified=
    20260925T070228.280087Z_00069_SingleZip_resultformat_6_queryname_PRC_INTVL_LMP_version_3_market_run_ https://oasis.caiso.com/oasisapi/SingleZip?resultformat=6&queryname=PRC_INTVL_LMP&version=3&market_run_id=RTM&node=TH_NP15_GEN-APND,TH_SP15_GEN-APND,TH_ZP26_GEN-APND&startdatetime=20260826T07:00-0000&enddatetime=20260827T07:00-0000 last-modified=
  RTM 2026-08-27: 864 rows from 2 file(s)
    20260925T070234.493251Z_00071_SingleZip_resultformat_6_queryname_PRC_INTVL_LMP_version_3_market_run_ https://oasis.caiso.com/oasisapi/SingleZip?resultformat=6&queryname=PRC_INTVL_LMP&version=3&market_run_id=RTM&node=TH_NP15_GEN-APND,TH_SP15_GEN-APND,TH_ZP26_GEN-APND&startdatetime=20260827T07:00-0000&enddatetime=20260828T07:00-0000 last-modified=
    20260925T070234.493251Z_00071_SingleZip_resultformat_6_queryname_PRC_INTVL_LMP_version_3_market_run_ https://oasis.caiso.com/oasisapi/SingleZip?resultformat=6&queryname=PRC_INTVL_LMP&version=3&market_run_id=RTM&node=TH_NP15_GEN-APND,TH_SP15_GEN-APND,TH_ZP26_GEN-APND&startdatetime=20260827T07:00-0000&enddatetime=20260828T07:00-0000 last-modified=
  RTM 2026-08-28: 864 rows from 2 file(s)
    20260925T070240.726397Z_00073_SingleZip_resultformat_6_queryname_PRC_INTVL_LMP_version_3_market_run_ https://oasis.caiso.com/oasisapi/SingleZip?resultformat=6&queryname=PRC_INTVL_LMP&version=3&market_run_id=RTM&node=TH_NP15_GEN-APND,TH_SP15_GEN-APND,TH_ZP26_GEN-APND&startdatetime=20260828T07:00-0000&enddatetime=20260829T07:00-0000 last-modified=
    20260925T070240.726397Z_00073_SingleZip_resultformat_6_queryname_PRC_INTVL_LMP_version_3_market_run_ https://oasis.caiso.com/oasisapi/SingleZip?resultformat=6&queryname=PRC_INTVL_LMP&version=3&market_run_id=RTM&node=TH_NP15_GEN-APND,TH_SP15_GEN-APND,TH_ZP26_GEN-APND&startdatetime=20260828T07:00-0000&enddatetime=20260829T07:00-0000 last-modified=
  RTM 2026-08-29: 864 rows from 2 file(s)
    20260925T070247.017003Z_00075_SingleZip_resultformat_6_queryname_PRC_INTVL_LMP_version_3_market_run_ https://oasis.caiso.com/oasisapi/SingleZip?resultformat=6&queryname=PRC_INTVL_LMP&version=3&market_run_id=RTM&node=TH_NP15_GEN-APND,TH_SP15_GEN-APND,TH_ZP26_GEN-APND&startdatetime=20260829T07:00-0000&enddatetime=20260830T07:00-0000 last-modified=
    20260925T070247.017003Z_00075_SingleZip_resultformat_6_queryname_PRC_INTVL_LMP_version_3_market_run_ https://oasis.caiso.com/oasisapi/SingleZip?resultformat=6&queryname=PRC_INTVL_LMP&version=3&market_run_id=RTM&node=TH_NP15_GEN-APND,TH_SP15_GEN-APND,TH_ZP26_GEN-APND&startdatetime=20260829T07:00-0000&enddatetime=20260830T07:00-0000 last-modified=
  RTM 2026-08-30: 864 rows from 2 file(s)
    20260925T070253.324199Z_00077_SingleZip_resultformat_6_queryname_PRC_INTVL_LMP_version_3_market_run_ https://oasis.caiso.com/oasisapi/SingleZip?resultformat=6&queryname=PRC_INTVL_LMP&version=3&market_run_id=RTM&node=TH_NP15_GEN-APND,TH_SP15_GEN-APND,TH_ZP26_GEN-APND&startdatetime=20260830T07:00-0000&enddatetime=20260831T07:00-0000 last-modified=
    20260925T070253.324199Z_00077_SingleZip_resultformat_6_queryname_PRC_INTVL_LMP_version_3_market_run_ https://oasis.caiso.com/oasisapi/SingleZip?resultformat=6&queryname=PRC_INTVL_LMP&version=3&market_run_id=RTM&node=TH_NP15_GEN-APND,TH_SP15_GEN-APND,TH_ZP26_GEN-APND&startdatetime=20260830T07:00-0000&enddatetime=20260831T07:00-0000 last-modified=
  RTM 2026-08-31: 864 rows from 2 file(s)
    20260925T070259.630776Z_00079_SingleZip_resultformat_6_queryname_PRC_INTVL_LMP_version_3_market_run_ https://oasis.caiso.com/oasisapi/SingleZip?resultformat=6&queryname=PRC_INTVL_LMP&version=3&market_run_id=RTM&node=TH_NP15_GEN-APND,TH_SP15_GEN-APND,TH_ZP26_GEN-APND&startdatetime=20260831T07:00-0000&enddatetime=20260901T07:00-0000 last-modified=
    20260925T070259.630776Z_00079_SingleZip_resultformat_6_queryname_PRC_INTVL_LMP_version_3_market_run_ https://oasis.caiso.com/oasisapi/SingleZip?resultformat=6&queryname=PRC_INTVL_LMP&version=3&market_run_id=RTM&node=TH_NP15_GEN-APND,TH_SP15_GEN-APND,TH_ZP26_GEN-APND&startdatetime=20260831T07:00-0000&enddatetime=20260901T07:00-0000 last-modified=
  RTM 2026-09-01: 864 rows from 2 file(s)
    20260925T070305.959068Z_00081_SingleZip_resultformat_6_queryname_PRC_INTVL_LMP_version_3_market_run_ https://oasis.caiso.com/oasisapi/SingleZip?resultformat=6&queryname=PRC_INTVL_LMP&version=3&market_run_id=RTM&node=TH_NP15_GEN-APND,TH_SP15_GEN-APND,TH_ZP26_GEN-APND&startdatetime=20260901T07:00-0000&enddatetime=20260902T07:00-0000 last-modified=
    20260925T070305.959068Z_00081_SingleZip_resultformat_6_queryname_PRC_INTVL_LMP_version_3_market_run_ https://oasis.caiso.com/oasisapi/SingleZip?resultformat=6&queryname=PRC_INTVL_LMP&version=3&market_run_id=RTM&node=TH_NP15_GEN-APND,TH_SP15_GEN-APND,TH_ZP26_GEN-APND&startdatetime=20260901T07:00-0000&enddatetime=20260902T07:00-0000 last-modified=
  RTM 2026-09-02: 864 rows from 2 file(s)
    20260925T070312.222869Z_00083_SingleZip_resultformat_6_queryname_PRC_INTVL_LMP_version_3_market_run_ https://oasis.caiso.com/oasisapi/SingleZip?resultformat=6&queryname=PRC_INTVL_LMP&version=3&market_run_id=RTM&node=TH_NP15_GEN-APND,TH_SP15_GEN-APND,TH_ZP26_GEN-APND&startdatetime=20260902T07:00-0000&enddatetime=20260903T07:00-0000 last-modified=
    20260925T070312.222869Z_00083_SingleZip_resultformat_6_queryname_PRC_INTVL_LMP_version_3_market_run_ https://oasis.caiso.com/oasisapi/SingleZip?resultformat=6&queryname=PRC_INTVL_LMP&version=3&market_run_id=RTM&node=TH_NP15_GEN-APND,TH_SP15_GEN-APND,TH_ZP26_GEN-APND&startdatetime=20260902T07:00-0000&enddatetime=20260903T07:00-0000 last-modified=
  RTM 2026-09-03: 864 rows from 2 file(s)
    20260925T070318.404473Z_00085_SingleZip_resultformat_6_queryname_PRC_INTVL_LMP_version_3_market_run_ https://oasis.caiso.com/oasisapi/SingleZip?resultformat=6&queryname=PRC_INTVL_LMP&version=3&market_run_id=RTM&node=TH_NP15_GEN-APND,TH_SP15_GEN-APND,TH_ZP26_GEN-APND&startdatetime=20260903T07:00-0000&enddatetime=20260904T07:00-0000 last-modified=
    20260925T070318.404473Z_00085_SingleZip_resultformat_6_queryname_PRC_INTVL_LMP_version_3_market_run_ https://oasis.caiso.com/oasisapi/SingleZip?resultformat=6&queryname=PRC_INTVL_LMP&version=3&market_run_id=RTM&node=TH_NP15_GEN-APND,TH_SP15_GEN-APND,TH_ZP26_GEN-APND&startdatetime=20260903T07:00-0000&enddatetime=20260904T07:00-0000 last-modified=
  RTM 2026-09-04: 864 rows from 2 file(s)
    20260925T070324.863846Z_00087_SingleZip_resultformat_6_queryname_PRC_INTVL_LMP_version_3_market_run_ https://oasis.caiso.com/oasisapi/SingleZip?resultformat=6&queryname=PRC_INTVL_LMP&version=3&market_run_id=RTM&node=TH_NP15_GEN-APND,TH_SP15_GEN-APND,TH_ZP26_GEN-APND&startdatetime=20260904T07:00-0000&enddatetime=20260905T07:00-0000 last-modified=
    20260925T070324.863846Z_00087_SingleZip_resultformat_6_queryname_PRC_INTVL_LMP_version_3_market_run_ https://oasis.caiso.com/oasisapi/SingleZip?resultformat=6&queryname=PRC_INTVL_LMP&version=3&market_run_id=RTM&node=TH_NP15_GEN-APND,TH_SP15_GEN-APND,TH_ZP26_GEN-APND&startdatetime=20260904T07:00-0000&enddatetime=20260905T07:00-0000 last-modified=
  RTM 2026-09-05: 864 rows from 2 file(s)
    20260925T070331.195799Z_00089_SingleZip_resultformat_6_queryname_PRC_INTVL_LMP_version_3_market_run_ https://oasis.caiso.com/oasisapi/SingleZip?resultformat=6&queryname=PRC_INTVL_LMP&version=3&market_run_id=RTM&node=TH_NP15_GEN-APND,TH_SP15_GEN-APND,TH_ZP26_GEN-APND&startdatetime=20260905T07:00-0000&enddatetime=20260906T07:00-0000 last-modified=
    20260925T070331.195799Z_00089_SingleZip_resultformat_6_queryname_PRC_INTVL_LMP_version_3_market_run_ https://oasis.caiso.com/oasisapi/SingleZip?resultformat=6&queryname=PRC_INTVL_LMP&version=3&market_run_id=RTM&node=TH_NP15_GEN-APND,TH_SP15_GEN-APND,TH_ZP26_GEN-APND&startdatetime=20260905T07:00-0000&enddatetime=20260906T07:00-0000 last-modified=
  RTM 2026-09-06: 864 rows from 2 file(s)
    20260925T070338.140568Z_00091_SingleZip_resultformat_6_queryname_PRC_INTVL_LMP_version_3_market_run_ https://oasis.caiso.com/oasisapi/SingleZip?resultformat=6&queryname=PRC_INTVL_LMP&version=3&market_run_id=RTM&node=TH_NP15_GEN-APND,TH_SP15_GEN-APND,TH_ZP26_GEN-APND&startdatetime=20260906T07:00-0000&enddatetime=20260907T07:00-0000 last-modified=
    20260925T070338.140568Z_00091_SingleZip_resultformat_6_queryname_PRC_INTVL_LMP_version_3_market_run_ https://oasis.caiso.com/oasisapi/SingleZip?resultformat=6&queryname=PRC_INTVL_LMP&version=3&market_run_id=RTM&node=TH_NP15_GEN-APND,TH_SP15_GEN-APND,TH_ZP26_GEN-APND&startdatetime=20260906T07:00-0000&enddatetime=20260907T07:00-0000 last-modified=
  RTM 2026-09-07: 864 rows from 2 file(s)
    20260925T070345.378567Z_00093_SingleZip_resultformat_6_queryname_PRC_INTVL_LMP_version_3_market_run_ https://oasis.caiso.com/oasisapi/SingleZip?resultformat=6&queryname=PRC_INTVL_LMP&version=3&market_run_id=RTM&node=TH_NP15_GEN-APND,TH_SP15_GEN-APND,TH_ZP26_GEN-APND&startdatetime=20260907T07:00-0000&enddatetime=20260908T07:00-0000 last-modified=
    20260925T070345.378567Z_00093_SingleZip_resultformat_6_queryname_PRC_INTVL_LMP_version_3_market_run_ https://oasis.caiso.com/oasisapi/SingleZip?resultformat=6&queryname=PRC_INTVL_LMP&version=3&market_run_id=RTM&node=TH_NP15_GEN-APND,TH_SP15_GEN-APND,TH_ZP26_GEN-APND&startdatetime=20260907T07:00-0000&enddatetime=20260908T07:00-0000 last-modified=
  RTM 2026-09-08: 864 rows from 2 file(s)
    20260925T070352.836070Z_00095_SingleZip_resultformat_6_queryname_PRC_INTVL_LMP_version_3_market_run_ https://oasis.caiso.com/oasisapi/SingleZip?resultformat=6&queryname=PRC_INTVL_LMP&version=3&market_run_id=RTM&node=TH_NP15_GEN-APND,TH_SP15_GEN-APND,TH_ZP26_GEN-APND&startdatetime=20260908T07:00-0000&enddatetime=20260909T07:00-0000 last-modified=
    20260925T070352.836070Z_00095_SingleZip_resultformat_6_queryname_PRC_INTVL_LMP_version_3_market_run_ https://oasis.caiso.com/oasisapi/SingleZip?resultformat=6&queryname=PRC_INTVL_LMP&version=3&market_run_id=RTM&node=TH_NP15_GEN-APND,TH_SP15_GEN-APND,TH_ZP26_GEN-APND&startdatetime=20260908T07:00-0000&enddatetime=20260909T07:00-0000 last-modified=
  RTM 2026-09-09: 864 rows from 2 file(s)
    20260925T070400.328465Z_00097_SingleZip_resultformat_6_queryname_PRC_INTVL_LMP_version_3_market_run_ https://oasis.caiso.com/oasisapi/SingleZip?resultformat=6&queryname=PRC_INTVL_LMP&version=3&market_run_id=RTM&node=TH_NP15_GEN-APND,TH_SP15_GEN-APND,TH_ZP26_GEN-APND&startdatetime=20260909T07:00-0000&enddatetime=20260910T07:00-0000 last-modified=
    20260925T070400.328465Z_00097_SingleZip_resultformat_6_queryname_PRC_INTVL_LMP_version_3_market_run_ https://oasis.caiso.com/oasisapi/SingleZip?resultformat=6&queryname=PRC_INTVL_LMP&version=3&market_run_id=RTM&node=TH_NP15_GEN-APND,TH_SP15_GEN-APND,TH_ZP26_GEN-APND&startdatetime=20260909T07:00-0000&enddatetime=20260910T07:00-0000 last-modified=
  RTM 2026-09-10: 864 rows from 2 file(s)
    20260925T070408.319718Z_00099_SingleZip_resultformat_6_queryname_PRC_INTVL_LMP_version_3_market_run_ https://oasis.caiso.com/oasisapi/SingleZip?resultformat=6&queryname=PRC_INTVL_LMP&version=3&market_run_id=RTM&node=TH_NP15_GEN-APND,TH_SP15_GEN-APND,TH_ZP26_GEN-APND&startdatetime=20260910T07:00-0000&enddatetime=20260911T07:00-0000 last-modified=
    20260925T070408.319718Z_00099_SingleZip_resultformat_6_queryname_PRC_INTVL_LMP_version_3_market_run_ https://oasis.caiso.com/oasisapi/SingleZip?resultformat=6&queryname=PRC_INTVL_LMP&version=3&market_run_id=RTM&node=TH_NP15_GEN-APND,TH_SP15_GEN-APND,TH_ZP26_GEN-APND&startdatetime=20260910T07:00-0000&enddatetime=20260911T07:00-0000 last-modified=
  RTM 2026-09-11: 864 rows from 2 file(s)
    20260925T070415.702483Z_00101_SingleZip_resultformat_6_queryname_PRC_INTVL_LMP_version_3_market_run_ https://oasis.caiso.com/oasisapi/SingleZip?resultformat=6&queryname=PRC_INTVL_LMP&version=3&market_run_id=RTM&node=TH_NP15_GEN-APND,TH_SP15_GEN-APND,TH_ZP26_GEN-APND&startdatetime=20260911T07:00-0000&enddatetime=20260912T07:00-0000 last-modified=
    20260925T070415.702483Z_00101_SingleZip_resultformat_6_queryname_PRC_INTVL_LMP_version_3_market_run_ https://oasis.caiso.com/oasisapi/SingleZip?resultformat=6&queryname=PRC_INTVL_LMP&version=3&market_run_id=RTM&node=TH_NP15_GEN-APND,TH_SP15_GEN-APND,TH_ZP26_GEN-APND&startdatetime=20260911T07:00-0000&enddatetime=20260912T07:00-0000 last-modified=
  RTM 2026-09-12: 864 rows from 2 file(s)
    20260925T070423.480162Z_00103_SingleZip_resultformat_6_queryname_PRC_INTVL_LMP_version_3_market_run_ https://oasis.caiso.com/oasisapi/SingleZip?resultformat=6&queryname=PRC_INTVL_LMP&version=3&market_run_id=RTM&node=TH_NP15_GEN-APND,TH_SP15_GEN-APND,TH_ZP26_GEN-APND&startdatetime=20260912T07:00-0000&enddatetime=20260913T07:00-0000 last-modified=
    20260925T070423.480162Z_00103_SingleZip_resultformat_6_queryname_PRC_INTVL_LMP_version_3_market_run_ https://oasis.caiso.com/oasisapi/SingleZip?resultformat=6&queryname=PRC_INTVL_LMP&version=3&market_run_id=RTM&node=TH_NP15_GEN-APND,TH_SP15_GEN-APND,TH_ZP26_GEN-APND&startdatetime=20260912T07:00-0000&enddatetime=20260913T07:00-0000 last-modified=
  RTM 2026-09-13: 864 rows from 2 file(s)
    20260925T070430.962745Z_00105_SingleZip_resultformat_6_queryname_PRC_INTVL_LMP_version_3_market_run_ https://oasis.caiso.com/oasisapi/SingleZip?resultformat=6&queryname=PRC_INTVL_LMP&version=3&market_run_id=RTM&node=TH_NP15_GEN-APND,TH_SP15_GEN-APND,TH_ZP26_GEN-APND&startdatetime=20260913T07:00-0000&enddatetime=20260914T07:00-0000 last-modified=
    20260925T070430.962745Z_00105_SingleZip_resultformat_6_queryname_PRC_INTVL_LMP_version_3_market_run_ https://oasis.caiso.com/oasisapi/SingleZip?resultformat=6&queryname=PRC_INTVL_LMP&version=3&market_run_id=RTM&node=TH_NP15_GEN-APND,TH_SP15_GEN-APND,TH_ZP26_GEN-APND&startdatetime=20260913T07:00-0000&enddatetime=20260914T07:00-0000 last-modified=
  RTM 2026-09-14: 864 rows from 2 file(s)
    20260925T070438.373721Z_00107_SingleZip_resultformat_6_queryname_PRC_INTVL_LMP_version_3_market_run_ https://oasis.caiso.com/oasisapi/SingleZip?resultformat=6&queryname=PRC_INTVL_LMP&version=3&market_run_id=RTM&node=TH_NP15_GEN-APND,TH_SP15_GEN-APND,TH_ZP26_GEN-APND&startdatetime=20260914T07:00-0000&enddatetime=20260915T07:00-0000 last-modified=
    20260925T070438.373721Z_00107_SingleZip_resultformat_6_queryname_PRC_INTVL_LMP_version_3_market_run_ https://oasis.caiso.com/oasisapi/SingleZip?resultformat=6&queryname=PRC_INTVL_LMP&version=3&market_run_id=RTM&node=TH_NP15_GEN-APND,TH_SP15_GEN-APND,TH_ZP26_GEN-APND&startdatetime=20260914T07:00-0000&enddatetime=20260915T07:00-0000 last-modified=
  RTM 2026-09-15: 864 rows from 2 file(s)
    20260925T070445.919804Z_00109_SingleZip_resultformat_6_queryname_PRC_INTVL_LMP_version_3_market_run_ https://oasis.caiso.com/oasisapi/SingleZip?resultformat=6&queryname=PRC_INTVL_LMP&version=3&market_run_id=RTM&node=TH_NP15_GEN-APND,TH_SP15_GEN-APND,TH_ZP26_GEN-APND&startdatetime=20260915T07:00-0000&enddatetime=20260916T07:00-0000 last-modified=
    20260925T070445.919804Z_00109_SingleZip_resultformat_6_queryname_PRC_INTVL_LMP_version_3_market_run_ https://oasis.caiso.com/oasisapi/SingleZip?resultformat=6&queryname=PRC_INTVL_LMP&version=3&market_run_id=RTM&node=TH_NP15_GEN-APND,TH_SP15_GEN-APND,TH_ZP26_GEN-APND&startdatetime=20260915T07:00-0000&enddatetime=20260916T07:00-0000 last-modified=
  RTM 2026-09-16: 864 rows from 2 file(s)
    20260925T070453.714898Z_00111_SingleZip_resultformat_6_queryname_PRC_INTVL_LMP_version_3_market_run_ https://oasis.caiso.com/oasisapi/SingleZip?resultformat=6&queryname=PRC_INTVL_LMP&version=3&market_run_id=RTM&node=TH_NP15_GEN-APND,TH_SP15_GEN-APND,TH_ZP26_GEN-APND&startdatetime=20260916T07:00-0000&enddatetime=20260917T07:00-0000 last-modified=
    20260925T070453.714898Z_00111_SingleZip_resultformat_6_queryname_PRC_INTVL_LMP_version_3_market_run_ https://oasis.caiso.com/oasisapi/SingleZip?resultformat=6&queryname=PRC_INTVL_LMP&version=3&market_run_id=RTM&node=TH_NP15_GEN-APND,TH_SP15_GEN-APND,TH_ZP26_GEN-APND&startdatetime=20260916T07:00-0000&enddatetime=20260917T07:00-0000 last-modified=
  RTM 2026-09-17: 864 rows from 2 file(s)
    20260925T070459.852810Z_00113_SingleZip_resultformat_6_queryname_PRC_INTVL_LMP_version_3_market_run_ https://oasis.caiso.com/oasisapi/SingleZip?resultformat=6&queryname=PRC_INTVL_LMP&version=3&market_run_id=RTM&node=TH_NP15_GEN-APND,TH_SP15_GEN-APND,TH_ZP26_GEN-APND&startdatetime=20260917T07:00-0000&enddatetime=20260918T07:00-0000 last-modified=
    20260925T070459.852810Z_00113_SingleZip_resultformat_6_queryname_PRC_INTVL_LMP_version_3_market_run_ https://oasis.caiso.com/oasisapi/SingleZip?resultformat=6&queryname=PRC_INTVL_LMP&version=3&market_run_id=RTM&node=TH_NP15_GEN-APND,TH_SP15_GEN-APND,TH_ZP26_GEN-APND&startdatetime=20260917T07:00-0000&enddatetime=20260918T07:00-0000 last-modified=
  RTM 2026-09-18: 864 rows from 2 file(s)
    20260925T070505.930814Z_00115_SingleZip_resultformat_6_queryname_PRC_INTVL_LMP_version_3_market_run_ https://oasis.caiso.com/oasisapi/SingleZip?resultformat=6&queryname=PRC_INTVL_LMP&version=3&market_run_id=RTM&node=TH_NP15_GEN-APND,TH_SP15_GEN-APND,TH_ZP26_GEN-APND&startdatetime=20260918T07:00-0000&enddatetime=20260919T07:00-0000 last-modified=
    20260925T070505.930814Z_00115_SingleZip_resultformat_6_queryname_PRC_INTVL_LMP_version_3_market_run_ https://oasis.caiso.com/oasisapi/SingleZip?resultformat=6&queryname=PRC_INTVL_LMP&version=3&market_run_id=RTM&node=TH_NP15_GEN-APND,TH_SP15_GEN-APND,TH_ZP26_GEN-APND&startdatetime=20260918T07:00-0000&enddatetime=20260919T07:00-0000 last-modified=
  RTM 2026-09-19: 864 rows from 2 file(s)
    20260925T070512.021861Z_00117_SingleZip_resultformat_6_queryname_PRC_INTVL_LMP_version_3_market_run_ https://oasis.caiso.com/oasisapi/SingleZip?resultformat=6&queryname=PRC_INTVL_LMP&version=3&market_run_id=RTM&node=TH_NP15_GEN-APND,TH_SP15_GEN-APND,TH_ZP26_GEN-APND&startdatetime=20260919T07:00-0000&enddatetime=20260920T07:00-0000 last-modified=
    20260925T070512.021861Z_00117_SingleZip_resultformat_6_queryname_PRC_INTVL_LMP_version_3_market_run_ https://oasis.caiso.com/oasisapi/SingleZip?resultformat=6&queryname=PRC_INTVL_LMP&version=3&market_run_id=RTM&node=TH_NP15_GEN-APND,TH_SP15_GEN-APND,TH_ZP26_GEN-APND&startdatetime=20260919T07:00-0000&enddatetime=20260920T07:00-0000 last-modified=
  RTM 2026-09-20: 864 rows from 2 file(s)
    20260925T070518.036616Z_00119_SingleZip_resultformat_6_queryname_PRC_INTVL_LMP_version_3_market_run_ https://oasis.caiso.com/oasisapi/SingleZip?resultformat=6&queryname=PRC_INTVL_LMP&version=3&market_run_id=RTM&node=TH_NP15_GEN-APND,TH_SP15_GEN-APND,TH_ZP26_GEN-APND&startdatetime=20260920T07:00-0000&enddatetime=20260921T07:00-0000 last-modified=
    20260925T070518.036616Z_00119_SingleZip_resultformat_6_queryname_PRC_INTVL_LMP_version_3_market_run_ https://oasis.caiso.com/oasisapi/SingleZip?resultformat=6&queryname=PRC_INTVL_LMP&version=3&market_run_id=RTM&node=TH_NP15_GEN-APND,TH_SP15_GEN-APND,TH_ZP26_GEN-APND&startdatetime=20260920T07:00-0000&enddatetime=20260921T07:00-0000 last-modified=
  RTM 2026-09-21: 864 rows from 2 file(s)
    20260925T070524.052145Z_00121_SingleZip_resultformat_6_queryname_PRC_INTVL_LMP_version_3_market_run_ https://oasis.caiso.com/oasisapi/SingleZip?resultformat=6&queryname=PRC_INTVL_LMP&version=3&market_run_id=RTM&node=TH_NP15_GEN-APND,TH_SP15_GEN-APND,TH_ZP26_GEN-APND&startdatetime=20260921T07:00-0000&enddatetime=20260922T07:00-0000 last-modified=
    20260925T070524.052145Z_00121_SingleZip_resultformat_6_queryname_PRC_INTVL_LMP_version_3_market_run_ https://oasis.caiso.com/oasisapi/SingleZip?resultformat=6&queryname=PRC_INTVL_LMP&version=3&market_run_id=RTM&node=TH_NP15_GEN-APND,TH_SP15_GEN-APND,TH_ZP26_GEN-APND&startdatetime=20260921T07:00-0000&enddatetime=20260922T07:00-0000 last-modified=
  RTM 2026-09-22: 864 rows from 2 file(s)
    20260925T070530.146295Z_00123_SingleZip_resultformat_6_queryname_PRC_INTVL_LMP_version_3_market_run_ https://oasis.caiso.com/oasisapi/SingleZip?resultformat=6&queryname=PRC_INTVL_LMP&version=3&market_run_id=RTM&node=TH_NP15_GEN-APND,TH_SP15_GEN-APND,TH_ZP26_GEN-APND&startdatetime=20260922T07:00-0000&enddatetime=20260923T07:00-0000 last-modified=
    20260925T070530.146295Z_00123_SingleZip_resultformat_6_queryname_PRC_INTVL_LMP_version_3_market_run_ https://oasis.caiso.com/oasisapi/SingleZip?resultformat=6&queryname=PRC_INTVL_LMP&version=3&market_run_id=RTM&node=TH_NP15_GEN-APND,TH_SP15_GEN-APND,TH_ZP26_GEN-APND&startdatetime=20260922T07:00-0000&enddatetime=20260923T07:00-0000 last-modified=
  RTM 2026-09-23: 864 rows from 2 file(s)
    20260925T070536.152347Z_00125_SingleZip_resultformat_6_queryname_PRC_INTVL_LMP_version_3_market_run_ https://oasis.caiso.com/oasisapi/SingleZip?resultformat=6&queryname=PRC_INTVL_LMP&version=3&market_run_id=RTM&node=TH_NP15_GEN-APND,TH_SP15_GEN-APND,TH_ZP26_GEN-APND&startdatetime=20260923T07:00-0000&enddatetime=20260924T07:00-0000 last-modified=
    20260925T070536.152347Z_00125_SingleZip_resultformat_6_queryname_PRC_INTVL_LMP_version_3_market_run_ https://oasis.caiso.com/oasisapi/SingleZip?resultformat=6&queryname=PRC_INTVL_LMP&version=3&market_run_id=RTM&node=TH_NP15_GEN-APND,TH_SP15_GEN-APND,TH_ZP26_GEN-APND&startdatetime=20260923T07:00-0000&enddatetime=20260924T07:00-0000 last-modified=
  interval length: all 25920 rows are 5 minutes
  aggregated 25920 5-minute rows to 8640 15-minute means
  complete: 3 nodes x 2880 intervals
  distinct source_url values: 1
  caiso_rtm_hub_prices.csv: rows=8640 range=2026-08-25T07:00:00Z..2026-09-24T06:45:00Z nodes=TH_NP15_GEN-APND,TH_SP15_GEN-APND,TH_ZP26_GEN-APND min=-46.93 max=1172.61 USD/MWh
done, failures=0
