WARNING: EIA_API_KEY starts with '.' characters, which no API key contains; they were ignored. Fix the value in .env or the EIA_API_KEY secret.
ERW eia930 run 20260925T200855Z; window [2026-09-22T00:00:00Z, 2026-09-25T00:00:00Z); BAs ['ciso', 'erco', 'isne', 'miso', 'nyis', 'pjm', 'swpp', 'us48']
  electricity/rto/region-data offset 0: 1728 rows (total 1728) https://api.eia.gov/v2/electricity/rto/region-data/data/?api_key=REDACTED&frequency=hourly&data%5B0%5D=value&start=2026-09-22T01&end=2026-09-25T00&sort%5B0%5D%5Bcolumn%5D=period&sort%5B0%5D%5Bdirection%5D=asc&sort%5B1%5D%5Bcolumn%5D=respondent&sort%5B1%5D%5Bdirection%5D=asc&offset=0&length=5000&facets%5Brespondent%5D%5B%5D=CISO&facets%5Brespondent%5D%5B%5D=ERCO&facets%5Brespondent%5D%5B%5D=ISNE&facets%5Brespondent%5D%5B%5D=MISO&facets%5Brespondent%5D%5B%5D=NYIS&facets%5Brespondent%5D%5B%5D=PJM&facets%5Brespondent%5D%5B%5D=SWPP&facets%5Brespondent%5D%5B%5D=US48&facets%5Btype%5D%5B%5D=D&facets%5Btype%5D%5B%5D=DF&facets%5Btype%5D%5B%5D=NG
  electricity/rto/fuel-type-data offset 0: 5000 rows (total 5455) https://api.eia.gov/v2/electricity/rto/fuel-type-data/data/?api_key=REDACTED&frequency=hourly&data%5B0%5D=value&start=2026-09-22T01&end=2026-09-25T00&sort%5B0%5D%5Bcolumn%5D=period&sort%5B0%5D%5Bdirection%5D=asc&sort%5B1%5D%5Bcolumn%5D=respondent&sort%5B1%5D%5Bdirection%5D=asc&offset=0&length=5000&facets%5Brespondent%5D%5B%5D=CISO&facets%5Brespondent%5D%5B%5D=ERCO&facets%5Brespondent%5D%5B%5D=ISNE&facets%5Brespondent%5D%5B%5D=MISO&facets%5Brespondent%5D%5B%5D=NYIS&facets%5Brespondent%5D%5B%5D=PJM&facets%5Brespondent%5D%5B%5D=SWPP&facets%5Brespondent%5D%5B%5D=US48
  electricity/rto/fuel-type-data offset 5000: 455 rows (total 5455) https://api.eia.gov/v2/electricity/rto/fuel-type-data/data/?api_key=REDACTED&frequency=hourly&data%5B0%5D=value&start=2026-09-22T01&end=2026-09-25T00&sort%5B0%5D%5Bcolumn%5D=period&sort%5B0%5D%5Bdirection%5D=asc&sort%5B1%5D%5Bcolumn%5D=respondent&sort%5B1%5D%5Bdirection%5D=asc&offset=5000&length=5000&facets%5Brespondent%5D%5B%5D=CISO&facets%5Brespondent%5D%5B%5D=ERCO&facets%5Brespondent%5D%5B%5D=ISNE&facets%5Brespondent%5D%5B%5D=MISO&facets%5Brespondent%5D%5B%5D=NYIS&facets%5Brespondent%5D%5B%5D=PJM&facets%5Brespondent%5D%5B%5D=SWPP&facets%5Brespondent%5D%5B%5D=US48
eia930_ciso_demand:
  complete: eia930_ciso_demand: 2 variables x 72 hours
  eia930_ciso_demand.csv: rows=1440 (this run 144: 0 new, 144 replaced, 1296 kept) range=2026-08-26T00:00:00Z..2026-09-24T23:00:00Z nodes=eia930:CISO min=19855.00 max=49959.00 MW
eia930_ciso_generation:
  complete: eia930_ciso_generation: 10 variables x 72 hours
  eia930_ciso_generation.csv: rows=7200 (this run 720: 0 new, 720 replaced, 6480 kept) range=2026-08-26T00:00:00Z..2026-09-24T23:00:00Z nodes=eia930:CISO min=-9830.00 max=44050.00 MW
eia930_erco_demand:
  complete: eia930_erco_demand: 2 variables x 72 hours
  eia930_erco_demand.csv: rows=144 (this run 144: 144 new, 0 replaced, 0 kept) range=2026-09-22T00:00:00Z..2026-09-24T23:00:00Z nodes=eia930:ERCO min=55206.00 max=85290.00 MW
eia930_erco_generation:
  complete: eia930_erco_generation: 9 variables x 72 hours
  eia930_erco_generation.csv: rows=6480 (this run 648: 0 new, 648 replaced, 5832 kept) range=2026-08-26T00:00:00Z..2026-09-24T23:00:00Z nodes=eia930:ERCO min=-11553.00 max=90811.00 MW
eia930_isne_demand:
  complete: eia930_isne_demand: 2 variables x 72 hours
  eia930_isne_demand.csv: rows=1440 (this run 144: 0 new, 144 replaced, 1296 kept) range=2026-08-26T00:00:00Z..2026-09-24T23:00:00Z nodes=eia930:ISNE min=7330.00 max=19017.00 MW
eia930_isne_generation:
  complete: eia930_isne_generation: 11 variables x 72 hours
  eia930_isne_generation.csv: rows=792 (this run 792: 792 new, 0 replaced, 0 kept) range=2026-09-22T00:00:00Z..2026-09-24T23:00:00Z nodes=eia930:ISNE min=0.00 max=14549.00 MW
eia930_miso_demand:
  complete: eia930_miso_demand: 2 variables x 72 hours
  eia930_miso_demand.csv: rows=1440 (this run 144: 0 new, 144 replaced, 1296 kept) range=2026-08-26T00:00:00Z..2026-09-24T23:00:00Z nodes=eia930:MISO min=65426.00 max=119442.00 MW
eia930_miso_generation:
  complete: eia930_miso_generation: 9 variables x 72 hours
  eia930_miso_generation.csv: rows=6480 (this run 648: 0 new, 648 replaced, 5832 kept) range=2026-08-26T00:00:00Z..2026-09-24T23:00:00Z nodes=eia930:MISO min=-814.00 max=117295.00 MW
eia930_nyis_demand:
  complete: eia930_nyis_demand: 2 variables x 72 hours
  eia930_nyis_demand.csv: rows=144 (this run 144: 144 new, 0 replaced, 0 kept) range=2026-09-22T00:00:00Z..2026-09-24T23:00:00Z nodes=eia930:NYIS min=12202.00 max=17696.00 MW
eia930_nyis_generation:
  complete: eia930_nyis_generation: 9 variables x 72 hours
  eia930_nyis_generation.csv: rows=6480 (this run 648: 0 new, 648 replaced, 5832 kept) range=2026-08-26T00:00:00Z..2026-09-24T23:00:00Z nodes=eia930:NYIS min=0.00 max=21148.00 MW
eia930_pjm_demand:
  complete: eia930_pjm_demand: 2 variables x 72 hours
  eia930_pjm_demand.csv: rows=1440 (this run 144: 0 new, 144 replaced, 1296 kept) range=2026-08-26T00:00:00Z..2026-09-24T23:00:00Z nodes=eia930:PJM min=73546.00 max=153100.00 MW
eia930_pjm_generation:
  complete: eia930_pjm_generation: 9 variables x 72 hours
  eia930_pjm_generation.csv: rows=6480 (this run 648: 0 new, 648 replaced, 5832 kept) range=2026-08-26T00:00:00Z..2026-09-24T23:00:00Z nodes=eia930:PJM min=0.00 max=159024.00 MW
eia930_swpp_demand:
  complete: eia930_swpp_demand: 2 variables x 72 hours
  eia930_swpp_demand.csv: rows=1440 (this run 144: 0 new, 144 replaced, 1296 kept) range=2026-08-26T00:00:00Z..2026-09-24T23:00:00Z nodes=eia930:SWPP min=28627.00 max=61327.00 MW
eia930_swpp_generation:
  complete: eia930_swpp_generation: 10 variables x 72 hours
  eia930_swpp_generation.csv: rows=7200 (this run 720: 0 new, 720 replaced, 6480 kept) range=2026-08-26T00:00:00Z..2026-09-24T23:00:00Z nodes=eia930:SWPP min=0.00 max=59628.00 MW
eia930_us48_demand:
  complete: eia930_us48_demand: 2 variables x 72 hours
  eia930_us48_demand.csv: rows=1440 (this run 144: 0 new, 144 replaced, 1296 kept) range=2026-08-26T00:00:00Z..2026-09-24T23:00:00Z nodes=eia930:US48 min=414223.00 max=735095.00 MW
eia930_us48_generation:
  INCOMPLETE eia930_us48_generation net_generation_unknown_storage_mw: 55 of 72 hours (17 missing, 0 published as null; first missing ['2026-09-24T07:00:00Z', '2026-09-24T08:00:00Z', '2026-09-24T09:00:00Z'])
eia930_us48_generation FAILED, no output file written:
Traceback (most recent call last):
  File "C:\Users\samen\Documents\erw\warehouse\connectors\eia930.py", line 269, in main
    build_table(rows, code, start, end, log, name, title, run_id, args.days)
    ~~~~~~~~~~~^^^^^^^^^^^^^^^^^^^^^^^^^^^^^^^^^^^^^^^^^^^^^^^^^^^^^^^^^^^^^
  File "C:\Users\samen\Documents\erw\warehouse\connectors\eia930.py", line 166, in build_table
    check_complete(rows, start, end, log, name)
    ~~~~~~~~~~~~~~^^^^^^^^^^^^^^^^^^^^^^^^^^^^^
  File "C:\Users\samen\Documents\erw\warehouse\connectors\eia930.py", line 156, in check_complete
    raise RuntimeError(f"incomplete data, no file written for {what}: " + "; ".join(problems[:4]))
RuntimeError: incomplete data, no file written for eia930_us48_generation: net_generation_unknown_storage_mw: 55 of 72 hours (17 missing, 0 published as null; first missing ['2026-09-24T07:00:00Z', '2026-09-24T08:00:00Z', '2026-09-24T09:00:00Z'])

done, failures=1
