ERW ercot_prices run 20260926T172813Z
gridstatus 0.36.0, pandas 2.3.3, python 3.12.14
window: 3 operating days, 2026-09-23 00:00:00-05:00 to 2026-09-26 00:00:00-05:00 (exclusive), UTC [2026-09-23T05:00:00Z, 2026-09-26T05:00:00Z)
raw files: warehouse/raw/ercot/20260926T172813Z
DAM: ERCOT NP4-190-CD via Ercot.get_spp(market=DAY_AHEAD_HOURLY)
  documents read: 4; hub rows in window: 360
  complete: 5 nodes x 72 intervals
  cross-check vs gridstatus return: 360 keys, 0 absent from return, 0 with a different value
  forward DAM day 2026-09-26: complete, included (120 rows)
  cross-check vs gridstatus return: 120 keys, 0 absent from return, 0 with a different value
  source documents used: 4
    ercot:NP4-190-CD cdr.00012331.0000000000000000.20260922.124551202.DAMSPNP4190_csv.zip published 2026-09-22T17:45:50Z rows 120 https://www.ercot.com/misdownload/servlets/mirDownload?doclookupId=1277674202
    ercot:NP4-190-CD cdr.00012331.0000000000000000.20260923.131622164.DAMSPNP4190_csv.zip published 2026-09-23T18:16:21Z rows 120 https://www.ercot.com/misdownload/servlets/mirDownload?doclookupId=1278079530
    ercot:NP4-190-CD cdr.00012331.0000000000000000.20260924.125125260.DAMSPNP4190_csv.zip published 2026-09-24T17:51:24Z rows 120 https://www.ercot.com/misdownload/servlets/mirDownload?doclookupId=1278479653
    ercot:NP4-190-CD cdr.00012331.0000000000000000.20260925.124115296.DAMSPNP4190_csv.zip published 2026-09-25T17:41:14Z rows 120 https://www.ercot.com/misdownload/servlets/mirDownload?doclookupId=1278881897
  ercot_dam_hub_prices.csv: rows=3840 (this run 480: 0 new, 480 replaced, 3360 kept) range=2026-08-26T05:00:00Z..2026-09-27T04:00:00Z nodes=HB_BUSAVG,HB_HOUSTON,HB_NORTH,HB_SOUTH,HB_WEST min=2.36 max=158.93 USD/MWh
RTM: ERCOT NP6-785-ER via Ercot.get_rtm_spp(year), then NP6-905-CD via Ercot.get_spp(market=REAL_TIME_15_MIN)
  NP6-785-ER 2026: rpt.00013061.0000000000000000.20260920.080732945.RTMLZHBSPP_2026.zip, published 2026-09-20T13:07:30Z, hub rows 125740, last interval 2026-09-20T04:45:00Z
  NP6-905-CD: documents read 289, hub rows in window 1440
  cross-check vs gridstatus return: 1440 keys, 0 absent from return, 0 with a different value
  overlap NP6-785-ER vs NP6-905-CD: none
  complete: 5 nodes x 288 intervals
  source documents used: 288
    ercot:NP6-905-CD cdr.00012301.0000000000000000.20260923.001702191.SPPHLZNP6905_20260923_0015_csv.zip published 2026-09-23T05:17:01Z rows 5 https://www.ercot.com/misdownload/servlets/mirDownload?doclookupId=1277860653
    ercot:NP6-905-CD cdr.00012301.0000000000000000.20260923.003202204.SPPHLZNP6905_20260923_0030_csv.zip published 2026-09-23T05:32:01Z rows 5 https://www.ercot.com/misdownload/servlets/mirDownload?doclookupId=1277864852
    ercot:NP6-905-CD cdr.00012301.0000000000000000.20260923.004702211.SPPHLZNP6905_20260923_0045_csv.zip published 2026-09-23T05:47:02Z rows 5 https://www.ercot.com/misdownload/servlets/mirDownload?doclookupId=1277869494
    ercot:NP6-905-CD cdr.00012301.0000000000000000.20260923.010202266.SPPHLZNP6905_20260923_0100_csv.zip published 2026-09-23T06:02:01Z rows 5 https://www.ercot.com/misdownload/servlets/mirDownload?doclookupId=1277873344
    ercot:NP6-905-CD cdr.00012301.0000000000000000.20260923.011702224.SPPHLZNP6905_20260923_0115_csv.zip published 2026-09-23T06:17:02Z rows 5 https://www.ercot.com/misdownload/servlets/mirDownload?doclookupId=1277877441
    ercot:NP6-905-CD cdr.00012301.0000000000000000.20260923.013202358.SPPHLZNP6905_20260923_0130_csv.zip published 2026-09-23T06:32:02Z rows 5 https://www.ercot.com/misdownload/servlets/mirDownload?doclookupId=1277881123
    ercot:NP6-905-CD cdr.00012301.0000000000000000.20260923.014702207.SPPHLZNP6905_20260923_0145_csv.zip published 2026-09-23T06:47:02Z rows 5 https://www.ercot.com/misdownload/servlets/mirDownload?doclookupId=1277884550
    ercot:NP6-905-CD cdr.00012301.0000000000000000.20260923.020202321.SPPHLZNP6905_20260923_0200_csv.zip published 2026-09-23T07:02:02Z rows 5 https://www.ercot.com/misdownload/servlets/mirDownload?doclookupId=1277888645
    ercot:NP6-905-CD cdr.00012301.0000000000000000.20260923.021702394.SPPHLZNP6905_20260923_0215_csv.zip published 2026-09-23T07:17:01Z rows 5 https://www.ercot.com/misdownload/servlets/mirDownload?doclookupId=1277892414
    ercot:NP6-905-CD cdr.00012301.0000000000000000.20260923.023202320.SPPHLZNP6905_20260923_0230_csv.zip published 2026-09-23T07:32:02Z rows 5 https://www.ercot.com/misdownload/servlets/mirDownload?doclookupId=1277896213
    ercot:NP6-905-CD cdr.00012301.0000000000000000.20260923.024702210.SPPHLZNP6905_20260923_0245_csv.zip published 2026-09-23T07:47:01Z rows 5 https://www.ercot.com/misdownload/servlets/mirDownload?doclookupId=1277899580
    ercot:NP6-905-CD cdr.00012301.0000000000000000.20260923.030202316.SPPHLZNP6905_20260923_0300_csv.zip published 2026-09-23T08:02:02Z rows 5 https://www.ercot.com/misdownload/servlets/mirDownload?doclookupId=1277900795
    ercot:NP6-905-CD cdr.00012301.0000000000000000.20260923.031702147.SPPHLZNP6905_20260923_0315_csv.zip published 2026-09-23T08:17:02Z rows 5 https://www.ercot.com/misdownload/servlets/mirDownload?doclookupId=1277907846
    ercot:NP6-905-CD cdr.00012301.0000000000000000.20260923.033202443.SPPHLZNP6905_20260923_0330_csv.zip published 2026-09-23T08:32:01Z rows 5 https://www.ercot.com/misdownload/servlets/mirDownload?doclookupId=1277911471
    ercot:NP6-905-CD cdr.00012301.0000000000000000.20260923.034702181.SPPHLZNP6905_20260923_0345_csv.zip published 2026-09-23T08:47:01Z rows 5 https://www.ercot.com/misdownload/servlets/mirDownload?doclookupId=1277915213
    ercot:NP6-905-CD cdr.00012301.0000000000000000.20260923.040202418.SPPHLZNP6905_20260923_0400_csv.zip published 2026-09-23T09:02:01Z rows 5 https://www.ercot.com/misdownload/servlets/mirDownload?doclookupId=1277919223
    ercot:NP6-905-CD cdr.00012301.0000000000000000.20260923.041705287.SPPHLZNP6905_20260923_0415_csv.zip published 2026-09-23T09:17:05Z rows 5 https://www.ercot.com/misdownload/servlets/mirDownload?doclookupId=1277923028
    ercot:NP6-905-CD cdr.00012301.0000000000000000.20260923.043202364.SPPHLZNP6905_20260923_0430_csv.zip published 2026-09-23T09:32:01Z rows 5 https://www.ercot.com/misdownload/servlets/mirDownload?doclookupId=1277926668
    ercot:NP6-905-CD cdr.00012301.0000000000000000.20260923.044702220.SPPHLZNP6905_20260923_0445_csv.zip published 2026-09-23T09:47:01Z rows 5 https://www.ercot.com/misdownload/servlets/mirDownload?doclookupId=1277930406
    ercot:NP6-905-CD cdr.00012301.0000000000000000.20260923.050202347.SPPHLZNP6905_20260923_0500_csv.zip published 2026-09-23T10:02:02Z rows 5 https://www.ercot.com/misdownload/servlets/mirDownload?doclookupId=1277934337
    ercot:NP6-905-CD cdr.00012301.0000000000000000.20260923.051702135.SPPHLZNP6905_20260923_0515_csv.zip published 2026-09-23T10:17:01Z rows 5 https://www.ercot.com/misdownload/servlets/mirDownload?doclookupId=1277941417
    ercot:NP6-905-CD cdr.00012301.0000000000000000.20260923.053202340.SPPHLZNP6905_20260923_0530_csv.zip published 2026-09-23T10:32:01Z rows 5 https://www.ercot.com/misdownload/servlets/mirDownload?doclookupId=1277945155
    ercot:NP6-905-CD cdr.00012301.0000000000000000.20260923.054702245.SPPHLZNP6905_20260923_0545_csv.zip published 2026-09-23T10:47:02Z rows 5 https://www.ercot.com/misdownload/servlets/mirDownload?doclookupId=1277948943
    ercot:NP6-905-CD cdr.00012301.0000000000000000.20260923.060202337.SPPHLZNP6905_20260923_0600_csv.zip published 2026-09-23T11:02:01Z rows 5 https://www.ercot.com/misdownload/servlets/mirDownload?doclookupId=1277953522
    ercot:NP6-905-CD cdr.00012301.0000000000000000.20260923.061702316.SPPHLZNP6905_20260923_0615_csv.zip published 2026-09-23T11:17:02Z rows 5 https://www.ercot.com/misdownload/servlets/mirDownload?doclookupId=1277959345
    ercot:NP6-905-CD cdr.00012301.0000000000000000.20260923.063202274.SPPHLZNP6905_20260923_0630_csv.zip published 2026-09-23T11:32:01Z rows 5 https://www.ercot.com/misdownload/servlets/mirDownload?doclookupId=1277965263
    ercot:NP6-905-CD cdr.00012301.0000000000000000.20260923.064702259.SPPHLZNP6905_20260923_0645_csv.zip published 2026-09-23T11:47:01Z rows 5 https://www.ercot.com/misdownload/servlets/mirDownload?doclookupId=1277969094
    ercot:NP6-905-CD cdr.00012301.0000000000000000.20260923.070202337.SPPHLZNP6905_20260923_0700_csv.zip published 2026-09-23T12:02:01Z rows 5 https://www.ercot.com/misdownload/servlets/mirDownload?doclookupId=1277972665
    ercot:NP6-905-CD cdr.00012301.0000000000000000.20260923.071702379.SPPHLZNP6905_20260923_0715_csv.zip published 2026-09-23T12:17:01Z rows 5 https://www.ercot.com/misdownload/servlets/mirDownload?doclookupId=1277976802
    ercot:NP6-905-CD cdr.00012301.0000000000000000.20260923.073202275.SPPHLZNP6905_20260923_0730_csv.zip published 2026-09-23T12:32:01Z rows 5 https://www.ercot.com/misdownload/servlets/mirDownload?doclookupId=1277980776
    ercot:NP6-905-CD cdr.00012301.0000000000000000.20260923.074702206.SPPHLZNP6905_20260923_0745_csv.zip published 2026-09-23T12:47:01Z rows 5 https://www.ercot.com/misdownload/servlets/mirDownload?doclookupId=1277984378
    ercot:NP6-905-CD cdr.00012301.0000000000000000.20260923.080202295.SPPHLZNP6905_20260923_0800_csv.zip published 2026-09-23T13:02:01Z rows 5 https://www.ercot.com/misdownload/servlets/mirDownload?doclookupId=1277989266
    ercot:NP6-905-CD cdr.00012301.0000000000000000.20260923.081702414.SPPHLZNP6905_20260923_0815_csv.zip published 2026-09-23T13:17:01Z rows 5 https://www.ercot.com/misdownload/servlets/mirDownload?doclookupId=1277994753
    ercot:NP6-905-CD cdr.00012301.0000000000000000.20260923.083202215.SPPHLZNP6905_20260923_0830_csv.zip published 2026-09-23T13:32:01Z rows 5 https://www.ercot.com/misdownload/servlets/mirDownload?doclookupId=1277999685
    ercot:NP6-905-CD cdr.00012301.0000000000000000.20260923.084702185.SPPHLZNP6905_20260923_0845_csv.zip published 2026-09-23T13:47:01Z rows 5 https://www.ercot.com/misdownload/servlets/mirDownload?doclookupId=1278002253
    ercot:NP6-905-CD cdr.00012301.0000000000000000.20260923.090202400.SPPHLZNP6905_20260923_0900_csv.zip published 2026-09-23T14:02:01Z rows 5 https://www.ercot.com/misdownload/servlets/mirDownload?doclookupId=1278010050
    ercot:NP6-905-CD cdr.00012301.0000000000000000.20260923.091702295.SPPHLZNP6905_20260923_0915_csv.zip published 2026-09-23T14:17:01Z rows 5 https://www.ercot.com/misdownload/servlets/mirDownload?doclookupId=1278016225
    ercot:NP6-905-CD cdr.00012301.0000000000000000.20260923.093202290.SPPHLZNP6905_20260923_0930_csv.zip published 2026-09-23T14:32:01Z rows 5 https://www.ercot.com/misdownload/servlets/mirDownload?doclookupId=1278020870
    ercot:NP6-905-CD cdr.00012301.0000000000000000.20260923.094701992.SPPHLZNP6905_20260923_0945_csv.zip published 2026-09-23T14:47:01Z rows 5 https://www.ercot.com/misdownload/servlets/mirDownload?doclookupId=1278025699
    ercot:NP6-905-CD cdr.00012301.0000000000000000.20260923.100202254.SPPHLZNP6905_20260923_1000_csv.zip published 2026-09-23T15:02:02Z rows 5 https://www.ercot.com/misdownload/servlets/mirDownload?doclookupId=1278029981
    ercot:NP6-905-CD cdr.00012301.0000000000000000.20260923.101702200.SPPHLZNP6905_20260923_1015_csv.zip published 2026-09-23T15:17:01Z rows 5 https://www.ercot.com/misdownload/servlets/mirDownload?doclookupId=1278033903
    ercot:NP6-905-CD cdr.00012301.0000000000000000.20260923.103202265.SPPHLZNP6905_20260923_1030_csv.zip published 2026-09-23T15:32:01Z rows 5 https://www.ercot.com/misdownload/servlets/mirDownload?doclookupId=1278037513
    ercot:NP6-905-CD cdr.00012301.0000000000000000.20260923.104702191.SPPHLZNP6905_20260923_1045_csv.zip published 2026-09-23T15:47:01Z rows 5 https://www.ercot.com/misdownload/servlets/mirDownload?doclookupId=1278041001
    ercot:NP6-905-CD cdr.00012301.0000000000000000.20260923.110202336.SPPHLZNP6905_20260923_1100_csv.zip published 2026-09-23T16:02:01Z rows 5 https://www.ercot.com/misdownload/servlets/mirDownload?doclookupId=1278044590
    ercot:NP6-905-CD cdr.00012301.0000000000000000.20260923.111701957.SPPHLZNP6905_20260923_1115_csv.zip published 2026-09-23T16:17:01Z rows 5 https://www.ercot.com/misdownload/servlets/mirDownload?doclookupId=1278049096
    ercot:NP6-905-CD cdr.00012301.0000000000000000.20260923.113202232.SPPHLZNP6905_20260923_1130_csv.zip published 2026-09-23T16:32:02Z rows 5 https://www.ercot.com/misdownload/servlets/mirDownload?doclookupId=1278052868
    ercot:NP6-905-CD cdr.00012301.0000000000000000.20260923.114702233.SPPHLZNP6905_20260923_1145_csv.zip published 2026-09-23T16:47:01Z rows 5 https://www.ercot.com/misdownload/servlets/mirDownload?doclookupId=1278056427
    ercot:NP6-905-CD cdr.00012301.0000000000000000.20260923.120202391.SPPHLZNP6905_20260923_1200_csv.zip published 2026-09-23T17:02:02Z rows 5 https://www.ercot.com/misdownload/servlets/mirDownload?doclookupId=1278060468
    ercot:NP6-905-CD cdr.00012301.0000000000000000.20260923.121702398.SPPHLZNP6905_20260923_1215_csv.zip published 2026-09-23T17:17:01Z rows 5 https://www.ercot.com/misdownload/servlets/mirDownload?doclookupId=1278064208
    ercot:NP6-905-CD cdr.00012301.0000000000000000.20260923.123203296.SPPHLZNP6905_20260923_1230_csv.zip published 2026-09-23T17:32:02Z rows 5 https://www.ercot.com/misdownload/servlets/mirDownload?doclookupId=1278067826
    ercot:NP6-905-CD cdr.00012301.0000000000000000.20260923.124702316.SPPHLZNP6905_20260923_1245_csv.zip published 2026-09-23T17:47:01Z rows 5 https://www.ercot.com/misdownload/servlets/mirDownload?doclookupId=1278071697
    ercot:NP6-905-CD cdr.00012301.0000000000000000.20260923.130202422.SPPHLZNP6905_20260923_1300_csv.zip published 2026-09-23T18:02:02Z rows 5 https://www.ercot.com/misdownload/servlets/mirDownload?doclookupId=1278075929
    ercot:NP6-905-CD cdr.00012301.0000000000000000.20260923.131702343.SPPHLZNP6905_20260923_1315_csv.zip published 2026-09-23T18:17:02Z rows 5 https://www.ercot.com/misdownload/servlets/mirDownload?doclookupId=1278079980
    ercot:NP6-905-CD cdr.00012301.0000000000000000.20260923.133202235.SPPHLZNP6905_20260923_1330_csv.zip published 2026-09-23T18:32:01Z rows 5 https://www.ercot.com/misdownload/servlets/mirDownload?doclookupId=1278084450
    ercot:NP6-905-CD cdr.00012301.0000000000000000.20260923.134702331.SPPHLZNP6905_20260923_1345_csv.zip published 2026-09-23T18:47:01Z rows 5 https://www.ercot.com/misdownload/servlets/mirDownload?doclookupId=1278087935
    ercot:NP6-905-CD cdr.00012301.0000000000000000.20260923.140202466.SPPHLZNP6905_20260923_1400_csv.zip published 2026-09-23T19:02:01Z rows 5 https://www.ercot.com/misdownload/servlets/mirDownload?doclookupId=1278092177
    ercot:NP6-905-CD cdr.00012301.0000000000000000.20260923.141702230.SPPHLZNP6905_20260923_1415_csv.zip published 2026-09-23T19:17:02Z rows 5 https://www.ercot.com/misdownload/servlets/mirDownload?doclookupId=1278096406
    ercot:NP6-905-CD cdr.00012301.0000000000000000.20260923.143202385.SPPHLZNP6905_20260923_1430_csv.zip published 2026-09-23T19:32:02Z rows 5 https://www.ercot.com/misdownload/servlets/mirDownload?doclookupId=1278102954
    ercot:NP6-905-CD cdr.00012301.0000000000000000.20260923.144702248.SPPHLZNP6905_20260923_1445_csv.zip published 2026-09-23T19:47:01Z rows 5 https://www.ercot.com/misdownload/servlets/mirDownload?doclookupId=1278108360
    ercot:NP6-905-CD cdr.00012301.0000000000000000.20260923.150202413.SPPHLZNP6905_20260923_1500_csv.zip published 2026-09-23T20:02:01Z rows 5 https://www.ercot.com/misdownload/servlets/mirDownload?doclookupId=1278114646
    ercot:NP6-905-CD cdr.00012301.0000000000000000.20260923.151702386.SPPHLZNP6905_20260923_1515_csv.zip published 2026-09-23T20:17:02Z rows 5 https://www.ercot.com/misdownload/servlets/mirDownload?doclookupId=1278119013
    ercot:NP6-905-CD cdr.00012301.0000000000000000.20260923.153202382.SPPHLZNP6905_20260923_1530_csv.zip published 2026-09-23T20:32:01Z rows 5 https://www.ercot.com/misdownload/servlets/mirDownload?doclookupId=1278122615
    ercot:NP6-905-CD cdr.00012301.0000000000000000.20260923.154702376.SPPHLZNP6905_20260923_1545_csv.zip published 2026-09-23T20:47:01Z rows 5 https://www.ercot.com/misdownload/servlets/mirDownload?doclookupId=1278126187
    ercot:NP6-905-CD cdr.00012301.0000000000000000.20260923.160202878.SPPHLZNP6905_20260923_1600_csv.zip published 2026-09-23T21:02:01Z rows 5 https://www.ercot.com/misdownload/servlets/mirDownload?doclookupId=1278130020
    ercot:NP6-905-CD cdr.00012301.0000000000000000.20260923.161702381.SPPHLZNP6905_20260923_1615_csv.zip published 2026-09-23T21:17:01Z rows 5 https://www.ercot.com/misdownload/servlets/mirDownload?doclookupId=1278133703
    ercot:NP6-905-CD cdr.00012301.0000000000000000.20260923.163202396.SPPHLZNP6905_20260923_1630_csv.zip published 2026-09-23T21:32:01Z rows 5 https://www.ercot.com/misdownload/servlets/mirDownload?doclookupId=1278137600
    ercot:NP6-905-CD cdr.00012301.0000000000000000.20260923.164702265.SPPHLZNP6905_20260923_1645_csv.zip published 2026-09-23T21:47:01Z rows 5 https://www.ercot.com/misdownload/servlets/mirDownload?doclookupId=1278141087
    ercot:NP6-905-CD cdr.00012301.0000000000000000.20260923.170202420.SPPHLZNP6905_20260923_1700_csv.zip published 2026-09-23T22:02:01Z rows 5 https://www.ercot.com/misdownload/servlets/mirDownload?doclookupId=1278145603
    ercot:NP6-905-CD cdr.00012301.0000000000000000.20260923.171702389.SPPHLZNP6905_20260923_1715_csv.zip published 2026-09-23T22:17:01Z rows 5 https://www.ercot.com/misdownload/servlets/mirDownload?doclookupId=1278149206
    ercot:NP6-905-CD cdr.00012301.0000000000000000.20260923.173202334.SPPHLZNP6905_20260923_1730_csv.zip published 2026-09-23T22:32:02Z rows 5 https://www.ercot.com/misdownload/servlets/mirDownload?doclookupId=1278153856
    ercot:NP6-905-CD cdr.00012301.0000000000000000.20260923.174702254.SPPHLZNP6905_20260923_1745_csv.zip published 2026-09-23T22:47:01Z rows 5 https://www.ercot.com/misdownload/servlets/mirDownload?doclookupId=1278157470
    ercot:NP6-905-CD cdr.00012301.0000000000000000.20260923.180202321.SPPHLZNP6905_20260923_1800_csv.zip published 2026-09-23T23:02:01Z rows 5 https://www.ercot.com/misdownload/servlets/mirDownload?doclookupId=1278161758
    ercot:NP6-905-CD cdr.00012301.0000000000000000.20260923.181702212.SPPHLZNP6905_20260923_1815_csv.zip published 2026-09-23T23:17:01Z rows 5 https://www.ercot.com/misdownload/servlets/mirDownload?doclookupId=1278166743
    ercot:NP6-905-CD cdr.00012301.0000000000000000.20260923.183202347.SPPHLZNP6905_20260923_1830_csv.zip published 2026-09-23T23:32:01Z rows 5 https://www.ercot.com/misdownload/servlets/mirDownload?doclookupId=1278171963
    ercot:NP6-905-CD cdr.00012301.0000000000000000.20260923.184702172.SPPHLZNP6905_20260923_1845_csv.zip published 2026-09-23T23:47:01Z rows 5 https://www.ercot.com/misdownload/servlets/mirDownload?doclookupId=1278175503
    ercot:NP6-905-CD cdr.00012301.0000000000000000.20260923.190202348.SPPHLZNP6905_20260923_1900_csv.zip published 2026-09-24T00:02:01Z rows 5 https://www.ercot.com/misdownload/servlets/mirDownload?doclookupId=1278179435
    ercot:NP6-905-CD cdr.00012301.0000000000000000.20260923.191702259.SPPHLZNP6905_20260923_1915_csv.zip published 2026-09-24T00:17:01Z rows 5 https://www.ercot.com/misdownload/servlets/mirDownload?doclookupId=1278183709
    ercot:NP6-905-CD cdr.00012301.0000000000000000.20260923.193202350.SPPHLZNP6905_20260923_1930_csv.zip published 2026-09-24T00:32:01Z rows 5 https://www.ercot.com/misdownload/servlets/mirDownload?doclookupId=1278187915
    ercot:NP6-905-CD cdr.00012301.0000000000000000.20260923.194702306.SPPHLZNP6905_20260923_1945_csv.zip published 2026-09-24T00:47:01Z rows 5 https://www.ercot.com/misdownload/servlets/mirDownload?doclookupId=1278192479
    ercot:NP6-905-CD cdr.00012301.0000000000000000.20260923.200202413.SPPHLZNP6905_20260923_2000_csv.zip published 2026-09-24T01:02:01Z rows 5 https://www.ercot.com/misdownload/servlets/mirDownload?doclookupId=1278196563
    ercot:NP6-905-CD cdr.00012301.0000000000000000.20260923.201702249.SPPHLZNP6905_20260923_2015_csv.zip published 2026-09-24T01:17:01Z rows 5 https://www.ercot.com/misdownload/servlets/mirDownload?doclookupId=1278200322
    ercot:NP6-905-CD cdr.00012301.0000000000000000.20260923.203202540.SPPHLZNP6905_20260923_2030_csv.zip published 2026-09-24T01:32:01Z rows 5 https://www.ercot.com/misdownload/servlets/mirDownload?doclookupId=1278204242
    ercot:NP6-905-CD cdr.00012301.0000000000000000.20260923.204702352.SPPHLZNP6905_20260923_2045_csv.zip published 2026-09-24T01:47:01Z rows 5 https://www.ercot.com/misdownload/servlets/mirDownload?doclookupId=1278208050
    ercot:NP6-905-CD cdr.00012301.0000000000000000.20260923.210202371.SPPHLZNP6905_20260923_2100_csv.zip published 2026-09-24T02:02:01Z rows 5 https://www.ercot.com/misdownload/servlets/mirDownload?doclookupId=1278212030
    ercot:NP6-905-CD cdr.00012301.0000000000000000.20260923.211702242.SPPHLZNP6905_20260923_2115_csv.zip published 2026-09-24T02:17:01Z rows 5 https://www.ercot.com/misdownload/servlets/mirDownload?doclookupId=1278215490
    ercot:NP6-905-CD cdr.00012301.0000000000000000.20260923.213202249.SPPHLZNP6905_20260923_2130_csv.zip published 2026-09-24T02:32:01Z rows 5 https://www.ercot.com/misdownload/servlets/mirDownload?doclookupId=1278219434
    ercot:NP6-905-CD cdr.00012301.0000000000000000.20260923.214702236.SPPHLZNP6905_20260923_2145_csv.zip published 2026-09-24T02:47:01Z rows 5 https://www.ercot.com/misdownload/servlets/mirDownload?doclookupId=1278223097
    ercot:NP6-905-CD cdr.00012301.0000000000000000.20260923.220206675.SPPHLZNP6905_20260923_2200_csv.zip published 2026-09-24T03:02:06Z rows 5 https://www.ercot.com/misdownload/servlets/mirDownload?doclookupId=1278217595
    ercot:NP6-905-CD cdr.00012301.0000000000000000.20260923.221702274.SPPHLZNP6905_20260923_2215_csv.zip published 2026-09-24T03:17:01Z rows 5 https://www.ercot.com/misdownload/servlets/mirDownload?doclookupId=1278231142
    ercot:NP6-905-CD cdr.00012301.0000000000000000.20260923.223204300.SPPHLZNP6905_20260923_2230_csv.zip published 2026-09-24T03:32:03Z rows 5 https://www.ercot.com/misdownload/servlets/mirDownload?doclookupId=1278235930
    ercot:NP6-905-CD cdr.00012301.0000000000000000.20260923.224702411.SPPHLZNP6905_20260923_2245_csv.zip published 2026-09-24T03:47:01Z rows 5 https://www.ercot.com/misdownload/servlets/mirDownload?doclookupId=1278239683
    ercot:NP6-905-CD cdr.00012301.0000000000000000.20260923.230202426.SPPHLZNP6905_20260923_2300_csv.zip published 2026-09-24T04:02:01Z rows 5 https://www.ercot.com/misdownload/servlets/mirDownload?doclookupId=1278243547
    ercot:NP6-905-CD cdr.00012301.0000000000000000.20260923.231702176.SPPHLZNP6905_20260923_2315_csv.zip published 2026-09-24T04:17:01Z rows 5 https://www.ercot.com/misdownload/servlets/mirDownload?doclookupId=1278247301
    ercot:NP6-905-CD cdr.00012301.0000000000000000.20260923.233201992.SPPHLZNP6905_20260923_2330_csv.zip published 2026-09-24T04:32:01Z rows 5 https://www.ercot.com/misdownload/servlets/mirDownload?doclookupId=1278251079
    ercot:NP6-905-CD cdr.00012301.0000000000000000.20260923.234702304.SPPHLZNP6905_20260923_2345_csv.zip published 2026-09-24T04:47:01Z rows 5 https://www.ercot.com/misdownload/servlets/mirDownload?doclookupId=1278254673
    ercot:NP6-905-CD cdr.00012301.0000000000000000.20260924.000202444.SPPHLZNP6905_20260924_0000_csv.zip published 2026-09-24T05:02:02Z rows 5 https://www.ercot.com/misdownload/servlets/mirDownload?doclookupId=1278258900
    ercot:NP6-905-CD cdr.00012301.0000000000000000.20260924.001702240.SPPHLZNP6905_20260924_0015_csv.zip published 2026-09-24T05:17:01Z rows 5 https://www.ercot.com/misdownload/servlets/mirDownload?doclookupId=1278262745
    ercot:NP6-905-CD cdr.00012301.0000000000000000.20260924.003202410.SPPHLZNP6905_20260924_0030_csv.zip published 2026-09-24T05:32:01Z rows 5 https://www.ercot.com/misdownload/servlets/mirDownload?doclookupId=1278267259
    ercot:NP6-905-CD cdr.00012301.0000000000000000.20260924.004702130.SPPHLZNP6905_20260924_0045_csv.zip published 2026-09-24T05:47:01Z rows 5 https://www.ercot.com/misdownload/servlets/mirDownload?doclookupId=1278270700
    ercot:NP6-905-CD cdr.00012301.0000000000000000.20260924.010202371.SPPHLZNP6905_20260924_0100_csv.zip published 2026-09-24T06:02:02Z rows 5 https://www.ercot.com/misdownload/servlets/mirDownload?doclookupId=1278274832
    ercot:NP6-905-CD cdr.00012301.0000000000000000.20260924.011702312.SPPHLZNP6905_20260924_0115_csv.zip published 2026-09-24T06:17:02Z rows 5 https://www.ercot.com/misdownload/servlets/mirDownload?doclookupId=1278278641
    ercot:NP6-905-CD cdr.00012301.0000000000000000.20260924.013202409.SPPHLZNP6905_20260924_0130_csv.zip published 2026-09-24T06:32:02Z rows 5 https://www.ercot.com/misdownload/servlets/mirDownload?doclookupId=1278282011
    ercot:NP6-905-CD cdr.00012301.0000000000000000.20260924.014702293.SPPHLZNP6905_20260924_0145_csv.zip published 2026-09-24T06:47:02Z rows 5 https://www.ercot.com/misdownload/servlets/mirDownload?doclookupId=1278286011
    ercot:NP6-905-CD cdr.00012301.0000000000000000.20260924.020202379.SPPHLZNP6905_20260924_0200_csv.zip published 2026-09-24T07:02:02Z rows 5 https://www.ercot.com/misdownload/servlets/mirDownload?doclookupId=1278289882
    ercot:NP6-905-CD cdr.00012301.0000000000000000.20260924.021702215.SPPHLZNP6905_20260924_0215_csv.zip published 2026-09-24T07:17:02Z rows 5 https://www.ercot.com/misdownload/servlets/mirDownload?doclookupId=1278289459
    ercot:NP6-905-CD cdr.00012301.0000000000000000.20260924.023202355.SPPHLZNP6905_20260924_0230_csv.zip published 2026-09-24T07:32:01Z rows 5 https://www.ercot.com/misdownload/servlets/mirDownload?doclookupId=1278297165
    ercot:NP6-905-CD cdr.00012301.0000000000000000.20260924.024702263.SPPHLZNP6905_20260924_0245_csv.zip published 2026-09-24T07:47:02Z rows 5 https://www.ercot.com/misdownload/servlets/mirDownload?doclookupId=1278300902
    ercot:NP6-905-CD cdr.00012301.0000000000000000.20260924.030202400.SPPHLZNP6905_20260924_0300_csv.zip published 2026-09-24T08:02:02Z rows 5 https://www.ercot.com/misdownload/servlets/mirDownload?doclookupId=1278300815
    ercot:NP6-905-CD cdr.00012301.0000000000000000.20260924.031702127.SPPHLZNP6905_20260924_0315_csv.zip published 2026-09-24T08:17:01Z rows 5 https://www.ercot.com/misdownload/servlets/mirDownload?doclookupId=1278308771
    ercot:NP6-905-CD cdr.00012301.0000000000000000.20260924.033202273.SPPHLZNP6905_20260924_0330_csv.zip published 2026-09-24T08:32:02Z rows 5 https://www.ercot.com/misdownload/servlets/mirDownload?doclookupId=1278312352
    ercot:NP6-905-CD cdr.00012301.0000000000000000.20260924.034702216.SPPHLZNP6905_20260924_0345_csv.zip published 2026-09-24T08:47:02Z rows 5 https://www.ercot.com/misdownload/servlets/mirDownload?doclookupId=1278315874
    ercot:NP6-905-CD cdr.00012301.0000000000000000.20260924.040202527.SPPHLZNP6905_20260924_0400_csv.zip published 2026-09-24T09:02:02Z rows 5 https://www.ercot.com/misdownload/servlets/mirDownload?doclookupId=1278319653
    ercot:NP6-905-CD cdr.00012301.0000000000000000.20260924.041702136.SPPHLZNP6905_20260924_0415_csv.zip published 2026-09-24T09:17:01Z rows 5 https://www.ercot.com/misdownload/servlets/mirDownload?doclookupId=1278323803
    ercot:NP6-905-CD cdr.00012301.0000000000000000.20260924.043202212.SPPHLZNP6905_20260924_0430_csv.zip published 2026-09-24T09:32:01Z rows 5 https://www.ercot.com/misdownload/servlets/mirDownload?doclookupId=1278327272
    ercot:NP6-905-CD cdr.00012301.0000000000000000.20260924.044702218.SPPHLZNP6905_20260924_0445_csv.zip published 2026-09-24T09:47:02Z rows 5 https://www.ercot.com/misdownload/servlets/mirDownload?doclookupId=1278330826
    ercot:NP6-905-CD cdr.00012301.0000000000000000.20260924.050202231.SPPHLZNP6905_20260924_0500_csv.zip published 2026-09-24T10:02:01Z rows 5 https://www.ercot.com/misdownload/servlets/mirDownload?doclookupId=1278334808
    ercot:NP6-905-CD cdr.00012301.0000000000000000.20260924.051702028.SPPHLZNP6905_20260924_0515_csv.zip published 2026-09-24T10:17:01Z rows 5 https://www.ercot.com/misdownload/servlets/mirDownload?doclookupId=1278342163
    ercot:NP6-905-CD cdr.00012301.0000000000000000.20260924.053202316.SPPHLZNP6905_20260924_0530_csv.zip published 2026-09-24T10:32:02Z rows 5 https://www.ercot.com/misdownload/servlets/mirDownload?doclookupId=1278345881
    ercot:NP6-905-CD cdr.00012301.0000000000000000.20260924.054702266.SPPHLZNP6905_20260924_0545_csv.zip published 2026-09-24T10:47:02Z rows 5 https://www.ercot.com/misdownload/servlets/mirDownload?doclookupId=1278349763
    ercot:NP6-905-CD cdr.00012301.0000000000000000.20260924.060202565.SPPHLZNP6905_20260924_0600_csv.zip published 2026-09-24T11:02:01Z rows 5 https://www.ercot.com/misdownload/servlets/mirDownload?doclookupId=1278354947
    ercot:NP6-905-CD cdr.00012301.0000000000000000.20260924.061702353.SPPHLZNP6905_20260924_0615_csv.zip published 2026-09-24T11:17:01Z rows 5 https://www.ercot.com/misdownload/servlets/mirDownload?doclookupId=1278359587
    ercot:NP6-905-CD cdr.00012301.0000000000000000.20260924.063202285.SPPHLZNP6905_20260924_0630_csv.zip published 2026-09-24T11:32:01Z rows 5 https://www.ercot.com/misdownload/servlets/mirDownload?doclookupId=1278365430
    ercot:NP6-905-CD cdr.00012301.0000000000000000.20260924.064702206.SPPHLZNP6905_20260924_0645_csv.zip published 2026-09-24T11:47:01Z rows 5 https://www.ercot.com/misdownload/servlets/mirDownload?doclookupId=1278369495
    ercot:NP6-905-CD cdr.00012301.0000000000000000.20260924.070202252.SPPHLZNP6905_20260924_0700_csv.zip published 2026-09-24T12:02:02Z rows 5 https://www.ercot.com/misdownload/servlets/mirDownload?doclookupId=1278368230
    ercot:NP6-905-CD cdr.00012301.0000000000000000.20260924.071702260.SPPHLZNP6905_20260924_0715_csv.zip published 2026-09-24T12:17:01Z rows 5 https://www.ercot.com/misdownload/servlets/mirDownload?doclookupId=1278377373
    ercot:NP6-905-CD cdr.00012301.0000000000000000.20260924.073202181.SPPHLZNP6905_20260924_0730_csv.zip published 2026-09-24T12:32:01Z rows 5 https://www.ercot.com/misdownload/servlets/mirDownload?doclookupId=1278381341
    ercot:NP6-905-CD cdr.00012301.0000000000000000.20260924.074702217.SPPHLZNP6905_20260924_0745_csv.zip published 2026-09-24T12:47:01Z rows 5 https://www.ercot.com/misdownload/servlets/mirDownload?doclookupId=1278385021
    ercot:NP6-905-CD cdr.00012301.0000000000000000.20260924.080202280.SPPHLZNP6905_20260924_0800_csv.zip published 2026-09-24T13:02:01Z rows 5 https://www.ercot.com/misdownload/servlets/mirDownload?doclookupId=1278389936
    ercot:NP6-905-CD cdr.00012301.0000000000000000.20260924.081702311.SPPHLZNP6905_20260924_0815_csv.zip published 2026-09-24T13:17:01Z rows 5 https://www.ercot.com/misdownload/servlets/mirDownload?doclookupId=1278395234
    ercot:NP6-905-CD cdr.00012301.0000000000000000.20260924.083202393.SPPHLZNP6905_20260924_0830_csv.zip published 2026-09-24T13:32:01Z rows 5 https://www.ercot.com/misdownload/servlets/mirDownload?doclookupId=1278400380
    ercot:NP6-905-CD cdr.00012301.0000000000000000.20260924.084702417.SPPHLZNP6905_20260924_0845_csv.zip published 2026-09-24T13:47:01Z rows 5 https://www.ercot.com/misdownload/servlets/mirDownload?doclookupId=1278405317
    ercot:NP6-905-CD cdr.00012301.0000000000000000.20260924.090202501.SPPHLZNP6905_20260924_0900_csv.zip published 2026-09-24T14:02:01Z rows 5 https://www.ercot.com/misdownload/servlets/mirDownload?doclookupId=1278410435
    ercot:NP6-905-CD cdr.00012301.0000000000000000.20260924.091702205.SPPHLZNP6905_20260924_0915_csv.zip published 2026-09-24T14:17:02Z rows 5 https://www.ercot.com/misdownload/servlets/mirDownload?doclookupId=1278416561
    ercot:NP6-905-CD cdr.00012301.0000000000000000.20260924.093202094.SPPHLZNP6905_20260924_0930_csv.zip published 2026-09-24T14:32:01Z rows 5 https://www.ercot.com/misdownload/servlets/mirDownload?doclookupId=1278421593
    ercot:NP6-905-CD cdr.00012301.0000000000000000.20260924.094702323.SPPHLZNP6905_20260924_0945_csv.zip published 2026-09-24T14:47:02Z rows 5 https://www.ercot.com/misdownload/servlets/mirDownload?doclookupId=1278429763
    ercot:NP6-905-CD cdr.00012301.0000000000000000.20260924.100202321.SPPHLZNP6905_20260924_1000_csv.zip published 2026-09-24T15:02:01Z rows 5 https://www.ercot.com/misdownload/servlets/mirDownload?doclookupId=1278433798
    ercot:NP6-905-CD cdr.00012301.0000000000000000.20260924.101702016.SPPHLZNP6905_20260924_1015_csv.zip published 2026-09-24T15:17:01Z rows 5 https://www.ercot.com/misdownload/servlets/mirDownload?doclookupId=1278439103
    ercot:NP6-905-CD cdr.00012301.0000000000000000.20260924.103202202.SPPHLZNP6905_20260924_1030_csv.zip published 2026-09-24T15:32:01Z rows 5 https://www.ercot.com/misdownload/servlets/mirDownload?doclookupId=1278443703
    ercot:NP6-905-CD cdr.00012301.0000000000000000.20260924.104702230.SPPHLZNP6905_20260924_1045_csv.zip published 2026-09-24T15:47:01Z rows 5 https://www.ercot.com/misdownload/servlets/mirDownload?doclookupId=1278446996
    ercot:NP6-905-CD cdr.00012301.0000000000000000.20260924.110202481.SPPHLZNP6905_20260924_1100_csv.zip published 2026-09-24T16:02:01Z rows 5 https://www.ercot.com/misdownload/servlets/mirDownload?doclookupId=1278451464
    ercot:NP6-905-CD cdr.00012301.0000000000000000.20260924.111702288.SPPHLZNP6905_20260924_1115_csv.zip published 2026-09-24T16:17:01Z rows 5 https://www.ercot.com/misdownload/servlets/mirDownload?doclookupId=1278455140
    ercot:NP6-905-CD cdr.00012301.0000000000000000.20260924.113202116.SPPHLZNP6905_20260924_1130_csv.zip published 2026-09-24T16:32:02Z rows 5 https://www.ercot.com/misdownload/servlets/mirDownload?doclookupId=1278458786
    ercot:NP6-905-CD cdr.00012301.0000000000000000.20260924.114702240.SPPHLZNP6905_20260924_1145_csv.zip published 2026-09-24T16:47:01Z rows 5 https://www.ercot.com/misdownload/servlets/mirDownload?doclookupId=1278463142
    ercot:NP6-905-CD cdr.00012301.0000000000000000.20260924.120202371.SPPHLZNP6905_20260924_1200_csv.zip published 2026-09-24T17:02:02Z rows 5 https://www.ercot.com/misdownload/servlets/mirDownload?doclookupId=1278467032
    ercot:NP6-905-CD cdr.00012301.0000000000000000.20260924.121702443.SPPHLZNP6905_20260924_1215_csv.zip published 2026-09-24T17:17:02Z rows 5 https://www.ercot.com/misdownload/servlets/mirDownload?doclookupId=1278470674
    ercot:NP6-905-CD cdr.00012301.0000000000000000.20260924.123202479.SPPHLZNP6905_20260924_1230_csv.zip published 2026-09-24T17:32:01Z rows 5 https://www.ercot.com/misdownload/servlets/mirDownload?doclookupId=1278474635
    ercot:NP6-905-CD cdr.00012301.0000000000000000.20260924.124702406.SPPHLZNP6905_20260924_1245_csv.zip published 2026-09-24T17:47:01Z rows 5 https://www.ercot.com/misdownload/servlets/mirDownload?doclookupId=1278478259
    ercot:NP6-905-CD cdr.00012301.0000000000000000.20260924.130202515.SPPHLZNP6905_20260924_1300_csv.zip published 2026-09-24T18:02:02Z rows 5 https://www.ercot.com/misdownload/servlets/mirDownload?doclookupId=1278483585
    ercot:NP6-905-CD cdr.00012301.0000000000000000.20260924.131703190.SPPHLZNP6905_20260924_1315_csv.zip published 2026-09-24T18:17:02Z rows 5 https://www.ercot.com/misdownload/servlets/mirDownload?doclookupId=1278487282
    ercot:NP6-905-CD cdr.00012301.0000000000000000.20260924.133202313.SPPHLZNP6905_20260924_1330_csv.zip published 2026-09-24T18:32:02Z rows 5 https://www.ercot.com/misdownload/servlets/mirDownload?doclookupId=1278493387
    ercot:NP6-905-CD cdr.00012301.0000000000000000.20260924.134702236.SPPHLZNP6905_20260924_1345_csv.zip published 2026-09-24T18:47:01Z rows 5 https://www.ercot.com/misdownload/servlets/mirDownload?doclookupId=1278497602
    ercot:NP6-905-CD cdr.00012301.0000000000000000.20260924.140202282.SPPHLZNP6905_20260924_1400_csv.zip published 2026-09-24T19:02:01Z rows 5 https://www.ercot.com/misdownload/servlets/mirDownload?doclookupId=1278501684
    ercot:NP6-905-CD cdr.00012301.0000000000000000.20260924.141702280.SPPHLZNP6905_20260924_1415_csv.zip published 2026-09-24T19:17:02Z rows 5 https://www.ercot.com/misdownload/servlets/mirDownload?doclookupId=1278505434
    ercot:NP6-905-CD cdr.00012301.0000000000000000.20260924.143202475.SPPHLZNP6905_20260924_1430_csv.zip published 2026-09-24T19:32:01Z rows 5 https://www.ercot.com/misdownload/servlets/mirDownload?doclookupId=1278511117
    ercot:NP6-905-CD cdr.00012301.0000000000000000.20260924.144702278.SPPHLZNP6905_20260924_1445_csv.zip published 2026-09-24T19:47:01Z rows 5 https://www.ercot.com/misdownload/servlets/mirDownload?doclookupId=1278515419
    ercot:NP6-905-CD cdr.00012301.0000000000000000.20260924.150202346.SPPHLZNP6905_20260924_1500_csv.zip published 2026-09-24T20:02:02Z rows 5 https://www.ercot.com/misdownload/servlets/mirDownload?doclookupId=1278519465
    ercot:NP6-905-CD cdr.00012301.0000000000000000.20260924.151702350.SPPHLZNP6905_20260924_1515_csv.zip published 2026-09-24T20:17:01Z rows 5 https://www.ercot.com/misdownload/servlets/mirDownload?doclookupId=1278523529
    ercot:NP6-905-CD cdr.00012301.0000000000000000.20260924.153202456.SPPHLZNP6905_20260924_1530_csv.zip published 2026-09-24T20:32:02Z rows 5 https://www.ercot.com/misdownload/servlets/mirDownload?doclookupId=1278527186
    ercot:NP6-905-CD cdr.00012301.0000000000000000.20260924.154702387.SPPHLZNP6905_20260924_1545_csv.zip published 2026-09-24T20:47:01Z rows 5 https://www.ercot.com/misdownload/servlets/mirDownload?doclookupId=1278530953
    ercot:NP6-905-CD cdr.00012301.0000000000000000.20260924.160202304.SPPHLZNP6905_20260924_1600_csv.zip published 2026-09-24T21:02:01Z rows 5 https://www.ercot.com/misdownload/servlets/mirDownload?doclookupId=1278535149
    ercot:NP6-905-CD cdr.00012301.0000000000000000.20260924.161702240.SPPHLZNP6905_20260924_1615_csv.zip published 2026-09-24T21:17:01Z rows 5 https://www.ercot.com/misdownload/servlets/mirDownload?doclookupId=1278538852
    ercot:NP6-905-CD cdr.00012301.0000000000000000.20260924.163202557.SPPHLZNP6905_20260924_1630_csv.zip published 2026-09-24T21:32:01Z rows 5 https://www.ercot.com/misdownload/servlets/mirDownload?doclookupId=1278534922
    ercot:NP6-905-CD cdr.00012301.0000000000000000.20260924.164702248.SPPHLZNP6905_20260924_1645_csv.zip published 2026-09-24T21:47:01Z rows 5 https://www.ercot.com/misdownload/servlets/mirDownload?doclookupId=1278545997
    ercot:NP6-905-CD cdr.00012301.0000000000000000.20260924.170202263.SPPHLZNP6905_20260924_1700_csv.zip published 2026-09-24T22:02:01Z rows 5 https://www.ercot.com/misdownload/servlets/mirDownload?doclookupId=1278551472
    ercot:NP6-905-CD cdr.00012301.0000000000000000.20260924.171702225.SPPHLZNP6905_20260924_1715_csv.zip published 2026-09-24T22:17:01Z rows 5 https://www.ercot.com/misdownload/servlets/mirDownload?doclookupId=1278552989
    ercot:NP6-905-CD cdr.00012301.0000000000000000.20260924.173202235.SPPHLZNP6905_20260924_1730_csv.zip published 2026-09-24T22:32:01Z rows 5 https://www.ercot.com/misdownload/servlets/mirDownload?doclookupId=1278559277
    ercot:NP6-905-CD cdr.00012301.0000000000000000.20260924.174702279.SPPHLZNP6905_20260924_1745_csv.zip published 2026-09-24T22:47:01Z rows 5 https://www.ercot.com/misdownload/servlets/mirDownload?doclookupId=1278563004
    ercot:NP6-905-CD cdr.00012301.0000000000000000.20260924.180202673.SPPHLZNP6905_20260924_1800_csv.zip published 2026-09-24T23:02:01Z rows 5 https://www.ercot.com/misdownload/servlets/mirDownload?doclookupId=1278567146
    ercot:NP6-905-CD cdr.00012301.0000000000000000.20260924.181702232.SPPHLZNP6905_20260924_1815_csv.zip published 2026-09-24T23:17:01Z rows 5 https://www.ercot.com/misdownload/servlets/mirDownload?doclookupId=1278570708
    ercot:NP6-905-CD cdr.00012301.0000000000000000.20260924.183202430.SPPHLZNP6905_20260924_1830_csv.zip published 2026-09-24T23:32:01Z rows 5 https://www.ercot.com/misdownload/servlets/mirDownload?doclookupId=1278574726
    ercot:NP6-905-CD cdr.00012301.0000000000000000.20260924.184702254.SPPHLZNP6905_20260924_1845_csv.zip published 2026-09-24T23:47:01Z rows 5 https://www.ercot.com/misdownload/servlets/mirDownload?doclookupId=1278578250
    ercot:NP6-905-CD cdr.00012301.0000000000000000.20260924.190202441.SPPHLZNP6905_20260924_1900_csv.zip published 2026-09-25T00:02:01Z rows 5 https://www.ercot.com/misdownload/servlets/mirDownload?doclookupId=1278582419
    ercot:NP6-905-CD cdr.00012301.0000000000000000.20260924.191702210.SPPHLZNP6905_20260924_1915_csv.zip published 2026-09-25T00:17:01Z rows 5 https://www.ercot.com/misdownload/servlets/mirDownload?doclookupId=1278586999
    ercot:NP6-905-CD cdr.00012301.0000000000000000.20260924.193202297.SPPHLZNP6905_20260924_1930_csv.zip published 2026-09-25T00:32:02Z rows 5 https://www.ercot.com/misdownload/servlets/mirDownload?doclookupId=1278590711
    ercot:NP6-905-CD cdr.00012301.0000000000000000.20260924.194702340.SPPHLZNP6905_20260924_1945_csv.zip published 2026-09-25T00:47:01Z rows 5 https://www.ercot.com/misdownload/servlets/mirDownload?doclookupId=1278594614
    ercot:NP6-905-CD cdr.00012301.0000000000000000.20260924.200202228.SPPHLZNP6905_20260924_2000_csv.zip published 2026-09-25T01:02:01Z rows 5 https://www.ercot.com/misdownload/servlets/mirDownload?doclookupId=1278598876
    ercot:NP6-905-CD cdr.00012301.0000000000000000.20260924.201702252.SPPHLZNP6905_20260924_2015_csv.zip published 2026-09-25T01:17:01Z rows 5 https://www.ercot.com/misdownload/servlets/mirDownload?doclookupId=1278603183
    ercot:NP6-905-CD cdr.00012301.0000000000000000.20260924.203202564.SPPHLZNP6905_20260924_2030_csv.zip published 2026-09-25T01:32:01Z rows 5 https://www.ercot.com/misdownload/servlets/mirDownload?doclookupId=1278607280
    ercot:NP6-905-CD cdr.00012301.0000000000000000.20260924.204702199.SPPHLZNP6905_20260924_2045_csv.zip published 2026-09-25T01:47:01Z rows 5 https://www.ercot.com/misdownload/servlets/mirDownload?doclookupId=1278611173
    ercot:NP6-905-CD cdr.00012301.0000000000000000.20260924.210202346.SPPHLZNP6905_20260924_2100_csv.zip published 2026-09-25T02:02:01Z rows 5 https://www.ercot.com/misdownload/servlets/mirDownload?doclookupId=1278607575
    ercot:NP6-905-CD cdr.00012301.0000000000000000.20260924.211702213.SPPHLZNP6905_20260924_2115_csv.zip published 2026-09-25T02:17:01Z rows 5 https://www.ercot.com/misdownload/servlets/mirDownload?doclookupId=1278618919
    ercot:NP6-905-CD cdr.00012301.0000000000000000.20260924.213202371.SPPHLZNP6905_20260924_2130_csv.zip published 2026-09-25T02:32:01Z rows 5 https://www.ercot.com/misdownload/servlets/mirDownload?doclookupId=1278622564
    ercot:NP6-905-CD cdr.00012301.0000000000000000.20260924.214701992.SPPHLZNP6905_20260924_2145_csv.zip published 2026-09-25T02:47:01Z rows 5 https://www.ercot.com/misdownload/servlets/mirDownload?doclookupId=1278626369
    ercot:NP6-905-CD cdr.00012301.0000000000000000.20260924.220203349.SPPHLZNP6905_20260924_2200_csv.zip published 2026-09-25T03:02:03Z rows 5 https://www.ercot.com/misdownload/servlets/mirDownload?doclookupId=1278630267
    ercot:NP6-905-CD cdr.00012301.0000000000000000.20260924.221702207.SPPHLZNP6905_20260924_2215_csv.zip published 2026-09-25T03:17:02Z rows 5 https://www.ercot.com/misdownload/servlets/mirDownload?doclookupId=1278634329
    ercot:NP6-905-CD cdr.00012301.0000000000000000.20260924.223202308.SPPHLZNP6905_20260924_2230_csv.zip published 2026-09-25T03:32:02Z rows 5 https://www.ercot.com/misdownload/servlets/mirDownload?doclookupId=1278638915
    ercot:NP6-905-CD cdr.00012301.0000000000000000.20260924.224702261.SPPHLZNP6905_20260924_2245_csv.zip published 2026-09-25T03:47:01Z rows 5 https://www.ercot.com/misdownload/servlets/mirDownload?doclookupId=1278642717
    ercot:NP6-905-CD cdr.00012301.0000000000000000.20260924.230202337.SPPHLZNP6905_20260924_2300_csv.zip published 2026-09-25T04:02:02Z rows 5 https://www.ercot.com/misdownload/servlets/mirDownload?doclookupId=1278647016
    ercot:NP6-905-CD cdr.00012301.0000000000000000.20260924.231702287.SPPHLZNP6905_20260924_2315_csv.zip published 2026-09-25T04:17:01Z rows 5 https://www.ercot.com/misdownload/servlets/mirDownload?doclookupId=1278650752
    ercot:NP6-905-CD cdr.00012301.0000000000000000.20260924.233202025.SPPHLZNP6905_20260924_2330_csv.zip published 2026-09-25T04:32:01Z rows 5 https://www.ercot.com/misdownload/servlets/mirDownload?doclookupId=1278654165
    ercot:NP6-905-CD cdr.00012301.0000000000000000.20260924.234702241.SPPHLZNP6905_20260924_2345_csv.zip published 2026-09-25T04:47:02Z rows 5 https://www.ercot.com/misdownload/servlets/mirDownload?doclookupId=1278658211
    ercot:NP6-905-CD cdr.00012301.0000000000000000.20260925.000202398.SPPHLZNP6905_20260925_0000_csv.zip published 2026-09-25T05:02:02Z rows 5 https://www.ercot.com/misdownload/servlets/mirDownload?doclookupId=1278662263
    ercot:NP6-905-CD cdr.00012301.0000000000000000.20260925.001702437.SPPHLZNP6905_20260925_0015_csv.zip published 2026-09-25T05:17:01Z rows 5 https://www.ercot.com/misdownload/servlets/mirDownload?doclookupId=1278665981
    ercot:NP6-905-CD cdr.00012301.0000000000000000.20260925.003202358.SPPHLZNP6905_20260925_0030_csv.zip published 2026-09-25T05:32:01Z rows 5 https://www.ercot.com/misdownload/servlets/mirDownload?doclookupId=1278670267
    ercot:NP6-905-CD cdr.00012301.0000000000000000.20260925.004702140.SPPHLZNP6905_20260925_0045_csv.zip published 2026-09-25T05:47:01Z rows 5 https://www.ercot.com/misdownload/servlets/mirDownload?doclookupId=1278673901
    ercot:NP6-905-CD cdr.00012301.0000000000000000.20260925.010202404.SPPHLZNP6905_20260925_0100_csv.zip published 2026-09-25T06:02:02Z rows 5 https://www.ercot.com/misdownload/servlets/mirDownload?doclookupId=1278677804
    ercot:NP6-905-CD cdr.00012301.0000000000000000.20260925.011702431.SPPHLZNP6905_20260925_0115_csv.zip published 2026-09-25T06:17:02Z rows 5 https://www.ercot.com/misdownload/servlets/mirDownload?doclookupId=1278681928
    ercot:NP6-905-CD cdr.00012301.0000000000000000.20260925.013202509.SPPHLZNP6905_20260925_0130_csv.zip published 2026-09-25T06:32:02Z rows 5 https://www.ercot.com/misdownload/servlets/mirDownload?doclookupId=1278685428
    ercot:NP6-905-CD cdr.00012301.0000000000000000.20260925.014702319.SPPHLZNP6905_20260925_0145_csv.zip published 2026-09-25T06:47:01Z rows 5 https://www.ercot.com/misdownload/servlets/mirDownload?doclookupId=1278689227
    ercot:NP6-905-CD cdr.00012301.0000000000000000.20260925.020202283.SPPHLZNP6905_20260925_0200_csv.zip published 2026-09-25T07:02:02Z rows 5 https://www.ercot.com/misdownload/servlets/mirDownload?doclookupId=1278693053
    ercot:NP6-905-CD cdr.00012301.0000000000000000.20260925.021702303.SPPHLZNP6905_20260925_0215_csv.zip published 2026-09-25T07:17:02Z rows 5 https://www.ercot.com/misdownload/servlets/mirDownload?doclookupId=1278697183
    ercot:NP6-905-CD cdr.00012301.0000000000000000.20260925.023202354.SPPHLZNP6905_20260925_0230_csv.zip published 2026-09-25T07:32:02Z rows 5 https://www.ercot.com/misdownload/servlets/mirDownload?doclookupId=1278700812
    ercot:NP6-905-CD cdr.00012301.0000000000000000.20260925.024702141.SPPHLZNP6905_20260925_0245_csv.zip published 2026-09-25T07:47:02Z rows 5 https://www.ercot.com/misdownload/servlets/mirDownload?doclookupId=1278704413
    ercot:NP6-905-CD cdr.00012301.0000000000000000.20260925.030202216.SPPHLZNP6905_20260925_0300_csv.zip published 2026-09-25T08:02:02Z rows 5 https://www.ercot.com/misdownload/servlets/mirDownload?doclookupId=1278708230
    ercot:NP6-905-CD cdr.00012301.0000000000000000.20260925.031702329.SPPHLZNP6905_20260925_0315_csv.zip published 2026-09-25T08:17:02Z rows 5 https://www.ercot.com/misdownload/servlets/mirDownload?doclookupId=1278712339
    ercot:NP6-905-CD cdr.00012301.0000000000000000.20260925.033202184.SPPHLZNP6905_20260925_0330_csv.zip published 2026-09-25T08:32:02Z rows 5 https://www.ercot.com/misdownload/servlets/mirDownload?doclookupId=1278716147
    ercot:NP6-905-CD cdr.00012301.0000000000000000.20260925.034708149.SPPHLZNP6905_20260925_0345_csv.zip published 2026-09-25T08:47:07Z rows 5 https://www.ercot.com/misdownload/servlets/mirDownload?doclookupId=1278719727
    ercot:NP6-905-CD cdr.00012301.0000000000000000.20260925.040202475.SPPHLZNP6905_20260925_0400_csv.zip published 2026-09-25T09:02:02Z rows 5 https://www.ercot.com/misdownload/servlets/mirDownload?doclookupId=1278723688
    ercot:NP6-905-CD cdr.00012301.0000000000000000.20260925.041702227.SPPHLZNP6905_20260925_0415_csv.zip published 2026-09-25T09:17:01Z rows 5 https://www.ercot.com/misdownload/servlets/mirDownload?doclookupId=1278727523
    ercot:NP6-905-CD cdr.00012301.0000000000000000.20260925.043203269.SPPHLZNP6905_20260925_0430_csv.zip published 2026-09-25T09:32:03Z rows 5 https://www.ercot.com/misdownload/servlets/mirDownload?doclookupId=1278731399
    ercot:NP6-905-CD cdr.00012301.0000000000000000.20260925.044702473.SPPHLZNP6905_20260925_0445_csv.zip published 2026-09-25T09:47:01Z rows 5 https://www.ercot.com/misdownload/servlets/mirDownload?doclookupId=1278734934
    ercot:NP6-905-CD cdr.00012301.0000000000000000.20260925.050202248.SPPHLZNP6905_20260925_0500_csv.zip published 2026-09-25T10:02:01Z rows 5 https://www.ercot.com/misdownload/servlets/mirDownload?doclookupId=1278739020
    ercot:NP6-905-CD cdr.00012301.0000000000000000.20260925.051702283.SPPHLZNP6905_20260925_0515_csv.zip published 2026-09-25T10:17:01Z rows 5 https://www.ercot.com/misdownload/servlets/mirDownload?doclookupId=1278746392
    ercot:NP6-905-CD cdr.00012301.0000000000000000.20260925.053202201.SPPHLZNP6905_20260925_0530_csv.zip published 2026-09-25T10:32:01Z rows 5 https://www.ercot.com/misdownload/servlets/mirDownload?doclookupId=1278749720
    ercot:NP6-905-CD cdr.00012301.0000000000000000.20260925.054702285.SPPHLZNP6905_20260925_0545_csv.zip published 2026-09-25T10:47:01Z rows 5 https://www.ercot.com/misdownload/servlets/mirDownload?doclookupId=1278753893
    ercot:NP6-905-CD cdr.00012301.0000000000000000.20260925.060202276.SPPHLZNP6905_20260925_0600_csv.zip published 2026-09-25T11:02:01Z rows 5 https://www.ercot.com/misdownload/servlets/mirDownload?doclookupId=1278758828
    ercot:NP6-905-CD cdr.00012301.0000000000000000.20260925.061702233.SPPHLZNP6905_20260925_0615_csv.zip published 2026-09-25T11:17:01Z rows 5 https://www.ercot.com/misdownload/servlets/mirDownload?doclookupId=1278765636
    ercot:NP6-905-CD cdr.00012301.0000000000000000.20260925.063202577.SPPHLZNP6905_20260925_0630_csv.zip published 2026-09-25T11:32:01Z rows 5 https://www.ercot.com/misdownload/servlets/mirDownload?doclookupId=1278770102
    ercot:NP6-905-CD cdr.00012301.0000000000000000.20260925.064702279.SPPHLZNP6905_20260925_0645_csv.zip published 2026-09-25T11:47:01Z rows 5 https://www.ercot.com/misdownload/servlets/mirDownload?doclookupId=1278773664
    ercot:NP6-905-CD cdr.00012301.0000000000000000.20260925.070202303.SPPHLZNP6905_20260925_0700_csv.zip published 2026-09-25T12:02:01Z rows 5 https://www.ercot.com/misdownload/servlets/mirDownload?doclookupId=1278777806
    ercot:NP6-905-CD cdr.00012301.0000000000000000.20260925.071702031.SPPHLZNP6905_20260925_0715_csv.zip published 2026-09-25T12:17:01Z rows 5 https://www.ercot.com/misdownload/servlets/mirDownload?doclookupId=1278781629
    ercot:NP6-905-CD cdr.00012301.0000000000000000.20260925.073202232.SPPHLZNP6905_20260925_0730_csv.zip published 2026-09-25T12:32:01Z rows 5 https://www.ercot.com/misdownload/servlets/mirDownload?doclookupId=1278785506
    ercot:NP6-905-CD cdr.00012301.0000000000000000.20260925.074702216.SPPHLZNP6905_20260925_0745_csv.zip published 2026-09-25T12:47:01Z rows 5 https://www.ercot.com/misdownload/servlets/mirDownload?doclookupId=1278789018
    ercot:NP6-905-CD cdr.00012301.0000000000000000.20260925.080202303.SPPHLZNP6905_20260925_0800_csv.zip published 2026-09-25T13:02:01Z rows 5 https://www.ercot.com/misdownload/servlets/mirDownload?doclookupId=1278793664
    ercot:NP6-905-CD cdr.00012301.0000000000000000.20260925.081702142.SPPHLZNP6905_20260925_0815_csv.zip published 2026-09-25T13:17:01Z rows 5 https://www.ercot.com/misdownload/servlets/mirDownload?doclookupId=1278798989
    ercot:NP6-905-CD cdr.00012301.0000000000000000.20260925.083202160.SPPHLZNP6905_20260925_0830_csv.zip published 2026-09-25T13:32:01Z rows 5 https://www.ercot.com/misdownload/servlets/mirDownload?doclookupId=1278803918
    ercot:NP6-905-CD cdr.00012301.0000000000000000.20260925.084702160.SPPHLZNP6905_20260925_0845_csv.zip published 2026-09-25T13:47:01Z rows 5 https://www.ercot.com/misdownload/servlets/mirDownload?doclookupId=1278809132
    ercot:NP6-905-CD cdr.00012301.0000000000000000.20260925.090202497.SPPHLZNP6905_20260925_0900_csv.zip published 2026-09-25T14:02:01Z rows 5 https://www.ercot.com/misdownload/servlets/mirDownload?doclookupId=1278814486
    ercot:NP6-905-CD cdr.00012301.0000000000000000.20260925.091702274.SPPHLZNP6905_20260925_0915_csv.zip published 2026-09-25T14:17:02Z rows 5 https://www.ercot.com/misdownload/servlets/mirDownload?doclookupId=1278819982
    ercot:NP6-905-CD cdr.00012301.0000000000000000.20260925.093202308.SPPHLZNP6905_20260925_0930_csv.zip published 2026-09-25T14:32:01Z rows 5 https://www.ercot.com/misdownload/servlets/mirDownload?doclookupId=1278825806
    ercot:NP6-905-CD cdr.00012301.0000000000000000.20260925.094702251.SPPHLZNP6905_20260925_0945_csv.zip published 2026-09-25T14:47:01Z rows 5 https://www.ercot.com/misdownload/servlets/mirDownload?doclookupId=1278833849
    ercot:NP6-905-CD cdr.00012301.0000000000000000.20260925.100202261.SPPHLZNP6905_20260925_1000_csv.zip published 2026-09-25T15:02:01Z rows 5 https://www.ercot.com/misdownload/servlets/mirDownload?doclookupId=1278838367
    ercot:NP6-905-CD cdr.00012301.0000000000000000.20260925.101702321.SPPHLZNP6905_20260925_1015_csv.zip published 2026-09-25T15:17:02Z rows 5 https://www.ercot.com/misdownload/servlets/mirDownload?doclookupId=1278843985
    ercot:NP6-905-CD cdr.00012301.0000000000000000.20260925.103202361.SPPHLZNP6905_20260925_1030_csv.zip published 2026-09-25T15:32:02Z rows 5 https://www.ercot.com/misdownload/servlets/mirDownload?doclookupId=1278848583
    ercot:NP6-905-CD cdr.00012301.0000000000000000.20260925.104702103.SPPHLZNP6905_20260925_1045_csv.zip published 2026-09-25T15:47:01Z rows 5 https://www.ercot.com/misdownload/servlets/mirDownload?doclookupId=1278850910
    ercot:NP6-905-CD cdr.00012301.0000000000000000.20260925.110202322.SPPHLZNP6905_20260925_1100_csv.zip published 2026-09-25T16:02:02Z rows 5 https://www.ercot.com/misdownload/servlets/mirDownload?doclookupId=1278855895
    ercot:NP6-905-CD cdr.00012301.0000000000000000.20260925.111702689.SPPHLZNP6905_20260925_1115_csv.zip published 2026-09-25T16:17:02Z rows 5 https://www.ercot.com/misdownload/servlets/mirDownload?doclookupId=1278859655
    ercot:NP6-905-CD cdr.00012301.0000000000000000.20260925.113206688.SPPHLZNP6905_20260925_1130_csv.zip published 2026-09-25T16:32:06Z rows 5 https://www.ercot.com/misdownload/servlets/mirDownload?doclookupId=1278863699
    ercot:NP6-905-CD cdr.00012301.0000000000000000.20260925.114702228.SPPHLZNP6905_20260925_1145_csv.zip published 2026-09-25T16:47:01Z rows 5 https://www.ercot.com/misdownload/servlets/mirDownload?doclookupId=1278868243
    ercot:NP6-905-CD cdr.00012301.0000000000000000.20260925.120202394.SPPHLZNP6905_20260925_1200_csv.zip published 2026-09-25T17:02:01Z rows 5 https://www.ercot.com/misdownload/servlets/mirDownload?doclookupId=1278865461
    ercot:NP6-905-CD cdr.00012301.0000000000000000.20260925.121702204.SPPHLZNP6905_20260925_1215_csv.zip published 2026-09-25T17:17:01Z rows 5 https://www.ercot.com/misdownload/servlets/mirDownload?doclookupId=1278875923
    ercot:NP6-905-CD cdr.00012301.0000000000000000.20260925.123202287.SPPHLZNP6905_20260925_1230_csv.zip published 2026-09-25T17:32:01Z rows 5 https://www.ercot.com/misdownload/servlets/mirDownload?doclookupId=1278879536
    ercot:NP6-905-CD cdr.00012301.0000000000000000.20260925.124702212.SPPHLZNP6905_20260925_1245_csv.zip published 2026-09-25T17:47:01Z rows 5 https://www.ercot.com/misdownload/servlets/mirDownload?doclookupId=1278884213
    ercot:NP6-905-CD cdr.00012301.0000000000000000.20260925.130202365.SPPHLZNP6905_20260925_1300_csv.zip published 2026-09-25T18:02:01Z rows 5 https://www.ercot.com/misdownload/servlets/mirDownload?doclookupId=1278888215
    ercot:NP6-905-CD cdr.00012301.0000000000000000.20260925.131702230.SPPHLZNP6905_20260925_1315_csv.zip published 2026-09-25T18:17:01Z rows 5 https://www.ercot.com/misdownload/servlets/mirDownload?doclookupId=1278892294
    ercot:NP6-905-CD cdr.00012301.0000000000000000.20260925.133202415.SPPHLZNP6905_20260925_1330_csv.zip published 2026-09-25T18:32:01Z rows 5 https://www.ercot.com/misdownload/servlets/mirDownload?doclookupId=1278894537
    ercot:NP6-905-CD cdr.00012301.0000000000000000.20260925.134702287.SPPHLZNP6905_20260925_1345_csv.zip published 2026-09-25T18:47:01Z rows 5 https://www.ercot.com/misdownload/servlets/mirDownload?doclookupId=1278900896
    ercot:NP6-905-CD cdr.00012301.0000000000000000.20260925.140202327.SPPHLZNP6905_20260925_1400_csv.zip published 2026-09-25T19:02:02Z rows 5 https://www.ercot.com/misdownload/servlets/mirDownload?doclookupId=1278905084
    ercot:NP6-905-CD cdr.00012301.0000000000000000.20260925.141702349.SPPHLZNP6905_20260925_1415_csv.zip published 2026-09-25T19:17:02Z rows 5 https://www.ercot.com/misdownload/servlets/mirDownload?doclookupId=1278910008
    ercot:NP6-905-CD cdr.00012301.0000000000000000.20260925.143202391.SPPHLZNP6905_20260925_1430_csv.zip published 2026-09-25T19:32:01Z rows 5 https://www.ercot.com/misdownload/servlets/mirDownload?doclookupId=1278917725
    ercot:NP6-905-CD cdr.00012301.0000000000000000.20260925.144702364.SPPHLZNP6905_20260925_1445_csv.zip published 2026-09-25T19:47:02Z rows 5 https://www.ercot.com/misdownload/servlets/mirDownload?doclookupId=1278921278
    ercot:NP6-905-CD cdr.00012301.0000000000000000.20260925.150202364.SPPHLZNP6905_20260925_1500_csv.zip published 2026-09-25T20:02:01Z rows 5 https://www.ercot.com/misdownload/servlets/mirDownload?doclookupId=1278923279
    ercot:NP6-905-CD cdr.00012301.0000000000000000.20260925.151702316.SPPHLZNP6905_20260925_1515_csv.zip published 2026-09-25T20:17:02Z rows 5 https://www.ercot.com/misdownload/servlets/mirDownload?doclookupId=1278929067
    ercot:NP6-905-CD cdr.00012301.0000000000000000.20260925.153202339.SPPHLZNP6905_20260925_1530_csv.zip published 2026-09-25T20:32:01Z rows 5 https://www.ercot.com/misdownload/servlets/mirDownload?doclookupId=1278932709
    ercot:NP6-905-CD cdr.00012301.0000000000000000.20260925.154702134.SPPHLZNP6905_20260925_1545_csv.zip published 2026-09-25T20:47:01Z rows 5 https://www.ercot.com/misdownload/servlets/mirDownload?doclookupId=1278936230
    ercot:NP6-905-CD cdr.00012301.0000000000000000.20260925.160202375.SPPHLZNP6905_20260925_1600_csv.zip published 2026-09-25T21:02:01Z rows 5 https://www.ercot.com/misdownload/servlets/mirDownload?doclookupId=1278940757
    ercot:NP6-905-CD cdr.00012301.0000000000000000.20260925.161702568.SPPHLZNP6905_20260925_1615_csv.zip published 2026-09-25T21:17:02Z rows 5 https://www.ercot.com/misdownload/servlets/mirDownload?doclookupId=1278944391
    ercot:NP6-905-CD cdr.00012301.0000000000000000.20260925.163202291.SPPHLZNP6905_20260925_1630_csv.zip published 2026-09-25T21:32:01Z rows 5 https://www.ercot.com/misdownload/servlets/mirDownload?doclookupId=1278948188
    ercot:NP6-905-CD cdr.00012301.0000000000000000.20260925.164702345.SPPHLZNP6905_20260925_1645_csv.zip published 2026-09-25T21:47:01Z rows 5 https://www.ercot.com/misdownload/servlets/mirDownload?doclookupId=1278951890
    ercot:NP6-905-CD cdr.00012301.0000000000000000.20260925.170202466.SPPHLZNP6905_20260925_1700_csv.zip published 2026-09-25T22:02:01Z rows 5 https://www.ercot.com/misdownload/servlets/mirDownload?doclookupId=1278956021
    ercot:NP6-905-CD cdr.00012301.0000000000000000.20260925.171702392.SPPHLZNP6905_20260925_1715_csv.zip published 2026-09-25T22:17:01Z rows 5 https://www.ercot.com/misdownload/servlets/mirDownload?doclookupId=1278959667
    ercot:NP6-905-CD cdr.00012301.0000000000000000.20260925.173202204.SPPHLZNP6905_20260925_1730_csv.zip published 2026-09-25T22:32:01Z rows 5 https://www.ercot.com/misdownload/servlets/mirDownload?doclookupId=1278963551
    ercot:NP6-905-CD cdr.00012301.0000000000000000.20260925.174702321.SPPHLZNP6905_20260925_1745_csv.zip published 2026-09-25T22:47:01Z rows 5 https://www.ercot.com/misdownload/servlets/mirDownload?doclookupId=1278968184
    ercot:NP6-905-CD cdr.00012301.0000000000000000.20260925.180202286.SPPHLZNP6905_20260925_1800_csv.zip published 2026-09-25T23:02:01Z rows 5 https://www.ercot.com/misdownload/servlets/mirDownload?doclookupId=1278972265
    ercot:NP6-905-CD cdr.00012301.0000000000000000.20260925.181702254.SPPHLZNP6905_20260925_1815_csv.zip published 2026-09-25T23:17:02Z rows 5 https://www.ercot.com/misdownload/servlets/mirDownload?doclookupId=1278975945
    ercot:NP6-905-CD cdr.00012301.0000000000000000.20260925.183202570.SPPHLZNP6905_20260925_1830_csv.zip published 2026-09-25T23:32:02Z rows 5 https://www.ercot.com/misdownload/servlets/mirDownload?doclookupId=1278979759
    ercot:NP6-905-CD cdr.00012301.0000000000000000.20260925.184702236.SPPHLZNP6905_20260925_1845_csv.zip published 2026-09-25T23:47:01Z rows 5 https://www.ercot.com/misdownload/servlets/mirDownload?doclookupId=1278983594
    ercot:NP6-905-CD cdr.00012301.0000000000000000.20260925.190202358.SPPHLZNP6905_20260925_1900_csv.zip published 2026-09-26T00:02:01Z rows 5 https://www.ercot.com/misdownload/servlets/mirDownload?doclookupId=1278987571
    ercot:NP6-905-CD cdr.00012301.0000000000000000.20260925.191702296.SPPHLZNP6905_20260925_1915_csv.zip published 2026-09-26T00:17:01Z rows 5 https://www.ercot.com/misdownload/servlets/mirDownload?doclookupId=1278992113
    ercot:NP6-905-CD cdr.00012301.0000000000000000.20260925.193202308.SPPHLZNP6905_20260925_1930_csv.zip published 2026-09-26T00:32:01Z rows 5 https://www.ercot.com/misdownload/servlets/mirDownload?doclookupId=1278996004
    ercot:NP6-905-CD cdr.00012301.0000000000000000.20260925.194702222.SPPHLZNP6905_20260925_1945_csv.zip published 2026-09-26T00:47:01Z rows 5 https://www.ercot.com/misdownload/servlets/mirDownload?doclookupId=1278999645
    ercot:NP6-905-CD cdr.00012301.0000000000000000.20260925.200202056.SPPHLZNP6905_20260925_2000_csv.zip published 2026-09-26T01:02:01Z rows 5 https://www.ercot.com/misdownload/servlets/mirDownload?doclookupId=1279001896
    ercot:NP6-905-CD cdr.00012301.0000000000000000.20260925.201702326.SPPHLZNP6905_20260925_2015_csv.zip published 2026-09-26T01:17:01Z rows 5 https://www.ercot.com/misdownload/servlets/mirDownload?doclookupId=1279007535
    ercot:NP6-905-CD cdr.00012301.0000000000000000.20260925.203202212.SPPHLZNP6905_20260925_2030_csv.zip published 2026-09-26T01:32:01Z rows 5 https://www.ercot.com/misdownload/servlets/mirDownload?doclookupId=1279011257
    ercot:NP6-905-CD cdr.00012301.0000000000000000.20260925.204702245.SPPHLZNP6905_20260925_2045_csv.zip published 2026-09-26T01:47:01Z rows 5 https://www.ercot.com/misdownload/servlets/mirDownload?doclookupId=1279015039
    ercot:NP6-905-CD cdr.00012301.0000000000000000.20260925.210202503.SPPHLZNP6905_20260925_2100_csv.zip published 2026-09-26T02:02:01Z rows 5 https://www.ercot.com/misdownload/servlets/mirDownload?doclookupId=1279018931
    ercot:NP6-905-CD cdr.00012301.0000000000000000.20260925.211702334.SPPHLZNP6905_20260925_2115_csv.zip published 2026-09-26T02:17:02Z rows 5 https://www.ercot.com/misdownload/servlets/mirDownload?doclookupId=1279022601
    ercot:NP6-905-CD cdr.00012301.0000000000000000.20260925.213202340.SPPHLZNP6905_20260925_2130_csv.zip published 2026-09-26T02:32:01Z rows 5 https://www.ercot.com/misdownload/servlets/mirDownload?doclookupId=1279026469
    ercot:NP6-905-CD cdr.00012301.0000000000000000.20260925.214702211.SPPHLZNP6905_20260925_2145_csv.zip published 2026-09-26T02:47:01Z rows 5 https://www.ercot.com/misdownload/servlets/mirDownload?doclookupId=1279022906
    ercot:NP6-905-CD cdr.00012301.0000000000000000.20260925.220207106.SPPHLZNP6905_20260925_2200_csv.zip published 2026-09-26T03:02:06Z rows 5 https://www.ercot.com/misdownload/servlets/mirDownload?doclookupId=1279034085
    ercot:NP6-905-CD cdr.00012301.0000000000000000.20260925.221702384.SPPHLZNP6905_20260925_2215_csv.zip published 2026-09-26T03:17:01Z rows 5 https://www.ercot.com/misdownload/servlets/mirDownload?doclookupId=1279037867
    ercot:NP6-905-CD cdr.00012301.0000000000000000.20260925.223202282.SPPHLZNP6905_20260925_2230_csv.zip published 2026-09-26T03:32:02Z rows 5 https://www.ercot.com/misdownload/servlets/mirDownload?doclookupId=1279042610
    ercot:NP6-905-CD cdr.00012301.0000000000000000.20260925.224702255.SPPHLZNP6905_20260925_2245_csv.zip published 2026-09-26T03:47:01Z rows 5 https://www.ercot.com/misdownload/servlets/mirDownload?doclookupId=1279046404
    ercot:NP6-905-CD cdr.00012301.0000000000000000.20260925.230202310.SPPHLZNP6905_20260925_2300_csv.zip published 2026-09-26T04:02:02Z rows 5 https://www.ercot.com/misdownload/servlets/mirDownload?doclookupId=1279050433
    ercot:NP6-905-CD cdr.00012301.0000000000000000.20260925.231702346.SPPHLZNP6905_20260925_2315_csv.zip published 2026-09-26T04:17:02Z rows 5 https://www.ercot.com/misdownload/servlets/mirDownload?doclookupId=1279054111
    ercot:NP6-905-CD cdr.00012301.0000000000000000.20260925.233202218.SPPHLZNP6905_20260925_2330_csv.zip published 2026-09-26T04:32:02Z rows 5 https://www.ercot.com/misdownload/servlets/mirDownload?doclookupId=1279057992
    ercot:NP6-905-CD cdr.00012301.0000000000000000.20260925.234702315.SPPHLZNP6905_20260925_2345_csv.zip published 2026-09-26T04:47:02Z rows 5 https://www.ercot.com/misdownload/servlets/mirDownload?doclookupId=1279061602
    ercot:NP6-905-CD cdr.00012301.0000000000000000.20260926.000202231.SPPHLZNP6905_20260926_0000_csv.zip published 2026-09-26T05:02:01Z rows 5 https://www.ercot.com/misdownload/servlets/mirDownload?doclookupId=1279065407
  ercot_rtm_hub_prices.csv: rows=14880 (this run 1440: 480 new, 960 replaced, 13440 kept) range=2026-08-26T05:00:00Z..2026-09-26T04:45:00Z nodes=HB_BUSAVG,HB_HOUSTON,HB_NORTH,HB_SOUTH,HB_WEST min=-72.18 max=795.33 USD/MWh
done, failures=0
