ERW ercot history run 20260926T000958Z: years 2015 on; live tables start rtm 2026-08-26 05:00:00+00:00, dam 2026-08-26 05:00:00+00:00
ercot_rtm_hub_prices_2015: rpt.00013061.0000000000000000.20160101.082141964.RTMLZHBSPP_2015.zip, published 2016-01-01T14:21:39Z, 210240 hub rows in [2015-01-01T06:00:00Z, 2016-01-01T06:00:00Z)
  complete: 6 nodes x 35040 intervals
  intervals per hub: {'HB_BUSAVG': 35040, 'HB_HOUSTON': 35040, 'HB_HUBAVG': 35040, 'HB_NORTH': 35040, 'HB_SOUTH': 35040, 'HB_WEST': 35040}
  ercot_rtm_hub_prices_2015.csv: rows=210240 (this run 210240: 210240 new, 0 replaced, 0 kept) range=2015-01-01T06:00:00Z..2016-01-01T05:45:00Z nodes=HB_BUSAVG,HB_HOUSTON,HB_HUBAVG,HB_NORTH,HB_SOUTH,HB_WEST min=-67.73 max=3118.00 USD/MWh
ercot_dam_hub_prices_2015: rpt.00013060.0000000000000000.20160101.080309215.DAMLZHBSPP_2015.zip, published 2016-01-01T14:03:08Z, 52560 hub rows in [2015-01-01T06:00:00Z, 2016-01-01T06:00:00Z)
  complete: 6 nodes x 8760 intervals
  intervals per hub: {'HB_BUSAVG': 8760, 'HB_HOUSTON': 8760, 'HB_HUBAVG': 8760, 'HB_NORTH': 8760, 'HB_SOUTH': 8760, 'HB_WEST': 8760}
  ercot_dam_hub_prices_2015.csv: rows=52560 (this run 52560: 52560 new, 0 replaced, 0 kept) range=2015-01-01T06:00:00Z..2016-01-01T05:00:00Z nodes=HB_BUSAVG,HB_HOUSTON,HB_HUBAVG,HB_NORTH,HB_SOUTH,HB_WEST min=-2.55 max=2242.02 USD/MWh
ercot_rtm_hub_prices_2016: rpt.00013061.0000000000000000.20170101.083302375.RTMLZHBSPP_2016.zip, published 2017-01-01T14:33:00Z, 210816 hub rows in [2016-01-01T06:00:00Z, 2017-01-01T06:00:00Z)
  complete: 6 nodes x 35136 intervals
  intervals per hub: {'HB_BUSAVG': 35136, 'HB_HOUSTON': 35136, 'HB_HUBAVG': 35136, 'HB_NORTH': 35136, 'HB_SOUTH': 35136, 'HB_WEST': 35136}
  ercot_rtm_hub_prices_2016.csv: rows=210816 (this run 210816: 210816 new, 0 replaced, 0 kept) range=2016-01-01T06:00:00Z..2017-01-01T05:45:00Z nodes=HB_BUSAVG,HB_HOUSTON,HB_HUBAVG,HB_NORTH,HB_SOUTH,HB_WEST min=-251.00 max=2050.57 USD/MWh
ercot_dam_hub_prices_2016: rpt.00013060.0000000000000000.20170101.080337663.DAMLZHBSPP_2016.zip, published 2017-01-01T14:03:36Z, 52704 hub rows in [2016-01-01T06:00:00Z, 2017-01-01T06:00:00Z)
  complete: 6 nodes x 8784 intervals
  intervals per hub: {'HB_BUSAVG': 8784, 'HB_HOUSTON': 8784, 'HB_HUBAVG': 8784, 'HB_NORTH': 8784, 'HB_SOUTH': 8784, 'HB_WEST': 8784}
  ercot_dam_hub_prices_2016.csv: rows=52704 (this run 52704: 52704 new, 0 replaced, 0 kept) range=2016-01-01T06:00:00Z..2017-01-01T05:00:00Z nodes=HB_BUSAVG,HB_HOUSTON,HB_HUBAVG,HB_NORTH,HB_SOUTH,HB_WEST min=-27.74 max=284.79 USD/MWh
ercot_rtm_hub_prices_2017: rpt.00013061.0000000000000000.20180101.082427782.RTMLZHBSPP_2017.zip, published 2018-01-01T14:24:25Z, 210240 hub rows in [2017-01-01T06:00:00Z, 2018-01-01T06:00:00Z)
  complete: 6 nodes x 35040 intervals
  intervals per hub: {'HB_BUSAVG': 35040, 'HB_HOUSTON': 35040, 'HB_HUBAVG': 35040, 'HB_NORTH': 35040, 'HB_SOUTH': 35040, 'HB_WEST': 35040}
  ercot_rtm_hub_prices_2017.csv: rows=210240 (this run 210240: 210240 new, 0 replaced, 0 kept) range=2017-01-01T06:00:00Z..2018-01-01T05:45:00Z nodes=HB_BUSAVG,HB_HOUSTON,HB_HUBAVG,HB_NORTH,HB_SOUTH,HB_WEST min=-138.97 max=3159.68 USD/MWh
ercot_dam_hub_prices_2017: rpt.00013060.0000000000000000.20180101.080254200.DAMLZHBSPP_2017.zip, published 2018-01-01T14:02:53Z, 52560 hub rows in [2017-01-01T06:00:00Z, 2018-01-01T06:00:00Z)
  complete: 6 nodes x 8760 intervals
  intervals per hub: {'HB_BUSAVG': 8760, 'HB_HOUSTON': 8760, 'HB_HUBAVG': 8760, 'HB_NORTH': 8760, 'HB_SOUTH': 8760, 'HB_WEST': 8760}
  ercot_dam_hub_prices_2017.csv: rows=52560 (this run 52560: 52560 new, 0 replaced, 0 kept) range=2017-01-01T06:00:00Z..2018-01-01T05:00:00Z nodes=HB_BUSAVG,HB_HOUSTON,HB_HUBAVG,HB_NORTH,HB_SOUTH,HB_WEST min=-4.30 max=306.24 USD/MWh
ercot_rtm_hub_prices_2018: rpt.00013061.0000000000000000.20190101.082527062.RTMLZHBSPP_2018.zip, published 2019-01-01T14:25:24Z, 210240 hub rows in [2018-01-01T06:00:00Z, 2019-01-01T06:00:00Z)
  complete: 6 nodes x 35040 intervals
  intervals per hub: {'HB_BUSAVG': 35040, 'HB_HOUSTON': 35040, 'HB_HUBAVG': 35040, 'HB_NORTH': 35040, 'HB_SOUTH': 35040, 'HB_WEST': 35040}
  ercot_rtm_hub_prices_2018.csv: rows=210240 (this run 210240: 210240 new, 0 replaced, 0 kept) range=2018-01-01T06:00:00Z..2019-01-01T05:45:00Z nodes=HB_BUSAVG,HB_HOUSTON,HB_HUBAVG,HB_NORTH,HB_SOUTH,HB_WEST min=-242.88 max=5803.19 USD/MWh
ercot_dam_hub_prices_2018: rpt.00013060.0000000000000000.20190101.080239873.DAMLZHBSPP_2018.zip, published 2019-01-01T14:02:39Z, 52560 hub rows in [2018-01-01T06:00:00Z, 2019-01-01T06:00:00Z)
  complete: 6 nodes x 8760 intervals
  intervals per hub: {'HB_BUSAVG': 8760, 'HB_HOUSTON': 8760, 'HB_HUBAVG': 8760, 'HB_NORTH': 8760, 'HB_SOUTH': 8760, 'HB_WEST': 8760}
  ercot_dam_hub_prices_2018.csv: rows=52560 (this run 52560: 52560 new, 0 replaced, 0 kept) range=2018-01-01T06:00:00Z..2019-01-01T05:00:00Z nodes=HB_BUSAVG,HB_HOUSTON,HB_HUBAVG,HB_NORTH,HB_SOUTH,HB_WEST min=-5.98 max=2066.82 USD/MWh
ercot_rtm_hub_prices_2019: rpt.00013061.0000000000000000.20200101.082516926.RTMLZHBSPP_2019.zip, published 2020-01-01T14:25:15Z, 210240 hub rows in [2019-01-01T06:00:00Z, 2020-01-01T06:00:00Z)
  complete: 6 nodes x 35040 intervals
  intervals per hub: {'HB_BUSAVG': 35040, 'HB_HOUSTON': 35040, 'HB_HUBAVG': 35040, 'HB_NORTH': 35040, 'HB_SOUTH': 35040, 'HB_WEST': 35040}
  ercot_rtm_hub_prices_2019.csv: rows=210240 (this run 210240: 210240 new, 0 replaced, 0 kept) range=2019-01-01T06:00:00Z..2020-01-01T05:45:00Z nodes=HB_BUSAVG,HB_HOUSTON,HB_HUBAVG,HB_NORTH,HB_SOUTH,HB_WEST min=-176.88 max=9035.44 USD/MWh
ercot_dam_hub_prices_2019: rpt.00013060.0000000000000000.20200101.080319632.DAMLZHBSPP_2019.zip, published 2020-01-01T14:03:19Z, 52560 hub rows in [2019-01-01T06:00:00Z, 2020-01-01T06:00:00Z)
  complete: 6 nodes x 8760 intervals
  intervals per hub: {'HB_BUSAVG': 8760, 'HB_HOUSTON': 8760, 'HB_HUBAVG': 8760, 'HB_NORTH': 8760, 'HB_SOUTH': 8760, 'HB_WEST': 8760}
  ercot_dam_hub_prices_2019.csv: rows=52560 (this run 52560: 52560 new, 0 replaced, 0 kept) range=2019-01-01T06:00:00Z..2020-01-01T05:00:00Z nodes=HB_BUSAVG,HB_HOUSTON,HB_HUBAVG,HB_NORTH,HB_SOUTH,HB_WEST min=-1.42 max=5011.16 USD/MWh
ercot_rtm_hub_prices_2020: rpt.00013061.0000000000000000.20210101.084127415.RTMLZHBSPP_2020.zip, published 2021-01-01T14:41:25Z, 210816 hub rows in [2020-01-01T06:00:00Z, 2021-01-01T06:00:00Z)
  complete: 6 nodes x 35136 intervals
  intervals per hub: {'HB_BUSAVG': 35136, 'HB_HOUSTON': 35136, 'HB_HUBAVG': 35136, 'HB_NORTH': 35136, 'HB_SOUTH': 35136, 'HB_WEST': 35136}
  ercot_rtm_hub_prices_2020.csv: rows=210816 (this run 210816: 210816 new, 0 replaced, 0 kept) range=2020-01-01T06:00:00Z..2021-01-01T05:45:00Z nodes=HB_BUSAVG,HB_HOUSTON,HB_HUBAVG,HB_NORTH,HB_SOUTH,HB_WEST min=-143.01 max=2220.28 USD/MWh
ercot_dam_hub_prices_2020: rpt.00013060.0000000000000000.20210101.080809625.DAMLZHBSPP_2020.zip, published 2021-01-01T14:08:09Z, 52704 hub rows in [2020-01-01T06:00:00Z, 2021-01-01T06:00:00Z)
  complete: 6 nodes x 8784 intervals
  intervals per hub: {'HB_BUSAVG': 8784, 'HB_HOUSTON': 8784, 'HB_HUBAVG': 8784, 'HB_NORTH': 8784, 'HB_SOUTH': 8784, 'HB_WEST': 8784}
  ercot_dam_hub_prices_2020.csv: rows=52704 (this run 52704: 52704 new, 0 replaced, 0 kept) range=2020-01-01T06:00:00Z..2021-01-01T05:00:00Z nodes=HB_BUSAVG,HB_HOUSTON,HB_HUBAVG,HB_NORTH,HB_SOUTH,HB_WEST min=-7.20 max=2026.17 USD/MWh
ercot_rtm_hub_prices_2021: rpt.00013061.0000000000000000.20220101.083820464.RTMLZHBSPP_2021.zip, published 2022-01-01T14:38:17Z, 210240 hub rows in [2021-01-01T06:00:00Z, 2022-01-01T06:00:00Z)
  complete: 6 nodes x 35040 intervals
  intervals per hub: {'HB_BUSAVG': 35040, 'HB_HOUSTON': 35040, 'HB_HUBAVG': 35040, 'HB_NORTH': 35040, 'HB_SOUTH': 35040, 'HB_WEST': 35040}
  ercot_rtm_hub_prices_2021.csv: rows=210240 (this run 210240: 210240 new, 0 replaced, 0 kept) range=2021-01-01T06:00:00Z..2022-01-01T05:45:00Z nodes=HB_BUSAVG,HB_HOUSTON,HB_HUBAVG,HB_NORTH,HB_SOUTH,HB_WEST min=-146.03 max=9315.45 USD/MWh
ercot_dam_hub_prices_2021: rpt.00013060.0000000000000000.20220101.081333707.DAMLZHBSPP_2021.zip, published 2022-01-01T14:13:33Z, 52560 hub rows in [2021-01-01T06:00:00Z, 2022-01-01T06:00:00Z)
  complete: 6 nodes x 8760 intervals
  intervals per hub: {'HB_BUSAVG': 8760, 'HB_HOUSTON': 8760, 'HB_HUBAVG': 8760, 'HB_NORTH': 8760, 'HB_SOUTH': 8760, 'HB_WEST': 8760}
  ercot_dam_hub_prices_2021.csv: rows=52560 (this run 52560: 52560 new, 0 replaced, 0 kept) range=2021-01-01T06:00:00Z..2022-01-01T05:00:00Z nodes=HB_BUSAVG,HB_HOUSTON,HB_HUBAVG,HB_NORTH,HB_SOUTH,HB_WEST min=-13.41 max=9000.01 USD/MWh
ercot_rtm_hub_prices_2022: rpt.00013061.0000000000000000.20230101.083407763.RTMLZHBSPP_2022.zip, published 2023-01-01T14:34:04Z, 210240 hub rows in [2022-01-01T06:00:00Z, 2023-01-01T06:00:00Z)
  complete: 6 nodes x 35040 intervals
  intervals per hub: {'HB_BUSAVG': 35040, 'HB_HOUSTON': 35040, 'HB_HUBAVG': 35040, 'HB_NORTH': 35040, 'HB_SOUTH': 35040, 'HB_WEST': 35040}
  ercot_rtm_hub_prices_2022.csv: rows=210240 (this run 210240: 210240 new, 0 replaced, 0 kept) range=2022-01-01T06:00:00Z..2023-01-01T05:45:00Z nodes=HB_BUSAVG,HB_HOUSTON,HB_HUBAVG,HB_NORTH,HB_SOUTH,HB_WEST min=-251.00 max=5500.35 USD/MWh
ercot_dam_hub_prices_2022: rpt.00013060.0000000000000000.20230101.081114733.DAMLZHBSPP_2022.zip, published 2023-01-01T14:11:13Z, 52560 hub rows in [2022-01-01T06:00:00Z, 2023-01-01T06:00:00Z)
  complete: 6 nodes x 8760 intervals
  intervals per hub: {'HB_BUSAVG': 8760, 'HB_HOUSTON': 8760, 'HB_HUBAVG': 8760, 'HB_NORTH': 8760, 'HB_SOUTH': 8760, 'HB_WEST': 8760}
  ercot_dam_hub_prices_2022.csv: rows=52560 (this run 52560: 52560 new, 0 replaced, 0 kept) range=2022-01-01T06:00:00Z..2023-01-01T05:00:00Z nodes=HB_BUSAVG,HB_HOUSTON,HB_HUBAVG,HB_NORTH,HB_SOUTH,HB_WEST min=-9.23 max=2559.84 USD/MWh
ercot_rtm_hub_prices_2023: rpt.00013061.0000000000000000.20240101.081911295.RTMLZHBSPP_2023.zip, published 2024-01-01T14:19:08Z, 210240 hub rows in [2023-01-01T06:00:00Z, 2024-01-01T06:00:00Z)
  complete: 6 nodes x 35040 intervals
  intervals per hub: {'HB_BUSAVG': 35040, 'HB_HOUSTON': 35040, 'HB_HUBAVG': 35040, 'HB_NORTH': 35040, 'HB_SOUTH': 35040, 'HB_WEST': 35040}
  ercot_rtm_hub_prices_2023.csv: rows=210240 (this run 210240: 210240 new, 0 replaced, 0 kept) range=2023-01-01T06:00:00Z..2024-01-01T05:45:00Z nodes=HB_BUSAVG,HB_HOUSTON,HB_HUBAVG,HB_NORTH,HB_SOUTH,HB_WEST min=-244.14 max=5333.97 USD/MWh
ercot_dam_hub_prices_2023: rpt.00013060.0000000000000000.20240101.081011828.DAMLZHBSPP_2023.zip, published 2024-01-01T14:10:11Z, 52560 hub rows in [2023-01-01T06:00:00Z, 2024-01-01T06:00:00Z)
  complete: 6 nodes x 8760 intervals
  intervals per hub: {'HB_BUSAVG': 8760, 'HB_HOUSTON': 8760, 'HB_HUBAVG': 8760, 'HB_NORTH': 8760, 'HB_SOUTH': 8760, 'HB_WEST': 8760}
  ercot_dam_hub_prices_2023.csv: rows=52560 (this run 52560: 52560 new, 0 replaced, 0 kept) range=2023-01-01T06:00:00Z..2024-01-01T05:00:00Z nodes=HB_BUSAVG,HB_HOUSTON,HB_HUBAVG,HB_NORTH,HB_SOUTH,HB_WEST min=-9.62 max=4207.43 USD/MWh
ercot_rtm_hub_prices_2024: rpt.00013061.0000000000000000.20250101.081829672.RTMLZHBSPP_2024.zip, published 2025-01-01T14:18:28Z, 210816 hub rows in [2024-01-01T06:00:00Z, 2025-01-01T06:00:00Z)
  complete: 6 nodes x 35136 intervals
  intervals per hub: {'HB_BUSAVG': 35136, 'HB_HOUSTON': 35136, 'HB_HUBAVG': 35136, 'HB_NORTH': 35136, 'HB_SOUTH': 35136, 'HB_WEST': 35136}
  ercot_rtm_hub_prices_2024.csv: rows=210816 (this run 210816: 210816 new, 0 replaced, 0 kept) range=2024-01-01T06:00:00Z..2025-01-01T05:45:00Z nodes=HB_BUSAVG,HB_HOUSTON,HB_HUBAVG,HB_NORTH,HB_SOUTH,HB_WEST min=-70.24 max=4981.41 USD/MWh
ercot_dam_hub_prices_2024: rpt.00013060.0000000000000000.20250101.080733817.DAMLZHBSPP_2024.zip, published 2025-01-01T14:07:33Z, 52704 hub rows in [2024-01-01T06:00:00Z, 2025-01-01T06:00:00Z)
  complete: 6 nodes x 8784 intervals
  intervals per hub: {'HB_BUSAVG': 8784, 'HB_HOUSTON': 8784, 'HB_HUBAVG': 8784, 'HB_NORTH': 8784, 'HB_SOUTH': 8784, 'HB_WEST': 8784}
  ercot_dam_hub_prices_2024.csv: rows=52704 (this run 52704: 52704 new, 0 replaced, 0 kept) range=2024-01-01T06:00:00Z..2025-01-01T05:00:00Z nodes=HB_BUSAVG,HB_HOUSTON,HB_HUBAVG,HB_NORTH,HB_SOUTH,HB_WEST min=-13.30 max=2236.49 USD/MWh
ercot_rtm_hub_prices_2025: rpt.00013061.0000000000000000.20260101.132601474.RTMLZHBSPP_2025.zip, published 2026-01-01T19:25:58Z, 210240 hub rows in [2025-01-01T06:00:00Z, 2026-01-01T06:00:00Z)
  complete: 6 nodes x 35040 intervals
  intervals per hub: {'HB_BUSAVG': 35040, 'HB_HOUSTON': 35040, 'HB_HUBAVG': 35040, 'HB_NORTH': 35040, 'HB_SOUTH': 35040, 'HB_WEST': 35040}
  ercot_rtm_hub_prices_2025.csv: rows=210240 (this run 210240: 210240 new, 0 replaced, 0 kept) range=2025-01-01T06:00:00Z..2026-01-01T05:45:00Z nodes=HB_BUSAVG,HB_HOUSTON,HB_HUBAVG,HB_NORTH,HB_SOUTH,HB_WEST min=-188.54 max=3777.15 USD/MWh
ercot_dam_hub_prices_2025: rpt.00013060.0000000000000000.20260101.084409719.DAMLZHBSPP_2025.zip, published 2026-01-01T14:44:09Z, 52560 hub rows in [2025-01-01T06:00:00Z, 2026-01-01T06:00:00Z)
  complete: 6 nodes x 8760 intervals
  intervals per hub: {'HB_BUSAVG': 8760, 'HB_HOUSTON': 8760, 'HB_HUBAVG': 8760, 'HB_NORTH': 8760, 'HB_SOUTH': 8760, 'HB_WEST': 8760}
  ercot_dam_hub_prices_2025.csv: rows=52560 (this run 52560: 52560 new, 0 replaced, 0 kept) range=2025-01-01T06:00:00Z..2026-01-01T05:00:00Z nodes=HB_BUSAVG,HB_HOUSTON,HB_HUBAVG,HB_NORTH,HB_SOUTH,HB_WEST min=-13.21 max=913.72 USD/MWh
ercot_rtm_hub_prices_2026: rpt.00013061.0000000000000000.20260920.080732945.RTMLZHBSPP_2026.zip, published 2026-09-20T13:07:30Z, 136488 hub rows in [2026-01-01T06:00:00Z, 2026-08-26T05:00:00Z)
  complete: 6 nodes x 22748 intervals
  intervals per hub: {'HB_BUSAVG': 22748, 'HB_HOUSTON': 22748, 'HB_HUBAVG': 22748, 'HB_NORTH': 22748, 'HB_SOUTH': 22748, 'HB_WEST': 22748}
  ercot_rtm_hub_prices_2026.csv: rows=136488 (this run 136488: 136488 new, 0 replaced, 0 kept) range=2026-01-01T06:00:00Z..2026-08-26T04:45:00Z nodes=HB_BUSAVG,HB_HOUSTON,HB_HUBAVG,HB_NORTH,HB_SOUTH,HB_WEST min=-251.00 max=1596.92 USD/MWh
ercot_dam_hub_prices_2026: rpt.00013060.0000000000000000.20260920.080303414.DAMLZHBSPP_2026.zip, published 2026-09-20T13:03:03Z, 34122 hub rows in [2026-01-01T06:00:00Z, 2026-08-26T05:00:00Z)
  complete: 6 nodes x 5687 intervals
  intervals per hub: {'HB_BUSAVG': 5687, 'HB_HOUSTON': 5687, 'HB_HUBAVG': 5687, 'HB_NORTH': 5687, 'HB_SOUTH': 5687, 'HB_WEST': 5687}
  ercot_dam_hub_prices_2026.csv: rows=34122 (this run 34122: 34122 new, 0 replaced, 0 kept) range=2026-01-01T06:00:00Z..2026-08-26T04:00:00Z nodes=HB_BUSAVG,HB_HOUSTON,HB_HUBAVG,HB_NORTH,HB_SOUTH,HB_WEST min=-19.40 max=2000.17 USD/MWh
done, failures=0
