fred_daily_spot_prices:
fred_daily_spot_prices FAILED, no output file written:
Traceback (most recent call last):
  File "C:\Users\samen\Documents\erw\warehouse\connectors\fred_series.py", line 157, in main
    build(name, TABLES[name], run_id, log)
    ~~~~~^^^^^^^^^^^^^^^^^^^^^^^^^^^^^^^^^
  File "C:\Users\samen\Documents\erw\warehouse\connectors\fred_series.py", line 90, in build
    title, got_unit, rights = meta(sid, log)
                              ~~~~^^^^^^^^^^
  File "C:\Users\samen\Documents\erw\warehouse\connectors\fred_series.py", line 77, in meta
    raise RuntimeError(f"FRED {sid}: no Units line on the series page")
RuntimeError: FRED DCOILWTICO: no Units line on the series page

fred_imf_commodity_prices:
fred_imf_commodity_prices FAILED, no output file written:
Traceback (most recent call last):
  File "C:\Users\samen\Documents\erw\warehouse\connectors\fred_series.py", line 157, in main
    build(name, TABLES[name], run_id, log)
    ~~~~~^^^^^^^^^^^^^^^^^^^^^^^^^^^^^^^^^
  File "C:\Users\samen\Documents\erw\warehouse\connectors\fred_series.py", line 90, in build
    title, got_unit, rights = meta(sid, log)
                              ~~~~^^^^^^^^^^
  File "C:\Users\samen\Documents\erw\warehouse\connectors\fred_series.py", line 77, in meta
    raise RuntimeError(f"FRED {sid}: no Units line on the series page")
RuntimeError: FRED PNGASEUUSDM: no Units line on the series page

done, failures=2
