ERW isone_prices run 20260926T174127Z
gridstatus 0.36.0, pandas 2.3.3, python 3.12.14
window: 3 operating days, 2026-09-23 00:00:00-04:00 to 2026-09-26 00:00:00-04:00 (exclusive), UTC [2026-09-23T04:00:00Z, 2026-09-26T04:00:00Z)
raw files: warehouse/raw/isone/20260926T174127Z
DAM: ISO-NE DA hourly LMP via ISONE.get_lmp(DAY_AHEAD_HOURLY)
  DAM 2026-09-23: 216 rows from 1 data file(s) (2 responses)
    20260926T174128.089868Z_00001_gen-fuel-mix https://www.iso-ne.com/isoexpress/web/reports/operations/-/tree/gen-fuel-mix last-modified=
    20260926T174128.840864Z_00002_WW_DALMP_ISO_20260923.csv https://www.iso-ne.com/histRpts/da-lmp/WW_DALMP_ISO_20260923.csv last-modified=Tue, 22 Sep 2026 16:47:14 GMT
  DAM 2026-09-24: 216 rows from 1 data file(s) (2 responses)
    20260926T174129.773464Z_00003_gen-fuel-mix https://www.iso-ne.com/isoexpress/web/reports/operations/-/tree/gen-fuel-mix last-modified=
    20260926T174130.397237Z_00004_WW_DALMP_ISO_20260924.csv https://www.iso-ne.com/histRpts/da-lmp/WW_DALMP_ISO_20260924.csv last-modified=Wed, 23 Sep 2026 17:02:36 GMT
  DAM 2026-09-25: 216 rows from 1 data file(s) (2 responses)
    20260926T174131.207012Z_00005_gen-fuel-mix https://www.iso-ne.com/isoexpress/web/reports/operations/-/tree/gen-fuel-mix last-modified=
    20260926T174131.817588Z_00006_WW_DALMP_ISO_20260925.csv https://www.iso-ne.com/histRpts/da-lmp/WW_DALMP_ISO_20260925.csv last-modified=Thu, 24 Sep 2026 17:02:35 GMT
  DAM forward 2026-09-26: 216 rows from 1 data file(s) (2 responses)
    20260926T174132.660353Z_00007_gen-fuel-mix https://www.iso-ne.com/isoexpress/web/reports/operations/-/tree/gen-fuel-mix last-modified=
    20260926T174133.281010Z_00008_WW_DALMP_ISO_20260926.csv https://www.iso-ne.com/histRpts/da-lmp/WW_DALMP_ISO_20260926.csv last-modified=Fri, 25 Sep 2026 16:57:15 GMT
  DAM forward 2026-09-27: 216 rows from 1 data file(s) (2 responses)
    20260926T174133.992523Z_00009_gen-fuel-mix https://www.iso-ne.com/isoexpress/web/reports/operations/-/tree/gen-fuel-mix last-modified=
    20260926T174134.176671Z_00010_WW_DALMP_ISO_20260927.csv https://www.iso-ne.com/histRpts/da-lmp/WW_DALMP_ISO_20260927.csv last-modified=Sat, 26 Sep 2026 16:47:22 GMT
  forward DAM day 2026-09-26: complete, included (216 rows)
  forward DAM day 2026-09-27: complete, included (216 rows)
  interval length: all 648 rows are 60 minutes
  complete: 9 nodes x 72 intervals
  distinct source_url values: 5
  isone_dam_zone_prices.csv: rows=7128 (this run 1080: 216 new, 864 replaced, 6048 kept) range=2026-08-26T04:00:00Z..2026-09-28T03:00:00Z nodes=.H.INTERNAL_HUB,.Z.CONNECTICUT,.Z.MAINE,.Z.NEMASSBOST,.Z.NEWHAMPSHIRE,.Z.RHODEISLAND,.Z.SEMASS,.Z.VERMONT,.Z.WCMASS min=12.98 max=75.72 USD/MWh
RTM: ISO-NE RT 5-minute LMP via ISONE.get_lmp(REAL_TIME_5_MIN), aggregated to 15-minute means
  RTM 2026-09-23: 2592 rows from 7 data file(s) (8 responses)
    20260926T174135.089906Z_00011_lmp_5min_20260923_00-04.csv https://www.iso-ne.com/histRpts/5min-rt-prelim/lmp_5min_20260923_00-04.csv last-modified=Wed, 23 Sep 2026 08:00:15 GMT
    20260926T174135.666885Z_00012_lmp_5min_20260923_04-08.csv https://www.iso-ne.com/histRpts/5min-rt-prelim/lmp_5min_20260923_04-08.csv last-modified=Wed, 23 Sep 2026 12:00:16 GMT
    20260926T174136.031202Z_00013_lmp_5min_20260923_08-12.csv https://www.iso-ne.com/histRpts/5min-rt-prelim/lmp_5min_20260923_08-12.csv last-modified=Wed, 23 Sep 2026 16:00:08 GMT
    20260926T174136.504062Z_00014_lmp_5min_20260923_12-16.csv https://www.iso-ne.com/histRpts/5min-rt-prelim/lmp_5min_20260923_12-16.csv last-modified=Wed, 23 Sep 2026 20:00:19 GMT
    20260926T174136.909180Z_00015_lmp_5min_20260923_16-20.csv https://www.iso-ne.com/histRpts/5min-rt-prelim/lmp_5min_20260923_16-20.csv last-modified=Thu, 24 Sep 2026 00:00:19 GMT
    20260926T174137.300909Z_00016_lmp_5min_20260923_20-24.csv https://www.iso-ne.com/histRpts/5min-rt-prelim/lmp_5min_20260923_20-24.csv last-modified=Thu, 24 Sep 2026 04:00:09 GMT
    20260926T174138.452612Z_00017_gen-fuel-mix https://www.iso-ne.com/isoexpress/web/reports/operations/-/tree/gen-fuel-mix last-modified=
    20260926T174128.840864Z_00002_WW_DALMP_ISO_20260923.csv https://www.iso-ne.com/histRpts/da-lmp/WW_DALMP_ISO_20260923.csv last-modified=Tue, 22 Sep 2026 16:47:14 GMT
  RTM 2026-09-24: 2592 rows from 7 data file(s) (8 responses)
    20260926T174139.703232Z_00019_lmp_5min_20260924_00-04.csv https://www.iso-ne.com/histRpts/5min-rt-prelim/lmp_5min_20260924_00-04.csv last-modified=Thu, 24 Sep 2026 08:00:11 GMT
    20260926T174140.086762Z_00020_lmp_5min_20260924_04-08.csv https://www.iso-ne.com/histRpts/5min-rt-prelim/lmp_5min_20260924_04-08.csv last-modified=Thu, 24 Sep 2026 12:00:08 GMT
    20260926T174140.471640Z_00021_lmp_5min_20260924_08-12.csv https://www.iso-ne.com/histRpts/5min-rt-prelim/lmp_5min_20260924_08-12.csv last-modified=Thu, 24 Sep 2026 16:00:20 GMT
    20260926T174140.824823Z_00022_lmp_5min_20260924_12-16.csv https://www.iso-ne.com/histRpts/5min-rt-prelim/lmp_5min_20260924_12-16.csv last-modified=Thu, 24 Sep 2026 20:00:19 GMT
    20260926T174141.208251Z_00023_lmp_5min_20260924_16-20.csv https://www.iso-ne.com/histRpts/5min-rt-prelim/lmp_5min_20260924_16-20.csv last-modified=Fri, 25 Sep 2026 00:00:07 GMT
    20260926T174141.569270Z_00024_lmp_5min_20260924_20-24.csv https://www.iso-ne.com/histRpts/5min-rt-prelim/lmp_5min_20260924_20-24.csv last-modified=Fri, 25 Sep 2026 04:00:20 GMT
    20260926T174142.687159Z_00025_gen-fuel-mix https://www.iso-ne.com/isoexpress/web/reports/operations/-/tree/gen-fuel-mix last-modified=
    20260926T174130.397237Z_00004_WW_DALMP_ISO_20260924.csv https://www.iso-ne.com/histRpts/da-lmp/WW_DALMP_ISO_20260924.csv last-modified=Wed, 23 Sep 2026 17:02:36 GMT
  RTM 2026-09-25: 2574 rows from 7 data file(s) (8 responses)
    20260926T174143.933603Z_00027_lmp_5min_20260925_00-04.csv https://www.iso-ne.com/histRpts/5min-rt-prelim/lmp_5min_20260925_00-04.csv last-modified=Fri, 25 Sep 2026 08:00:11 GMT
    20260926T174144.295713Z_00028_lmp_5min_20260925_04-08.csv https://www.iso-ne.com/histRpts/5min-rt-prelim/lmp_5min_20260925_04-08.csv last-modified=Fri, 25 Sep 2026 12:00:13 GMT
    20260926T174144.666865Z_00029_lmp_5min_20260925_08-12.csv https://www.iso-ne.com/histRpts/5min-rt-prelim/lmp_5min_20260925_08-12.csv last-modified=Fri, 25 Sep 2026 16:00:15 GMT
    20260926T174145.012070Z_00030_lmp_5min_20260925_12-16.csv https://www.iso-ne.com/histRpts/5min-rt-prelim/lmp_5min_20260925_12-16.csv last-modified=Fri, 25 Sep 2026 20:00:21 GMT
    20260926T174145.396973Z_00031_lmp_5min_20260925_16-20.csv https://www.iso-ne.com/histRpts/5min-rt-prelim/lmp_5min_20260925_16-20.csv last-modified=Sat, 26 Sep 2026 00:00:12 GMT
    20260926T174145.778733Z_00032_lmp_5min_20260925_20-24.csv https://www.iso-ne.com/histRpts/5min-rt-prelim/lmp_5min_20260925_20-24.csv last-modified=Sat, 26 Sep 2026 04:00:10 GMT
    20260926T174146.828788Z_00033_gen-fuel-mix https://www.iso-ne.com/isoexpress/web/reports/operations/-/tree/gen-fuel-mix last-modified=
    20260926T174131.817588Z_00006_WW_DALMP_ISO_20260925.csv https://www.iso-ne.com/histRpts/da-lmp/WW_DALMP_ISO_20260925.csv last-modified=Thu, 24 Sep 2026 17:02:35 GMT
  interval length: all 7758 rows are 5 minutes
  15-minute buckets not fully covered: 9 (dropped; completeness check decides): [{'node': '.H.INTERNAL_HUB', 'q': Timestamp('2026-09-25 17:15:00+0000', tz='UTC'), 'n': 1, 'secs': 300.0}, {'node': '.Z.CONNECTICUT', 'q': Timestamp('2026-09-25 17:15:00+0000', tz='UTC'), 'n': 1, 'secs': 300.0}, {'node': '.Z.MAINE', 'q': Timestamp('2026-09-25 17:15:00+0000', tz='UTC'), 'n': 1, 'secs': 300.0}, {'node': '.Z.NEMASSBOST', 'q': Timestamp('2026-09-25 17:15:00+0000', tz='UTC'), 'n': 1, 'secs': 300.0}, {'node': '.Z.NEWHAMPSHIRE', 'q': Timestamp('2026-09-25 17:15:00+0000', tz='UTC'), 'n': 1, 'secs': 300.0}, {'node': '.Z.RHODEISLAND', 'q': Timestamp('2026-09-25 17:15:00+0000', tz='UTC'), 'n': 1, 'secs': 300.0}, {'node': '.Z.SEMASS', 'q': Timestamp('2026-09-25 17:15:00+0000', tz='UTC'), 'n': 1, 'secs': 300.0}, {'node': '.Z.VERMONT', 'q': Timestamp('2026-09-25 17:15:00+0000', tz='UTC'), 'n': 1, 'secs': 300.0}, {'node': '.Z.WCMASS', 'q': Timestamp('2026-09-25 17:15:00+0000', tz='UTC'), 'n': 1, 'secs': 300.0}]
  aggregated 7758 5-minute rows to 2583 15-minute means
  INCOMPLETE .H.INTERNAL_HUB: 287 rows, expected 288, missing 1 (first ['2026-09-25T17:15:00Z']), extra 0
  INCOMPLETE .Z.CONNECTICUT: 287 rows, expected 288, missing 1 (first ['2026-09-25T17:15:00Z']), extra 0
  INCOMPLETE .Z.MAINE: 287 rows, expected 288, missing 1 (first ['2026-09-25T17:15:00Z']), extra 0
  INCOMPLETE .Z.NEMASSBOST: 287 rows, expected 288, missing 1 (first ['2026-09-25T17:15:00Z']), extra 0
  INCOMPLETE .Z.NEWHAMPSHIRE: 287 rows, expected 288, missing 1 (first ['2026-09-25T17:15:00Z']), extra 0
  INCOMPLETE .Z.RHODEISLAND: 287 rows, expected 288, missing 1 (first ['2026-09-25T17:15:00Z']), extra 0
  INCOMPLETE .Z.SEMASS: 287 rows, expected 288, missing 1 (first ['2026-09-25T17:15:00Z']), extra 0
  INCOMPLETE .Z.VERMONT: 287 rows, expected 288, missing 1 (first ['2026-09-25T17:15:00Z']), extra 0
  INCOMPLETE .Z.WCMASS: 287 rows, expected 288, missing 1 (first ['2026-09-25T17:15:00Z']), extra 0
RTM FAILED, no output file written:
Traceback (most recent call last):
  File "/home/runner/work/erw/erw/warehouse/connectors/iso_prices.py", line 785, in run_iso
    run_market(ctx, spec)
  File "/home/runner/work/erw/erw/warehouse/connectors/iso_prices.py", line 768, in run_market
    check_complete(rows, nodes, start, end, spec["step"], log)
  File "/home/runner/work/erw/erw/warehouse/connectors/iso_prices.py", line 409, in check_complete
    raise RuntimeError("incomplete data, no file written: " + "; ".join(problems[:5])
RuntimeError: incomplete data, no file written: .H.INTERNAL_HUB: 287 rows, expected 288, missing 1 (first ['2026-09-25T17:15:00Z']), extra 0; .Z.CONNECTICUT: 287 rows, expected 288, missing 1 (first ['2026-09-25T17:15:00Z']), extra 0; .Z.MAINE: 287 rows, expected 288, missing 1 (first ['2026-09-25T17:15:00Z']), extra 0; .Z.NEMASSBOST: 287 rows, expected 288, missing 1 (first ['2026-09-25T17:15:00Z']), extra 0; .Z.NEWHAMPSHIRE: 287 rows, expected 288, missing 1 (first ['2026-09-25T17:15:00Z']), extra 0; and 4 more nodes

RTM_HOURLY: ISO-NE RT hourly final LMP (lmp_rt_final_<date>.csv), prelim where no final is posted
    retry 1/4 for RTM_HOURLY 2026-09-25: EmptyDataError('No columns to parse from file')
    retry 2/4 for RTM_HOURLY 2026-09-25: EmptyDataError('No columns to parse from file')
    retry 3/4 for RTM_HOURLY 2026-09-25: EmptyDataError('No columns to parse from file')
    retry 4/4 for RTM_HOURLY 2026-09-25: EmptyDataError('No columns to parse from file')
RTM_HOURLY FAILED, no output file written:
Traceback (most recent call last):
  File "/home/runner/work/erw/erw/warehouse/connectors/iso_prices.py", line 785, in run_iso
    run_market(ctx, spec)
  File "/home/runner/work/erw/erw/warehouse/connectors/iso_prices.py", line 745, in run_market
    rows, _ = pull_days(days, spec["fetch"], nodes, spec["source"], spec["page"], log,
              ^^^^^^^^^^^^^^^^^^^^^^^^^^^^^^^^^^^^^^^^^^^^^^^^^^^^^^^^^^^^^^^^^^^^^^^^
  File "/home/runner/work/erw/erw/warehouse/connectors/iso_prices.py", line 595, in pull_days
    results = list(pool.map(one, days))
              ^^^^^^^^^^^^^^^^^^^^^^^^^
  File "/opt/hostedtoolcache/Python/3.12.14/x64/lib/python3.12/concurrent/futures/_base.py", line 619, in result_iterator
    yield _result_or_cancel(fs.pop())
          ^^^^^^^^^^^^^^^^^^^^^^^^^^^
  File "/opt/hostedtoolcache/Python/3.12.14/x64/lib/python3.12/concurrent/futures/_base.py", line 317, in _result_or_cancel
    return fut.result(timeout)
           ^^^^^^^^^^^^^^^^^^^
  File "/opt/hostedtoolcache/Python/3.12.14/x64/lib/python3.12/concurrent/futures/_base.py", line 456, in result
    return self.__get_result()
           ^^^^^^^^^^^^^^^^^^^
  File "/opt/hostedtoolcache/Python/3.12.14/x64/lib/python3.12/concurrent/futures/_base.py", line 401, in __get_result
    raise self._exception
  File "/opt/hostedtoolcache/Python/3.12.14/x64/lib/python3.12/concurrent/futures/thread.py", line 59, in run
    result = self.fn(*self.args, **self.kwargs)
             ^^^^^^^^^^^^^^^^^^^^^^^^^^^^^^^^^^
  File "/home/runner/work/erw/erw/warehouse/connectors/iso_prices.py", line 586, in one
    df, recs = with_retries(f"{what} {day.date()}", call, log)
               ^^^^^^^^^^^^^^^^^^^^^^^^^^^^^^^^^^^^^^^^^^^^^^^
  File "/home/runner/work/erw/erw/warehouse/connectors/iso_prices.py", line 562, in with_retries
    raise RuntimeError(f"{what} failed after {attempts} attempts: {last!r}")
RuntimeError: RTM_HOURLY 2026-09-25 failed after 4 attempts: EmptyDataError('No columns to parse from file')

done, failures=2
