ERW miso_prices run 20260926T173127Z
gridstatus 0.36.0, pandas 2.3.3, python 3.12.14
window: 3 operating days, 2026-09-23 00:00:00-05:00 to 2026-09-26 00:00:00-05:00 (exclusive), UTC [2026-09-23T05:00:00Z, 2026-09-26T05:00:00Z)
raw files: warehouse/raw/miso/20260926T173127Z
DAM: MISO DA ex-post LMP via MISO.get_lmp(DAY_AHEAD_HOURLY)
  DAM 2026-09-23: 192 rows from 1 data file(s) (1 responses)
    20260926T173128.276328Z_00001_20260923_da_expost_lmp.csv https://docs.misoenergy.org/marketreports/20260923_da_expost_lmp.csv last-modified=Tue, 22 Sep 2026 18:19:43 GMT
  DAM 2026-09-24: 192 rows from 1 data file(s) (1 responses)
    20260926T173128.766367Z_00002_20260924_da_expost_lmp.csv https://docs.misoenergy.org/marketreports/20260924_da_expost_lmp.csv last-modified=Wed, 23 Sep 2026 18:19:44 GMT
  DAM 2026-09-25: 192 rows from 1 data file(s) (1 responses)
    20260926T173129.291743Z_00003_20260925_da_expost_lmp.csv https://docs.misoenergy.org/marketreports/20260925_da_expost_lmp.csv last-modified=Thu, 24 Sep 2026 18:19:42 GMT
  DAM forward 2026-09-26: 192 rows from 1 data file(s) (1 responses)
    20260926T173129.643174Z_00004_20260926_da_expost_lmp.csv https://docs.misoenergy.org/marketreports/20260926_da_expost_lmp.csv last-modified=Fri, 25 Sep 2026 18:19:38 GMT
  DAM forward 2026-09-27: not available (HTTPError: HTTP Error 404: The specified blob does not exist.), skipped
  forward DAM day 2026-09-26: complete, included (192 rows)
  interval length: all 576 rows are 60 minutes
  complete: 8 nodes x 72 intervals
  distinct source_url values: 4
  miso_dam_hub_prices.csv: rows=6144 (this run 768: 0 new, 768 replaced, 5376 kept) range=2026-08-26T05:00:00Z..2026-09-27T04:00:00Z nodes=ARKANSAS.HUB,ILLINOIS.HUB,INDIANA.HUB,LOUISIANA.HUB,MICHIGAN.HUB,MINN.HUB,MS.HUB,TEXAS.HUB min=6.83 max=719.54 USD/MWh
RTM: MISO RT ex-post hourly LMP via MISO.get_lmp(REAL_TIME_HOURLY_FINAL, else REAL_TIME_HOURLY_PRELIM)
  RTM 2026-09-23: 192 rows from 1 data file(s) (1 responses)
    20260926T173130.271792Z_00005_20260923_rt_lmp_final.csv https://docs.misoenergy.org/marketreports/20260923_rt_lmp_final.csv last-modified=Sat, 26 Sep 2026 11:19:42 GMT
  RTM 2026-09-24: 192 rows from 1 data file(s) (1 responses)
    20260926T173130.749108Z_00006_20260924_rt_lmp_prelim.csv https://docs.misoenergy.org/marketreports/20260924_rt_lmp_prelim.csv last-modified=Fri, 25 Sep 2026 11:19:41 GMT
  RTM 2026-09-25: 192 rows from 1 data file(s) (1 responses)
    20260926T173131.212270Z_00007_20260925_rt_lmp_prelim.csv https://docs.misoenergy.org/marketreports/20260925_rt_lmp_prelim.csv last-modified=Sat, 26 Sep 2026 11:19:41 GMT
  interval length: all 576 rows are 60 minutes
  complete: 8 nodes x 72 intervals
  distinct source_url values: 3
  miso_rtm_hub_prices.csv: rows=768 (this run 576: 192 new, 384 replaced, 192 kept) range=2026-09-22T05:00:00Z..2026-09-26T04:00:00Z nodes=ARKANSAS.HUB,ILLINOIS.HUB,INDIANA.HUB,LOUISIANA.HUB,MICHIGAN.HUB,MINN.HUB,MS.HUB,TEXAS.HUB min=12.91 max=228.81 USD/MWh
done, failures=0
