ERW news ingest 20260925T235834Z: 44 feeds, stories since 2026-09-23T23:58:34Z
  Utility Dive: 10 entries, 10 dated, 0 without a publish time (skipped)
  Canary Media: 100 entries, 100 dated, 0 without a publish time (skipped)
  Latitude Media: 10 entries, 10 dated, 0 without a publish time (skipped)
  Heatmap News: 30 entries, 30 dated, 0 without a publish time (skipped)
  POWER Magazine: 10 entries, 10 dated, 0 without a publish time (skipped)
  pv magazine USA: 10 entries, 10 dated, 0 without a publish time (skipped)
  Energy-Storage.news: 150 entries, 150 dated, 0 without a publish time (skipped)
  T&D World: 25 entries, 25 dated, 0 without a publish time (skipped)
  World Nuclear News: 48 entries, 48 dated, 0 without a publish time (skipped)
  ANS Nuclear Newswire: 50 entries, 50 dated, 0 without a publish time (skipped)
  Hydrogen Insight: 12 entries, 12 dated, 0 without a publish time (skipped)
  Electrek: 100 entries, 100 dated, 0 without a publish time (skipped)
  OilPrice.com: 15 entries, 15 dated, 0 without a publish time (skipped)
  Rigzone: 20 entries, 20 dated, 0 without a publish time (skipped)
  World Oil: 10 entries, 0 dated, 10 without a publish time (skipped)
  Hart Energy: 53 entries, 53 dated, 0 without a publish time (skipped)
  JPT (SPE): 9 entries, 9 dated, 0 without a publish time (skipped)
  Natural Gas Intelligence: 10 entries, 10 dated, 0 without a publish time (skipped)
  LNG Prime: 10 entries, 10 dated, 0 without a publish time (skipped)
  Data Center Dynamics: 20 entries, 20 dated, 0 without a publish time (skipped)
  Data Center Frontier: 25 entries, 25 dated, 0 without a publish time (skipped)
  Data Center Knowledge: 50 entries, 50 dated, 0 without a publish time (skipped)
  EIA Today in Energy: 19 entries, 19 dated, 0 without a publish time (skipped)
  EIA This Week in Petroleum: 4 entries, 0 dated, 4 without a publish time (skipped)
  FERC news: 19 entries, 19 dated, 0 without a publish time (skipped)
  NRC news: 164 entries, 164 dated, 0 without a publish time (skipped)
  DOE newsroom: 10 entries, 10 dated, 0 without a publish time (skipped)
  EPA news: 38 entries, 38 dated, 0 without a publish time (skipped)
  OPEC press releases: 5 entries, 5 dated, 0 without a publish time (skipped)
  IEA news: 37 entries, 37 dated, 0 without a publish time (skipped)
  ERCOT newsroom: 6 entries, 6 dated, 0 without a publish time (skipped)
  CAISO newsroom: 26 entries, 26 dated, 0 without a publish time (skipped)
  NYISO newsroom: 100 entries, 100 dated, 0 without a publish time (skipped)
  MISO newsroom: 16 entries, 16 dated, 0 without a publish time (skipped)
  SPP newsroom: 10 entries, 10 dated, 0 without a publish time (skipped)
  ISO-NE newsroom: 10 entries, 10 dated, 0 without a publish time (skipped)
  PJM newsroom: 10 entries, 10 dated, 0 without a publish time (skipped)
  Texas PUC news: 63 entries, 63 dated, 0 without a publish time (skipped)
  CPUC news: 24 entries, 24 dated, 0 without a publish time (skipped)
  CTVC: 15 entries, 15 dated, 0 without a publish time (skipped)
  Reuters energy (via Google News): 100 entries, 100 dated, 0 without a publish time (skipped)
  Bloomberg energy (via Google News): 100 entries, 100 dated, 0 without a publish time (skipped)
  WSJ energy (via Google News): 100 entries, 100 dated, 0 without a publish time (skipped)
  FT energy (via Google News): 100 entries, 100 dated, 0 without a publish time (skipped)
  fetched 1739 dated stories: 59 new, 565 already stored or same URL, 63 near-identical title, 1052 older than 2 days
  Google News links: 57 tried, 0 resolved to the outlet; outcomes {'no: Google served its own page, no redirect to the outlet': 57}
  news_stories.csv: rows=714 (this run 59: 59 new, 0 replaced, 655 kept) range=2026-09-23T21:16:42Z..2026-09-25T22:58:28Z
done: 59 new stories, 0 feeds failed
