ERW spp_prices run 20260925T234948Z
gridstatus 0.36.0, pandas 2.3.3, python 3.14.7
window: 3 operating days, 2026-09-22 00:00:00-05:00 to 2026-09-25 00:00:00-05:00 (exclusive), UTC [2026-09-22T05:00:00Z, 2026-09-25T05:00:00Z)
raw files: warehouse\raw\spp\20260925T234948Z
DAM: SPP DA-LMP-SL via SPP.get_lmp_day_ahead_hourly(Hub)
  DAM 2026-09-22: 48 rows from 1 data file(s) (1 responses)
    20260925T234955.136038Z_00002_da-lmp-by-settlement-location_path_2026_09_By_Day_DA-LMP-SL-202609220100.csv https://portal.spp.org/file-browser-api/download/da-lmp-by-settlement-location?path=/2026/09/By_Day/DA-LMP-SL-202609220100.csv last-modified=
  DAM 2026-09-23: 48 rows from 1 data file(s) (1 responses)
    20260925T234953.067452Z_00001_da-lmp-by-settlement-location_path_2026_09_By_Day_DA-LMP-SL-202609230100.csv https://portal.spp.org/file-browser-api/download/da-lmp-by-settlement-location?path=/2026/09/By_Day/DA-LMP-SL-202609230100.csv last-modified=
  DAM 2026-09-24: 48 rows from 1 data file(s) (1 responses)
    20260925T234956.413737Z_00003_da-lmp-by-settlement-location_path_2026_09_By_Day_DA-LMP-SL-202609240100.csv https://portal.spp.org/file-browser-api/download/da-lmp-by-settlement-location?path=/2026/09/By_Day/DA-LMP-SL-202609240100.csv last-modified=
  DAM forward 2026-09-25: 48 rows from 1 data file(s) (1 responses)
    20260925T235024.474958Z_00004_da-lmp-by-settlement-location_path_2026_09_By_Day_DA-LMP-SL-202609250100.csv https://portal.spp.org/file-browser-api/download/da-lmp-by-settlement-location?path=/2026/09/By_Day/DA-LMP-SL-202609250100.csv last-modified=
  DAM forward 2026-09-26: 48 rows from 1 data file(s) (1 responses)
    20260925T235028.959902Z_00005_da-lmp-by-settlement-location_path_2026_09_By_Day_DA-LMP-SL-202609260100.csv https://portal.spp.org/file-browser-api/download/da-lmp-by-settlement-location?path=/2026/09/By_Day/DA-LMP-SL-202609260100.csv last-modified=
  forward DAM day 2026-09-25: complete, included (48 rows)
  forward DAM day 2026-09-26: complete, included (48 rows)
  interval length: all 144 rows are 60 minutes
  complete: 2 nodes x 72 intervals
  distinct source_url values: 5
  spp_dam_hub_prices.csv: rows=1536 (this run 240: 0 new, 240 replaced, 1296 kept) range=2026-08-26T05:00:00Z..2026-09-27T04:00:00Z nodes=SPPNORTH_HUB,SPPSOUTH_HUB min=-7.83 max=228.31 USD/MWh
RTM: SPP RTBM-LMP-SL via SPP.get_lmp_real_time_5_min_by_location(Hub), aggregated to 15-minute means
    retry 1/4 for SPP RTBM interval 2026-09-22 14:05:00-05:00: NoDataFoundException('No data found for https://portal.spp.org/file-browser-api/download/rtbm-lmp-by-location?path=/2026/09/By_Interval/22/RTBM-LMP-SL-202609221410.csv')
    retry 2/4 for SPP RTBM interval 2026-09-22 14:05:00-05:00: NoDataFoundException('No data found for https://portal.spp.org/file-browser-api/download/rtbm-lmp-by-location?path=/2026/09/By_Interval/22/RTBM-LMP-SL-202609221410.csv')
    retry 3/4 for SPP RTBM interval 2026-09-22 14:05:00-05:00: NoDataFoundException('No data found for https://portal.spp.org/file-browser-api/download/rtbm-lmp-by-location?path=/2026/09/By_Interval/22/RTBM-LMP-SL-202609221410.csv')
    retry 1/4 for SPP RTBM interval 2026-09-23 16:20:00-05:00: NoDataFoundException('No data found for https://portal.spp.org/file-browser-api/download/rtbm-lmp-by-location?path=/2026/09/By_Interval/23/RTBM-LMP-SL-202609231625.csv')
    retry 4/4 for SPP RTBM interval 2026-09-22 14:05:00-05:00: NoDataFoundException('No data found for https://portal.spp.org/file-browser-api/download/rtbm-lmp-by-location?path=/2026/09/By_Interval/22/RTBM-LMP-SL-202609221410.csv')
    retry 2/4 for SPP RTBM interval 2026-09-23 16:20:00-05:00: NoDataFoundException('No data found for https://portal.spp.org/file-browser-api/download/rtbm-lmp-by-location?path=/2026/09/By_Interval/23/RTBM-LMP-SL-202609231625.csv')
    retry 3/4 for SPP RTBM interval 2026-09-23 16:20:00-05:00: NoDataFoundException('No data found for https://portal.spp.org/file-browser-api/download/rtbm-lmp-by-location?path=/2026/09/By_Interval/23/RTBM-LMP-SL-202609231625.csv')
    retry 4/4 for SPP RTBM interval 2026-09-23 16:20:00-05:00: NoDataFoundException('No data found for https://portal.spp.org/file-browser-api/download/rtbm-lmp-by-location?path=/2026/09/By_Interval/23/RTBM-LMP-SL-202609231625.csv')
RTM FAILED, no output file written:
Traceback (most recent call last):
  File "C:\Users\samen\Documents\erw\warehouse\connectors\iso_prices.py", line 1285, in rtm
    
    def pull_spp(ctx):
        """SPP 2 hubs: DA-LMP-SL (hourly) and RTBM-LMP-SL (5-minute).
  File "C:\Users\samen\Documents\erw\warehouse\connectors\iso_prices.py", line 587, in with_retries
    if fwd:
RuntimeError: SPP RTBM interval 2026-09-22 14:05:00-05:00 failed after 4 attempts: NoDataFoundException('No data found for https://portal.spp.org/file-browser-api/download/rtbm-lmp-by-location?path=/2026/09/By_Interval/22/RTBM-LMP-SL-202609221410.csv')

The above exception was the direct cause of the following exception:

Traceback (most recent call last):
  File "C:\Users\samen\Documents\erw\warehouse\connectors\iso_prices.py", line 810, in run_iso
    fwd_rows, fwd = forward_days(f, nodes, end, tz, spec["step"], log)
    ^^^^^^^^^^^^^^^^^^^^^
  File "C:\Users\samen\Documents\erw\warehouse\connectors\iso_prices.py", line 770, in run_market
    return agg[["node", "interval_start", "value", "source", "source_url", "retrieved_at", "vintage"]]
              ^^^^^^^^^^^^^^^^^^^^^^^^^^^^^^^^^^^^^^^^^^^^^^^^^^^^^^^^^^^^^^^^^^^^^^^^^^^^^^^^^^^^^^^^
    
    
    
    
  File "C:\Users\samen\Documents\erw\warehouse\connectors\iso_prices.py", line 620, in pull_days
    """Call fetch(day) per operating day, keep `nodes`, attach provenance.
                  ^^^^^^^^^^^^^^^^^^^^^^^^^
  File "C:\Users\samen\AppData\Local\Python\pythoncore-3.14-64\Lib\concurrent\futures\_base.py", line 645, in result_iterator
    yield _result_or_cancel(fs.pop())
          ~~~~~~~~~~~~~~~~~^^^^^^^^^^
  File "C:\Users\samen\AppData\Local\Python\pythoncore-3.14-64\Lib\concurrent\futures\_base.py", line 312, in _result_or_cancel
    return fut.result(timeout)
           ~~~~~~~~~~^^^^^^^^^
  File "C:\Users\samen\AppData\Local\Python\pythoncore-3.14-64\Lib\concurrent\futures\_base.py", line 454, in result
    return self.__get_result()
           ~~~~~~~~~~~~~~~~~^^
  File "C:\Users\samen\AppData\Local\Python\pythoncore-3.14-64\Lib\concurrent\futures\_base.py", line 396, in __get_result
    raise self._exception
  File "C:\Users\samen\AppData\Local\Python\pythoncore-3.14-64\Lib\concurrent\futures\thread.py", line 86, in run
    result = ctx.run(self.task)
  File "C:\Users\samen\AppData\Local\Python\pythoncore-3.14-64\Lib\concurrent\futures\thread.py", line 73, in run
    return fn(*args, **kwargs)
  File "C:\Users\samen\Documents\erw\warehouse\connectors\iso_prices.py", line 611, in one
    except Exception as exc:
                   ^^^^^^^^^
  File "C:\Users\samen\Documents\erw\warehouse\connectors\iso_prices.py", line 580, in with_retries
    def header(iso_label, title, run_id, iso, start, end, tz, sources, notes, fwd=()):
                       ^^^^
  File "C:\Users\samen\Documents\erw\warehouse\connectors\iso_prices.py", line 604, in call
    def with_retries(what, fn, log, attempts=RETRIES, wait=5):
                         ^^^^^^^^^^
  File "C:\Users\samen\Documents\erw\warehouse\connectors\iso_prices.py", line 1289, in rtm
    The SPP portal serves about 0.1 MB/s per connection and a daily RTBM file
                ^^^^^^^^^^^^^^^^^^^^^^^^^^^^^^^^^^^^^^^^^^^^^^^^^^^^^^^^^^^^^
    is about 50 MB, so days are fetched in parallel. A day whose daily file is
    ^^^^^^^^^^^^^^^^^^^^^^^^^^^^^^^^^^^^^^^^^^^^^^^^^^^^^^^^^^^^^^^^^^^^^^^
SourceGap: SPP has no daily RTBM file for 2026-09-22 and its interval file for 2026-09-22 14:05:00-05:00 is missing: SPP RTBM interval 2026-09-22 14:05:00-05:00 failed after 4 attempts: NoDataFoundException('No data found for https://portal.spp.org/file-browser-api/download/rtbm-lmp-by-location?path=/2026/09/By_Interval/22/RTBM-LMP-SL-202609221410.csv')

done, failures=1
